 commqamtxrxhdl_cgxe

 Timestamp is 56cd64ca (Wed Feb 24 13:37:38 2016)

 Preferred load address is 0000000180000000

 Start         Length     Name                   Class
 0001:00000000 00013a6eH .text                   CODE
 0001:00013a70 0000007bH .text$x                 CODE
 0002:00000000 00000328H .idata$5                DATA
 0002:00000328 00000008H .CRT$XCA                DATA
 0002:00000330 00000008H .CRT$XCZ                DATA
 0002:00000338 00000008H .CRT$XIA                DATA
 0002:00000340 00000008H .CRT$XIAA               DATA
 0002:00000348 00000008H .CRT$XIC                DATA
 0002:00000350 00000008H .CRT$XIZ                DATA
 0002:00000360 00000910H .rdata                  DATA
 0002:00000c70 00000008H .rtc$IAA                DATA
 0002:00000c78 00000008H .rtc$IZZ                DATA
 0002:00000c80 00000008H .rtc$TAA                DATA
 0002:00000c88 00000008H .rtc$TZZ                DATA
 0002:00000c90 000007dcH .xdata                  DATA
 0002:0000146c 0000008cH .idata$2                DATA
 0002:000014f8 00000014H .idata$3                DATA
 0002:00001510 00000328H .idata$4                DATA
 0002:00001838 0000078eH .idata$6                DATA
 0002:00001fd0 00000059H .edata                  DATA
 0003:00000000 000427e8H .data                   DATA
 0003:000427f0 000006f0H .bss                    DATA
 0004:00000000 000009e4H .pdata                  DATA

  Address         Publics by Value              Rva+Base               Lib:Object

 0000:00000000       ___safe_se_handler_count   0000000000000000     <absolute>
 0000:00000000       ___safe_se_handler_table   0000000000000000     <absolute>
 0000:00000000       __ImageBase                0000000180000000     <linker-defined>
 0001:00000000       cgxe_commqamtxrxhdl_method_dispatcher 0000000180001000 f   commqamtxrxhdl_cgxe.obj
 0001:00000110       method_dispatcher_J7aWBDqExLqAyGE5Qpg8zG 0000000180001110 f   m_J7aWBDqExLqAyGE5Qpg8zG.obj
 0001:00005ec0       cgxe_J7aWBDqExLqAyGE5Qpg8zG_BuildInfoUpdate 0000000180006ec0 f   m_J7aWBDqExLqAyGE5Qpg8zG.obj
 0001:00006020       method_dispatcher_wNselC31AbXio1ZnIoqGEG 0000000180007020 f   m_wNselC31AbXio1ZnIoqGEG.obj
 0001:0000c920       cgxe_wNselC31AbXio1ZnIoqGEG_BuildInfoUpdate 000000018000d920 f   m_wNselC31AbXio1ZnIoqGEG.obj
 0001:0000ca80       mexFunction                000000018000da80 f   commqamtxrxhdl_cgxe_registry.obj
 0001:0000dab0       _ssSetInputPortDirectFeedThroughFcn 000000018000eab0 f   commqamtxrxhdl_cgxe_registry.obj
 0001:0000dc10       _ssGetInputPortSignalPtrsFcn 000000018000ec10 f   commqamtxrxhdl_cgxe_registry.obj
 0001:0000de30       _ssGetInputPortSignalFcn   000000018000ee30 f   commqamtxrxhdl_cgxe_registry.obj
 0001:0000e050       _ssSetInputPortReusableFcn 000000018000f050 f   commqamtxrxhdl_cgxe_registry.obj
 0001:0000e130       _ssSetOutputPortReusableFcn 000000018000f130 f   commqamtxrxhdl_cgxe_registry.obj
 0001:0000e210       _ssSetSymbolicDimsSupport  000000018000f210 f   commqamtxrxhdl_cgxe_registry.obj
 0001:0000e280       _ssRegisterSymbolicDimsExpr 000000018000f280 f   commqamtxrxhdl_cgxe_registry.obj
 0001:0000e300       _ssRegisterSymbolicDims    000000018000f300 f   commqamtxrxhdl_cgxe_registry.obj
 0001:0000e3a0       _ssRegisterSymbolicDimsString 000000018000f3a0 f   commqamtxrxhdl_cgxe_registry.obj
 0001:0000e420       _ssRegisterSymbolicDimsIntValue 000000018000f420 f   commqamtxrxhdl_cgxe_registry.obj
 0001:0000e490       _ssRegisterSymbolicDimsPlus 000000018000f490 f   commqamtxrxhdl_cgxe_registry.obj
 0001:0000e510       _ssRegisterSymbolicDimsMinus 000000018000f510 f   commqamtxrxhdl_cgxe_registry.obj
 0001:0000e590       _ssRegisterSymbolicDimsMultiply 000000018000f590 f   commqamtxrxhdl_cgxe_registry.obj
 0001:0000e610       _ssRegisterSymbolicDimsDivide 000000018000f610 f   commqamtxrxhdl_cgxe_registry.obj
 0001:0000e690       _ssGetNumSymbolicDims      000000018000f690 f   commqamtxrxhdl_cgxe_registry.obj
 0001:0000e700       _ssGetSymbolicDim          000000018000f700 f   commqamtxrxhdl_cgxe_registry.obj
 0001:0000e780       _ssSetInputPortSymbolicDimsId 000000018000f780 f   commqamtxrxhdl_cgxe_registry.obj
 0001:0000e7f0       _ssGetCompInputPortSymbolicDimsId 000000018000f7f0 f   commqamtxrxhdl_cgxe_registry.obj
 0001:0000e860       _ssSetCompInputPortSymbolicDimsId 000000018000f860 f   commqamtxrxhdl_cgxe_registry.obj
 0001:0000e8d0       _ssSetOutputPortSymbolicDimsId 000000018000f8d0 f   commqamtxrxhdl_cgxe_registry.obj
 0001:0000e940       _ssGetCompOutputPortSymbolicDimsId 000000018000f940 f   commqamtxrxhdl_cgxe_registry.obj
 0001:0000e9b0       _ssSetCompOutputPortSymbolicDimsId 000000018000f9b0 f   commqamtxrxhdl_cgxe_registry.obj
 0001:0000ea20       _ssSetCompDWorkSymbolicDimsId 000000018000fa20 f   commqamtxrxhdl_cgxe_registry.obj
 0001:0000ea90       ssGetIsZeroCrossControlDisabled 000000018000fa90 f   commqamtxrxhdl_cgxe_registry.obj
 0001:0000eb00       ssSetIsInputPortUsedForContZcSignal 000000018000fb00 f   commqamtxrxhdl_cgxe_registry.obj
 0001:0000eb70       ssSetZcSignalIsZcElementDisc 000000018000fb70 f   commqamtxrxhdl_cgxe_registry.obj
 0001:0000ec20       ssSetZcSignalName          000000018000fc20 f   commqamtxrxhdl_cgxe_registry.obj
 0001:0000ec90       ssSetZcSignalWidth         000000018000fc90 f   commqamtxrxhdl_cgxe_registry.obj
 0001:0000ed00       ssSetZcSignalZcEventType   000000018000fd00 f   commqamtxrxhdl_cgxe_registry.obj
 0001:0000ed70       ssSetZcSignalType          000000018000fd70 f   commqamtxrxhdl_cgxe_registry.obj
 0001:0000ede0       ssSetZcSignalZcTol         000000018000fde0 f   commqamtxrxhdl_cgxe_registry.obj
 0001:0000ee50       ssSetZcSignalNeedsEventNotification 000000018000fe50 f   commqamtxrxhdl_cgxe_registry.obj
 0001:0000eec0       ssCreateAndAddZcSignalInfo 000000018000fec0 f   commqamtxrxhdl_cgxe_registry.obj
 0001:0000ef30       ssCloneAndAddZcSignalInfo  000000018000ff30 f   commqamtxrxhdl_cgxe_registry.obj
 0001:0000efa0       ssGetNumZcSignals          000000018000ffa0 f   commqamtxrxhdl_cgxe_registry.obj
 0001:0000f010       ssGetZcSignalVector        0000000180010010 f   commqamtxrxhdl_cgxe_registry.obj
 0001:0000f080       ssGetZcSignalName          0000000180010080 f   commqamtxrxhdl_cgxe_registry.obj
 0001:0000f0f0       ssGetZcSignalWidth         00000001800100f0 f   commqamtxrxhdl_cgxe_registry.obj
 0001:0000f160       ssGetZcSignalZcEventType   0000000180010160 f   commqamtxrxhdl_cgxe_registry.obj
 0001:0000f1d0       ssGetZcSignalZcEvents      00000001800101d0 f   commqamtxrxhdl_cgxe_registry.obj
 0001:0000f240       ssGetZcSignalType          0000000180010240 f   commqamtxrxhdl_cgxe_registry.obj
 0001:0000f2b0       ssGetZcSignalZcTol         00000001800102b0 f   commqamtxrxhdl_cgxe_registry.obj
 0001:0000f330       ssGetZcSignalNeedsEventNotification 0000000180010330 f   commqamtxrxhdl_cgxe_registry.obj
 0001:0000f3a0       ssGetZcSignalIsZcElementDisc 00000001800103a0 f   commqamtxrxhdl_cgxe_registry.obj
 0001:0000f440       ssGetIsInputPortElementContinuous 0000000180010440 f   commqamtxrxhdl_cgxe_registry.obj
 0001:0000f4e0       ssGetDTypeIdFromMxArray    00000001800104e0 f   commqamtxrxhdl_cgxe_registry.obj
 0001:0000f600       ssWriteRTWStr              0000000180010600 f   commqamtxrxhdl_cgxe_registry.obj
 0001:0000f660       ssWriteRTWNameValuePair    0000000180010660 f   commqamtxrxhdl_cgxe_registry.obj
 0001:0000fb60       ssWriteRTWParamSettings    0000000180010b60 f   commqamtxrxhdl_cgxe_registry.obj
 0001:00010250       ssWriteRTWParameters       0000000180011250 f   commqamtxrxhdl_cgxe_registry.obj
 0001:00010820       ssWriteRTWWorkVect         0000000180011820 f   commqamtxrxhdl_cgxe_registry.obj
 0001:00010d10       ssWriteRTWMxVectParam      0000000180011d10 f   commqamtxrxhdl_cgxe_registry.obj
 0001:00010d90       ssWriteRTWMx2dMatParam     0000000180011d90 f   commqamtxrxhdl_cgxe_registry.obj
 0001:00010e20       _ssSetInputPortMatrixDimensions 0000000180011e20 f   commqamtxrxhdl_cgxe_registry.obj
 0001:00010f20       _ssSetOutputPortMatrixDimensions 0000000180011f20 f   commqamtxrxhdl_cgxe_registry.obj
 0001:00011020       _ssSetInputPortVectorDimension 0000000180012020 f   commqamtxrxhdl_cgxe_registry.obj
 0001:000110d0       _ssSetOutputPortVectorDimension 00000001800120d0 f   commqamtxrxhdl_cgxe_registry.obj
 0001:00011180       ssIsRunTimeParamTunable    0000000180012180 f   commqamtxrxhdl_cgxe_registry.obj
 0001:000111f0       ssGetSFuncBlockHandle      00000001800121f0 f   commqamtxrxhdl_cgxe_registry.obj
 0001:00011260       _ssGetCurrentInputPortWidth 0000000180012260 f   commqamtxrxhdl_cgxe_registry.obj
 0001:00011380       _ssGetCurrentOutputPortWidth 0000000180012380 f   commqamtxrxhdl_cgxe_registry.obj
 0001:000114a0       _ssGetCallSystemNumFcnCallDestinations 00000001800124a0 f   commqamtxrxhdl_cgxe_registry.obj
 0001:00011510       ssGetParameterTuningCompliance 0000000180012510 f   commqamtxrxhdl_cgxe_registry.obj
 0001:00011580       ssWarning                  0000000180012580 f   commqamtxrxhdl_cgxe_registry.obj
 0001:00011670       _ssGetAbsTol               0000000180012670 f   commqamtxrxhdl_cgxe_registry.obj
 0001:000116e0       _ssSetStateAbsTol          00000001800126e0 f   commqamtxrxhdl_cgxe_registry.obj
 0001:00012d30       mxGetData                  0000000180013d30 f   libmx:libmx.dll
 0001:00012d36       mxGetPr                    0000000180013d36 f   libmx:libmx.dll
 0001:00012d3c       mxSetCell_700              0000000180013d3c f   libmx:libmx.dll
 0001:00012d42       mxGetLogicals              0000000180013d42 f   libmx:libmx.dll
 0001:00012d48       mxCreateCellMatrix_700     0000000180013d48 f   libmx:libmx.dll
 0001:00012d4e       mxCalloc                   0000000180013d4e f   libmx:libmx.dll
 0001:00012d54       mxGetM                     0000000180013d54 f   libmx:libmx.dll
 0001:00012d5a       mxGetClassID               0000000180013d5a f   libmx:libmx.dll
 0001:00012d60       mxIsNumeric                0000000180013d60 f   libmx:libmx.dll
 0001:00012d66       mxIsChar                   0000000180013d66 f   libmx:libmx.dll
 0001:00012d6c       mxIsComplex                0000000180013d6c f   libmx:libmx.dll
 0001:00012d72       mxGetN                     0000000180013d72 f   libmx:libmx.dll
 0001:00012d78       mxSetField_700             0000000180013d78 f   libmx:libmx.dll
 0001:00012d7e       mxCreateNumericMatrix_700  0000000180013d7e f   libmx:libmx.dll
 0001:00012d84       mxCreateDoubleMatrix_700   0000000180013d84 f   libmx:libmx.dll
 0001:00012d8a       mxGetString_700            0000000180013d8a f   libmx:libmx.dll
 0001:00012d90       mxCreateString             0000000180013d90 f   libmx:libmx.dll
 0001:00012d96       mxCreateStructMatrix_700   0000000180013d96 f   libmx:libmx.dll
 0001:00012d9c       mexErrMsgTxt               0000000180013d9c f   libmex:libmex.dll
 0001:00012da2       mexWarnMsgTxt              0000000180013da2 f   libmex:libmex.dll
 0001:00012da8       mexPrintf                  0000000180013da8 f   libmex:libmex.dll
 0001:00012dae       mexCallMATLABWithObject    0000000180013dae f   libmex:libmex.dll
 0001:00012db4       mexUnlock                  0000000180013db4 f   libmex:libmex.dll
 0001:00012dba       mexIsLocked                0000000180013dba f   libmex:libmex.dll
 0001:00012dc0       muDoubleScalarAbs          0000000180013dc0 f   libmwmathutil:libmwmathutil.dll
 0001:00012dc6       muDoubleScalarFloor        0000000180013dc6 f   libmwmathutil:libmwmathutil.dll
 0001:00012dcc       muDoubleScalarPower        0000000180013dcc f   libmwmathutil:libmwmathutil.dll
 0001:00012dd2       emlrtAlias                 0000000180013dd2 f   libemlrt:libemlrt.dll
 0001:00012dd8       emlrtAssign                0000000180013dd8 f   libemlrt:libemlrt.dll
 0001:00012dde       emlrtAssignP               0000000180013dde f   libemlrt:libemlrt.dll
 0001:00012de4       emlrtDynamicBoundsCheckR2012b 0000000180013de4 f   libemlrt:libemlrt.dll
 0001:00012dea       emlrtCreateString          0000000180013dea f   libemlrt:libemlrt.dll
 0001:00012df0       emlrtCreateStructMatrix    0000000180013df0 f   libemlrt:libemlrt.dll
 0001:00012df6       emlrtAddField              0000000180013df6 f   libemlrt:libemlrt.dll
 0001:00012dfc       emlrtGetFieldR2013a        0000000180013dfc f   libemlrt:libemlrt.dll
 0001:00012e02       emlrtCreateCellMatrix      0000000180013e02 f   libemlrt:libemlrt.dll
 0001:00012e08       emlrtSetCell               0000000180013e08 f   libemlrt:libemlrt.dll
 0001:00012e0e       emlrtGetCell               0000000180013e0e f   libemlrt:libemlrt.dll
 0001:00012e14       emlrtCreateNumericMatrix   0000000180013e14 f   libemlrt:libemlrt.dll
 0001:00012e1a       emlrtCreateNumericArray    0000000180013e1a f   libemlrt:libemlrt.dll
 0001:00012e20       emlrtCreateDoubleScalar    0000000180013e20 f   libemlrt:libemlrt.dll
 0001:00012e26       emlrtCreateLogicalArray    0000000180013e26 f   libemlrt:libemlrt.dll
 0001:00012e2c       emlrtCreateLogicalScalar   0000000180013e2c f   libemlrt:libemlrt.dll
 0001:00012e32       emlrtCreateCharArray       0000000180013e32 f   libemlrt:libemlrt.dll
 0001:00012e38       emlrtCreateFIR2013b        0000000180013e38 f   libemlrt:libemlrt.dll
 0001:00012e3e       emlrtImportFiIntArrayR2008b 0000000180013e3e f   libemlrt:libemlrt.dll
 0001:00012e44       emlrtDestroyArray          0000000180013e44 f   libemlrt:libemlrt.dll
 0001:00012e4a       emlrtCallMATLABR2012b      0000000180013e4a f   libemlrt:libemlrt.dll
 0001:00012e50       emlrtInitCharArrayR2013a   0000000180013e50 f   libemlrt:libemlrt.dll
 0001:00012e56       emlrtInitLogicalArray      0000000180013e56 f   libemlrt:libemlrt.dll
 0001:00012e5c       emlrtCheckBuiltInR2012b    0000000180013e5c f   libemlrt:libemlrt.dll
 0001:00012e62       emlrtCheckFiR2012b         0000000180013e62 f   libemlrt:libemlrt.dll
 0001:00012e68       emlrtCheckStructR2012b     0000000180013e68 f   libemlrt:libemlrt.dll
 0001:00012e6e       cgxertGetInputPortSignal   0000000180013e6e f   libmwcgxert:libmwcgxert.dll
 0001:00012e74       cgxertGetOutputPortSignal  0000000180013e74 f   libmwcgxert:libmwcgxert.dll
 0001:00012e7a       cgxertGetDWork             0000000180013e7a f   libmwcgxert:libmwcgxert.dll
 0001:00012e80       cgxertGetRuntimeInstance   0000000180013e80 f   libmwcgxert:libmwcgxert.dll
 0001:00012e86       cgxertSetRuntimeInstance   0000000180013e86 f   libmwcgxert:libmwcgxert.dll
 0001:00012e8c       cgxertGetEMLRTCtx          0000000180013e8c f   libmwcgxert:libmwcgxert.dll
 0001:00012e92       cgxertGetCovrtInstance     0000000180013e92 f   libmwcgxert:libmwcgxert.dll
 0001:00012e98       calloc                     0000000180013e98 f   MSVCRT:MSVCR110.dll
 0001:00012e9e       free                       0000000180013e9e f   MSVCRT:MSVCR110.dll
 0001:00012ea4       __GSHandlerCheck           0000000180013ea4 f   MSVCRT:gshandler.obj
 0001:00012ec4       __GSHandlerCheckCommon     0000000180013ec4 f   MSVCRT:gshandler.obj
 0001:00012f40       __security_check_cookie    0000000180013f40 f   MSVCRT:amdsecgs.obj
 0001:00012f60       __raise_securityfailure    0000000180013f60 f   MSVCRT:gs_report.obj
 0001:00012fac       __report_gsfailure         0000000180013fac f   MSVCRT:gs_report.obj
 0001:00013080       __report_rangecheckfailure 0000000180014080 f   MSVCRT:gs_report.obj
 0001:00013094       __report_securityfailure   0000000180014094 f   MSVCRT:gs_report.obj
 0001:00013130       __report_securityfailureEx 0000000180014130 f   MSVCRT:gs_report.obj
 0001:0001323e       memcpy                     000000018001423e f   MSVCRT:MSVCR110.dll
 0001:00013244       strcat                     0000000180014244 f   MSVCRT:MSVCR110.dll
 0001:0001324a       strcmp                     000000018001424a f   MSVCRT:MSVCR110.dll
 0001:00013250       strlen                     0000000180014250 f   MSVCRT:MSVCR110.dll
 0001:00013256       sprintf                    0000000180014256 f   MSVCRT:MSVCR110.dll
 0001:0001325c       malloc                     000000018001425c f   MSVCRT:MSVCR110.dll
 0001:000132c4       NtCurrentTeb               00000001800142c4 f i MSVCRT:crtdll.obj
 0001:000132d0       _CRT_INIT                  00000001800142d0 f   MSVCRT:crtdll.obj
 0001:0001351c       _DllMainCRTStartup         000000018001451c f   MSVCRT:crtdll.obj
 0001:00013692       __crt_debugger_hook        0000000180014692 f   MSVCRT:MSVCR110.dll
 0001:00013698       __crtUnhandledException    0000000180014698 f   MSVCRT:MSVCR110.dll
 0001:0001369e       __crtTerminateProcess      000000018001469e f   MSVCRT:MSVCR110.dll
 0001:000136a4       __crtCaptureCurrentContext 00000001800146a4 f   MSVCRT:MSVCR110.dll
 0001:000136aa       __crtCapturePreviousContext 00000001800146aa f   MSVCRT:MSVCR110.dll
 0001:000136b0       __CppXcptFilter            00000001800146b0 f   MSVCRT:MSVCR110.dll
 0001:000136b6       _amsg_exit                 00000001800146b6 f   MSVCRT:MSVCR110.dll
 0001:000136c0       _FindPESection             00000001800146c0 f   MSVCRT:pesect.obj
 0001:00013710       _IsNonwritableInCurrentImage 0000000180014710 f   MSVCRT:pesect.obj
 0001:00013760       _ValidateImageBase         0000000180014760 f   MSVCRT:pesect.obj
 0001:00013790       __atonexitinit             0000000180014790 f   MSVCRT:atonexit.obj
 0001:000137e0       _onexit                    00000001800147e0 f   MSVCRT:atonexit.obj
 0001:00013890       atexit                     0000000180014890 f   MSVCRT:atonexit.obj
 0001:000138a8       __security_init_cookie     00000001800148a8 f   MSVCRT:gs_support.obj
 0001:00013960       DllMain                    0000000180014960 f   MSVCRT:dllmain.obj
 0001:00013984       _malloc_crt                0000000180014984 f   MSVCRT:MSVCR110.dll
 0001:0001398c       _RTC_Initialize            000000018001498c f   MSVCRT:initsect.obj
 0001:000139c4       _RTC_Terminate             00000001800149c4 f   MSVCRT:initsect.obj
 0001:000139fc       _initterm                  00000001800149fc f   MSVCRT:MSVCR110.dll
 0001:00013a02       _initterm_e                0000000180014a02 f   MSVCRT:MSVCR110.dll
 0001:00013a08       __clean_type_info_names    0000000180014a08 f   MSVCRT:tncleanup.obj
 0001:00013a14       __C_specific_handler       0000000180014a14 f   MSVCRT:MSVCR110.dll
 0001:00013a1a       _lock                      0000000180014a1a f   MSVCRT:MSVCR110.dll
 0001:00013a20       _unlock                    0000000180014a20 f   MSVCRT:MSVCR110.dll
 0001:00013a26       _calloc_crt                0000000180014a26 f   MSVCRT:MSVCR110.dll
 0001:00013a2c       __dllonexit                0000000180014a2c f   MSVCRT:MSVCR110.dll
 0001:00013a32       __clean_type_info_names_internal 0000000180014a32 f   MSVCRT:MSVCR110.dll
 0001:00013a38       IsDebuggerPresent          0000000180014a38 f   kernel32:KERNEL32.dll
 0001:00013a3e       IsProcessorFeaturePresent  0000000180014a3e f   kernel32:KERNEL32.dll
 0001:00013a44       EncodePointer              0000000180014a44 f   kernel32:KERNEL32.dll
 0001:00013a4a       DecodePointer              0000000180014a4a f   kernel32:KERNEL32.dll
 0001:00013a50       QueryPerformanceCounter    0000000180014a50 f   kernel32:KERNEL32.dll
 0001:00013a56       GetCurrentThreadId         0000000180014a56 f   kernel32:KERNEL32.dll
 0001:00013a5c       GetSystemTimeAsFileTime    0000000180014a5c f   kernel32:KERNEL32.dll
 0001:00013a62       GetTickCount64             0000000180014a62 f   kernel32:KERNEL32.dll
 0001:00013a68       DisableThreadLibraryCalls  0000000180014a68 f   kernel32:KERNEL32.dll
 0002:00000000       __imp_DisableThreadLibraryCalls 0000000180015000     kernel32:KERNEL32.dll
 0002:00000008       __imp_GetTickCount64       0000000180015008     kernel32:KERNEL32.dll
 0002:00000010       __imp_GetSystemTimeAsFileTime 0000000180015010     kernel32:KERNEL32.dll
 0002:00000018       __imp_GetCurrentThreadId   0000000180015018     kernel32:KERNEL32.dll
 0002:00000020       __imp_QueryPerformanceCounter 0000000180015020     kernel32:KERNEL32.dll
 0002:00000028       __imp_DecodePointer        0000000180015028     kernel32:KERNEL32.dll
 0002:00000030       __imp_EncodePointer        0000000180015030     kernel32:KERNEL32.dll
 0002:00000038       __imp_IsProcessorFeaturePresent 0000000180015038     kernel32:KERNEL32.dll
 0002:00000040       __imp_IsDebuggerPresent    0000000180015040     kernel32:KERNEL32.dll
 0002:00000048       \177KERNEL32_NULL_THUNK_DATA 0000000180015048     kernel32:KERNEL32.dll
 0002:00000050       __imp___clean_type_info_names_internal 0000000180015050     MSVCRT:MSVCR110.dll
 0002:00000058       __imp__onexit              0000000180015058     MSVCRT:MSVCR110.dll
 0002:00000060       __imp___dllonexit          0000000180015060     MSVCRT:MSVCR110.dll
 0002:00000068       __imp__calloc_crt          0000000180015068     MSVCRT:MSVCR110.dll
 0002:00000070       __imp__unlock              0000000180015070     MSVCRT:MSVCR110.dll
 0002:00000078       __imp__lock                0000000180015078     MSVCRT:MSVCR110.dll
 0002:00000080       __imp___C_specific_handler 0000000180015080     MSVCRT:MSVCR110.dll
 0002:00000088       __imp__initterm_e          0000000180015088     MSVCRT:MSVCR110.dll
 0002:00000090       __imp__initterm            0000000180015090     MSVCRT:MSVCR110.dll
 0002:00000098       __imp__malloc_crt          0000000180015098     MSVCRT:MSVCR110.dll
 0002:000000a0       __imp__amsg_exit           00000001800150a0     MSVCRT:MSVCR110.dll
 0002:000000a8       __imp___CppXcptFilter      00000001800150a8     MSVCRT:MSVCR110.dll
 0002:000000b0       __imp___crtCapturePreviousContext 00000001800150b0     MSVCRT:MSVCR110.dll
 0002:000000b8       __imp___crtCaptureCurrentContext 00000001800150b8     MSVCRT:MSVCR110.dll
 0002:000000c0       __imp___crtTerminateProcess 00000001800150c0     MSVCRT:MSVCR110.dll
 0002:000000c8       __imp___crtUnhandledException 00000001800150c8     MSVCRT:MSVCR110.dll
 0002:000000d0       __imp___crt_debugger_hook  00000001800150d0     MSVCRT:MSVCR110.dll
 0002:000000d8       __imp_malloc               00000001800150d8     MSVCRT:MSVCR110.dll
 0002:000000e0       __imp_sprintf              00000001800150e0     MSVCRT:MSVCR110.dll
 0002:000000e8       __imp_free                 00000001800150e8     MSVCRT:MSVCR110.dll
 0002:000000f0       __imp_calloc               00000001800150f0     MSVCRT:MSVCR110.dll
 0002:000000f8       __imp_memcpy               00000001800150f8     MSVCRT:MSVCR110.dll
 0002:00000100       __imp_strcat               0000000180015100     MSVCRT:MSVCR110.dll
 0002:00000108       __imp_strcmp               0000000180015108     MSVCRT:MSVCR110.dll
 0002:00000110       __imp_strlen               0000000180015110     MSVCRT:MSVCR110.dll
 0002:00000118       \177MSVCR110_NULL_THUNK_DATA 0000000180015118     MSVCRT:MSVCR110.dll
 0002:00000120       __imp_emlrtAddField        0000000180015120     libemlrt:libemlrt.dll
 0002:00000128       __imp_emlrtGetFieldR2013a  0000000180015128     libemlrt:libemlrt.dll
 0002:00000130       __imp_emlrtCreateCellMatrix 0000000180015130     libemlrt:libemlrt.dll
 0002:00000138       __imp_emlrtSetCell         0000000180015138     libemlrt:libemlrt.dll
 0002:00000140       __imp_emlrtGetCell         0000000180015140     libemlrt:libemlrt.dll
 0002:00000148       __imp_emlrtCreateNumericMatrix 0000000180015148     libemlrt:libemlrt.dll
 0002:00000150       __imp_emlrtCreateNumericArray 0000000180015150     libemlrt:libemlrt.dll
 0002:00000158       __imp_emlrtCreateDoubleScalar 0000000180015158     libemlrt:libemlrt.dll
 0002:00000160       __imp_emlrtCreateLogicalArray 0000000180015160     libemlrt:libemlrt.dll
 0002:00000168       __imp_emlrtCreateLogicalScalar 0000000180015168     libemlrt:libemlrt.dll
 0002:00000170       __imp_emlrtCreateCharArray 0000000180015170     libemlrt:libemlrt.dll
 0002:00000178       __imp_emlrtCreateFIR2013b  0000000180015178     libemlrt:libemlrt.dll
 0002:00000180       __imp_emlrtImportFiIntArrayR2008b 0000000180015180     libemlrt:libemlrt.dll
 0002:00000188       __imp_emlrtDestroyArray    0000000180015188     libemlrt:libemlrt.dll
 0002:00000190       __imp_emlrtCallMATLABR2012b 0000000180015190     libemlrt:libemlrt.dll
 0002:00000198       __imp_emlrtInitCharArrayR2013a 0000000180015198     libemlrt:libemlrt.dll
 0002:000001a0       __imp_emlrtInitLogicalArray 00000001800151a0     libemlrt:libemlrt.dll
 0002:000001a8       __imp_emlrtCheckBuiltInR2012b 00000001800151a8     libemlrt:libemlrt.dll
 0002:000001b0       __imp_emlrtCheckFiR2012b   00000001800151b0     libemlrt:libemlrt.dll
 0002:000001b8       __imp_emlrtCheckStructR2012b 00000001800151b8     libemlrt:libemlrt.dll
 0002:000001c0       __imp_emlrtCreateStructMatrix 00000001800151c0     libemlrt:libemlrt.dll
 0002:000001c8       __imp_emlrtCreateString    00000001800151c8     libemlrt:libemlrt.dll
 0002:000001d0       __imp_emlrtDynamicBoundsCheckR2012b 00000001800151d0     libemlrt:libemlrt.dll
 0002:000001d8       __imp_emlrtAssignP         00000001800151d8     libemlrt:libemlrt.dll
 0002:000001e0       __imp_emlrtAlias           00000001800151e0     libemlrt:libemlrt.dll
 0002:000001e8       __imp_emlrtAssign          00000001800151e8     libemlrt:libemlrt.dll
 0002:000001f0       \177libemlrt_NULL_THUNK_DATA 00000001800151f0     libemlrt:libemlrt.dll
 0002:000001f8       __imp_mexErrMsgTxt         00000001800151f8     libmex:libmex.dll
 0002:00000200       __imp_mexIsLocked          0000000180015200     libmex:libmex.dll
 0002:00000208       __imp_mexCallMATLABWithObject 0000000180015208     libmex:libmex.dll
 0002:00000210       __imp_mexPrintf            0000000180015210     libmex:libmex.dll
 0002:00000218       __imp_mexWarnMsgTxt        0000000180015218     libmex:libmex.dll
 0002:00000220       __imp_mexUnlock            0000000180015220     libmex:libmex.dll
 0002:00000228       \177libmex_NULL_THUNK_DATA 0000000180015228     libmex:libmex.dll
 0002:00000230       __imp_cgxertGetDWork       0000000180015230     libmwcgxert:libmwcgxert.dll
 0002:00000238       __imp_cgxertGetCovrtInstance 0000000180015238     libmwcgxert:libmwcgxert.dll
 0002:00000240       __imp_cgxertGetRuntimeInstance 0000000180015240     libmwcgxert:libmwcgxert.dll
 0002:00000248       __imp_cgxertSetRuntimeInstance 0000000180015248     libmwcgxert:libmwcgxert.dll
 0002:00000250       __imp_cgxertGetEMLRTCtx    0000000180015250     libmwcgxert:libmwcgxert.dll
 0002:00000258       __imp_cgxertGetInputPortSignal 0000000180015258     libmwcgxert:libmwcgxert.dll
 0002:00000260       __imp_cgxertGetOutputPortSignal 0000000180015260     libmwcgxert:libmwcgxert.dll
 0002:00000268       \177libmwcgxert_NULL_THUNK_DATA 0000000180015268     libmwcgxert:libmwcgxert.dll
 0002:00000270       __imp_muDoubleScalarFloor  0000000180015270     libmwmathutil:libmwmathutil.dll
 0002:00000278       __imp_muDoubleScalarPower  0000000180015278     libmwmathutil:libmwmathutil.dll
 0002:00000280       __imp_muDoubleScalarAbs    0000000180015280     libmwmathutil:libmwmathutil.dll
 0002:00000288       \177libmwmathutil_NULL_THUNK_DATA 0000000180015288     libmwmathutil:libmwmathutil.dll
 0002:00000290       __imp_mxCreateStructMatrix_700 0000000180015290     libmx:libmx.dll
 0002:00000298       __imp_mxCreateString       0000000180015298     libmx:libmx.dll
 0002:000002a0       __imp_mxGetString_700      00000001800152a0     libmx:libmx.dll
 0002:000002a8       __imp_mxCreateDoubleMatrix_700 00000001800152a8     libmx:libmx.dll
 0002:000002b0       __imp_mxCreateNumericMatrix_700 00000001800152b0     libmx:libmx.dll
 0002:000002b8       __imp_mxSetField_700       00000001800152b8     libmx:libmx.dll
 0002:000002c0       __imp_mxGetN               00000001800152c0     libmx:libmx.dll
 0002:000002c8       __imp_mxIsComplex          00000001800152c8     libmx:libmx.dll
 0002:000002d0       __imp_mxIsChar             00000001800152d0     libmx:libmx.dll
 0002:000002d8       __imp_mxIsNumeric          00000001800152d8     libmx:libmx.dll
 0002:000002e0       __imp_mxGetClassID         00000001800152e0     libmx:libmx.dll
 0002:000002e8       __imp_mxGetM               00000001800152e8     libmx:libmx.dll
 0002:000002f0       __imp_mxCalloc             00000001800152f0     libmx:libmx.dll
 0002:000002f8       __imp_mxCreateCellMatrix_700 00000001800152f8     libmx:libmx.dll
 0002:00000300       __imp_mxGetLogicals        0000000180015300     libmx:libmx.dll
 0002:00000308       __imp_mxSetCell_700        0000000180015308     libmx:libmx.dll
 0002:00000310       __imp_mxGetPr              0000000180015310     libmx:libmx.dll
 0002:00000318       __imp_mxGetData            0000000180015318     libmx:libmx.dll
 0002:00000320       \177libmx_NULL_THUNK_DATA  0000000180015320     libmx:libmx.dll
 0002:00000328       __xc_a                     0000000180015328     MSVCRT:cinitexe.obj
 0002:00000330       __xc_z                     0000000180015330     MSVCRT:cinitexe.obj
 0002:00000338       __xi_a                     0000000180015338     MSVCRT:cinitexe.obj
 0002:00000350       __xi_z                     0000000180015350     MSVCRT:cinitexe.obj
 0002:00000428       __real@0000000000000000    0000000180015428     m_J7aWBDqExLqAyGE5Qpg8zG.obj
 0002:00000430       __real@3e10000000000000    0000000180015430     m_J7aWBDqExLqAyGE5Qpg8zG.obj
 0002:00000438       __real@3fe0000000000000    0000000180015438     m_J7aWBDqExLqAyGE5Qpg8zG.obj
 0002:00000440       __real@3ff0000000000000    0000000180015440     m_J7aWBDqExLqAyGE5Qpg8zG.obj
 0002:00000448       __real@4000000000000000    0000000180015448     m_J7aWBDqExLqAyGE5Qpg8zG.obj
 0002:00000450       __real@4010000000000000    0000000180015450     m_J7aWBDqExLqAyGE5Qpg8zG.obj
 0002:00000458       __real@4030000000000000    0000000180015458     m_J7aWBDqExLqAyGE5Qpg8zG.obj
 0002:00000460       __real@403e000000000000    0000000180015460     m_J7aWBDqExLqAyGE5Qpg8zG.obj
 0002:00000468       __real@4040000000000000    0000000180015468     m_J7aWBDqExLqAyGE5Qpg8zG.obj
 0002:00000470       __real@40efffe000000000    0000000180015470     m_J7aWBDqExLqAyGE5Qpg8zG.obj
 0002:00000478       __real@4330000000000000    0000000180015478     m_J7aWBDqExLqAyGE5Qpg8zG.obj
 0002:00000480       __real@c03e000000000000    0000000180015480     m_J7aWBDqExLqAyGE5Qpg8zG.obj
 0002:00000570       __real@3ed0000000000000    0000000180015570     m_wNselC31AbXio1ZnIoqGEG.obj
 0002:00000578       __real@3f20000000000000    0000000180015578     m_wNselC31AbXio1ZnIoqGEG.obj
 0002:00000580       __real@402a000000000000    0000000180015580     m_wNselC31AbXio1ZnIoqGEG.obj
 0002:00000588       __real@4031000000000000    0000000180015588     m_wNselC31AbXio1ZnIoqGEG.obj
 0002:00000590       __real@4032000000000000    0000000180015590     m_wNselC31AbXio1ZnIoqGEG.obj
 0002:00000598       __real@4033000000000000    0000000180015598     m_wNselC31AbXio1ZnIoqGEG.obj
 0002:000005a0       __real@c02a000000000000    00000001800155a0     m_wNselC31AbXio1ZnIoqGEG.obj
 0002:000005a8       __real@c032000000000000    00000001800155a8     m_wNselC31AbXio1ZnIoqGEG.obj
 0002:000005b0       _ssBadLevel2InputAccessMsg 00000001800155b0     commqamtxrxhdl_cgxe_registry.obj
 0002:00000740       _ssBadLevel2DirectFeedMsg  0000000180015740     commqamtxrxhdl_cgxe_registry.obj
 0002:00000880       _ssBadLevel2DirectFeedSolutionMsg 0000000180015880     commqamtxrxhdl_cgxe_registry.obj
 0002:000008f0       _ssBadLevel2ZeroDirectFeedMsg 00000001800158f0     commqamtxrxhdl_cgxe_registry.obj
 0002:00000a30       _ssBadLevel2ZeroDirectFeedMsg2 0000000180015a30     commqamtxrxhdl_cgxe_registry.obj
 0002:00000b18       DYNAMIC_DIMENSION_DEF      0000000180015b18     commqamtxrxhdl_cgxe_registry.obj
 0002:00000b30       __real@41602cbca0000000    0000000180015b30     commqamtxrxhdl_cgxe_registry.obj
 0002:00000b38       __real@41ac4d5be4000000    0000000180015b38     commqamtxrxhdl_cgxe_registry.obj
 0002:00000b40       __real@41c443e0e2000000    0000000180015b40     commqamtxrxhdl_cgxe_registry.obj
 0002:00000b48       __real@41c529293d800000    0000000180015b48     commqamtxrxhdl_cgxe_registry.obj
 0002:00000b50       __real@41cd5338f9800000    0000000180015b50     commqamtxrxhdl_cgxe_registry.obj
 0002:00000b58       __real@41d01a39a8800000    0000000180015b58     commqamtxrxhdl_cgxe_registry.obj
 0002:00000b60       __real@41d3c1c18d000000    0000000180015b60     commqamtxrxhdl_cgxe_registry.obj
 0002:00000b68       __real@41d8e8f0c8400000    0000000180015b68     commqamtxrxhdl_cgxe_registry.obj
 0002:00000b70       __real@41da139752400000    0000000180015b70     commqamtxrxhdl_cgxe_registry.obj
 0002:00000b78       __real@41dcc8d71cc00000    0000000180015b78     commqamtxrxhdl_cgxe_registry.obj
 0002:00000b80       __real@41e00f026e000000    0000000180015b80     commqamtxrxhdl_cgxe_registry.obj
 0002:00000b88       __real@41e24db94ee00000    0000000180015b88     commqamtxrxhdl_cgxe_registry.obj
 0002:00000b90       __real@41eaadaaec400000    0000000180015b90     commqamtxrxhdl_cgxe_registry.obj
 0002:00000b98       __real@41eab21b6dc00000    0000000180015b98     commqamtxrxhdl_cgxe_registry.obj
 0002:00000ba0       __real@41ed567d6e400000    0000000180015ba0     commqamtxrxhdl_cgxe_registry.obj
 0002:00000ba8       __real@41ef3f43a2600000    0000000180015ba8     commqamtxrxhdl_cgxe_registry.obj
 0002:00000bb0       __real@41ef85216e600000    0000000180015bb0     commqamtxrxhdl_cgxe_registry.obj
 0002:00000bb8       __real@bff0000000000000    0000000180015bb8     commqamtxrxhdl_cgxe_registry.obj
 0002:00000bd0       _pDefaultRawDllMain        0000000180015bd0     MSVCRT:crtdll.obj
 0002:00000bd0       _pRawDllMain               0000000180015bd0     MSVCRT:crtdll.obj
 0002:00000bd8       ?ProcessDetach@NativeDll@<CrtImplementationDetails>@@0IB 0000000180015bd8     MSVCRT:initsect.obj
 0002:00000bdc       ?ProcessAttach@NativeDll@<CrtImplementationDetails>@@0IB 0000000180015bdc     MSVCRT:initsect.obj
 0002:00000be0       ?ThreadAttach@NativeDll@<CrtImplementationDetails>@@0IB 0000000180015be0     MSVCRT:initsect.obj
 0002:00000be4       ?ThreadDetach@NativeDll@<CrtImplementationDetails>@@0IB 0000000180015be4     MSVCRT:initsect.obj
 0002:00000be8       ?ProcessVerifier@NativeDll@<CrtImplementationDetails>@@0IB 0000000180015be8     MSVCRT:initsect.obj
 0002:00000bec       ?value@?$integral_constant@_N$0A@@std@@2_NB 0000000180015bec     MSVCRT:tncleanup.obj
 0002:00000bed       ?value@?$integral_constant@_N$00@std@@2_NB 0000000180015bed     MSVCRT:tncleanup.obj
 0002:00000bf0       ?value@?$_Sizeof@U_Nil@std@@U12@U12@U12@U12@U12@U12@U12@@std@@2_KB 0000000180015bf0     MSVCRT:tncleanup.obj
 0002:00000c00       _load_config_used          0000000180015c00     MSVCRT:loadcfg.obj
 0002:00000c70       __rtc_iaa                  0000000180015c70     MSVCRT:initsect.obj
 0002:00000c78       __rtc_izz                  0000000180015c78     MSVCRT:initsect.obj
 0002:00000c80       __rtc_taa                  0000000180015c80     MSVCRT:initsect.obj
 0002:00000c88       __rtc_tzz                  0000000180015c88     MSVCRT:initsect.obj
 0002:0000146c       __IMPORT_DESCRIPTOR_libmx  000000018001646c     libmx:libmx.dll
 0002:00001480       __IMPORT_DESCRIPTOR_libmex 0000000180016480     libmex:libmex.dll
 0002:00001494       __IMPORT_DESCRIPTOR_libmwmathutil 0000000180016494     libmwmathutil:libmwmathutil.dll
 0002:000014a8       __IMPORT_DESCRIPTOR_libemlrt 00000001800164a8     libemlrt:libemlrt.dll
 0002:000014bc       __IMPORT_DESCRIPTOR_libmwcgxert 00000001800164bc     libmwcgxert:libmwcgxert.dll
 0002:000014d0       __IMPORT_DESCRIPTOR_MSVCR110 00000001800164d0     MSVCRT:MSVCR110.dll
 0002:000014e4       __IMPORT_DESCRIPTOR_KERNEL32 00000001800164e4     kernel32:KERNEL32.dll
 0002:000014f8       __NULL_IMPORT_DESCRIPTOR   00000001800164f8     libmx:libmx.dll
 0003:00042288       DYNAMIC_DIMENSION          000000018005a288     commqamtxrxhdl_cgxe_registry.obj
 0003:000427d0       __security_cookie          000000018005a7d0     MSVCRT:gs_cookie.obj
 0003:000427d8       __security_cookie_complement 000000018005a7d8     MSVCRT:gs_cookie.obj
 0003:000427e0       _fltused                   000000018005a7e0     MSVCRT:dllsupp.obj
 0003:000427e4       __native_dllmain_reason    000000018005a7e4     MSVCRT:natstart.obj
 0003:00042ea8       ?__type_info_root_node@@3U__type_info_node@@A 000000018005aea8     MSVCRT:tncleanup.obj
 0003:00042eb8       __native_startup_lock      000000018005aeb8     <common>
 0003:00042ec0       __native_startup_state     000000018005aec0     <common>
 0003:00042ec8       __onexitend                000000018005aec8     <common>
 0003:00042ed0       __onexitbegin              000000018005aed0     <common>
 0003:00042ed8       __dyn_tls_init_callback    000000018005aed8     <common>

 entry point at        0001:0001351c

 Static symbols

 0000:00000000       .debug$S                   0000000180000000     kernel32:KERNEL32.dll
 0000:00000000       .debug$S                   0000000180000000     kernel32:KERNEL32.dll
 0000:00000000       .debug$S                   0000000180000000     kernel32:KERNEL32.dll
 0000:00000000       .debug$S                   0000000180000000     kernel32:KERNEL32.dll
 0000:00000000       .debug$S                   0000000180000000     kernel32:KERNEL32.dll
 0000:00000000       .debug$S                   0000000180000000     kernel32:KERNEL32.dll
 0000:00000000       .debug$S                   0000000180000000     kernel32:KERNEL32.dll
 0000:00000000       .debug$S                   0000000180000000     kernel32:KERNEL32.dll
 0000:00000000       .debug$S                   0000000180000000     kernel32:KERNEL32.dll
 0000:00000000       .debug$S                   0000000180000000     libmx:libmx.dll
 0000:00000000       .debug$S                   0000000180000000     MSVCRT:MSVCR110.dll
 0000:00000000       .debug$S                   0000000180000000     MSVCRT:MSVCR110.dll
 0000:00000000       .debug$S                   0000000180000000     MSVCRT:MSVCR110.dll
 0000:00000000       .debug$S                   0000000180000000     MSVCRT:MSVCR110.dll
 0000:00000000       .debug$S                   0000000180000000     MSVCRT:MSVCR110.dll
 0000:00000000       .debug$S                   0000000180000000     MSVCRT:MSVCR110.dll
 0000:00000000       .debug$S                   0000000180000000     MSVCRT:MSVCR110.dll
 0000:00000000       .debug$S                   0000000180000000     MSVCRT:MSVCR110.dll
 0000:00000000       .debug$S                   0000000180000000     MSVCRT:MSVCR110.dll
 0000:00000000       .debug$S                   0000000180000000     MSVCRT:MSVCR110.dll
 0000:00000000       .debug$S                   0000000180000000     MSVCRT:MSVCR110.dll
 0000:00000000       .debug$S                   0000000180000000     MSVCRT:MSVCR110.dll
 0000:00000000       .debug$S                   0000000180000000     MSVCRT:MSVCR110.dll
 0000:00000000       .debug$S                   0000000180000000     MSVCRT:MSVCR110.dll
 0000:00000000       .debug$S                   0000000180000000     MSVCRT:MSVCR110.dll
 0000:00000000       .debug$S                   0000000180000000     MSVCRT:MSVCR110.dll
 0000:00000000       .debug$S                   0000000180000000     MSVCRT:MSVCR110.dll
 0000:00000000       .debug$S                   0000000180000000     MSVCRT:MSVCR110.dll
 0000:00000000       .debug$S                   0000000180000000     MSVCRT:MSVCR110.dll
 0000:00000000       .debug$S                   0000000180000000     MSVCRT:MSVCR110.dll
 0000:00000000       .debug$S                   0000000180000000     MSVCRT:MSVCR110.dll
 0000:00000000       .debug$S                   0000000180000000     MSVCRT:MSVCR110.dll
 0000:00000000       .debug$S                   0000000180000000     MSVCRT:MSVCR110.dll
 0000:00000000       .debug$S                   0000000180000000     MSVCRT:MSVCR110.dll
 0000:00000000       .debug$S                   0000000180000000     MSVCRT:MSVCR110.dll
 0000:00000000       .debug$S                   0000000180000000     libmx:libmx.dll
 0000:00000000       .debug$S                   0000000180000000     libmx:libmx.dll
 0000:00000000       .debug$S                   0000000180000000     libmx:libmx.dll
 0000:00000000       .debug$S                   0000000180000000     libmx:libmx.dll
 0000:00000000       .debug$S                   0000000180000000     libmex:libmex.dll
 0000:00000000       .debug$S                   0000000180000000     libmx:libmx.dll
 0000:00000000       .debug$S                   0000000180000000     libmex:libmex.dll
 0000:00000000       .debug$S                   0000000180000000     libmx:libmx.dll
 0000:00000000       .debug$S                   0000000180000000     libmex:libmex.dll
 0000:00000000       .debug$S                   0000000180000000     libmx:libmx.dll
 0000:00000000       .debug$S                   0000000180000000     libmex:libmex.dll
 0000:00000000       .debug$S                   0000000180000000     libmx:libmx.dll
 0000:00000000       .debug$S                   0000000180000000     libmex:libmex.dll
 0000:00000000       .debug$S                   0000000180000000     libmx:libmx.dll
 0000:00000000       .debug$S                   0000000180000000     libmex:libmex.dll
 0000:00000000       .debug$S                   0000000180000000     libmx:libmx.dll
 0000:00000000       .debug$S                   0000000180000000     libmx:libmx.dll
 0000:00000000       .debug$S                   0000000180000000     libmx:libmx.dll
 0000:00000000       .debug$S                   0000000180000000     libmwmathutil:libmwmathutil.dll
 0000:00000000       .debug$S                   0000000180000000     libmx:libmx.dll
 0000:00000000       .debug$S                   0000000180000000     libmwmathutil:libmwmathutil.dll
 0000:00000000       .debug$S                   0000000180000000     libmx:libmx.dll
 0000:00000000       .debug$S                   0000000180000000     libmwmathutil:libmwmathutil.dll
 0000:00000000       .debug$S                   0000000180000000     libmx:libmx.dll
 0000:00000000       .debug$S                   0000000180000000     libmx:libmx.dll
 0000:00000000       .debug$S                   0000000180000000     libemlrt:libemlrt.dll
 0000:00000000       .debug$S                   0000000180000000     libemlrt:libemlrt.dll
 0000:00000000       .debug$S                   0000000180000000     libemlrt:libemlrt.dll
 0000:00000000       .debug$S                   0000000180000000     libemlrt:libemlrt.dll
 0000:00000000       .debug$S                   0000000180000000     libemlrt:libemlrt.dll
 0000:00000000       .debug$S                   0000000180000000     libemlrt:libemlrt.dll
 0000:00000000       .debug$S                   0000000180000000     libemlrt:libemlrt.dll
 0000:00000000       .debug$S                   0000000180000000     libemlrt:libemlrt.dll
 0000:00000000       .debug$S                   0000000180000000     libemlrt:libemlrt.dll
 0000:00000000       .debug$S                   0000000180000000     libemlrt:libemlrt.dll
 0000:00000000       .debug$S                   0000000180000000     libemlrt:libemlrt.dll
 0000:00000000       .debug$S                   0000000180000000     libmwcgxert:libmwcgxert.dll
 0000:00000000       .debug$S                   0000000180000000     libmwcgxert:libmwcgxert.dll
 0000:00000000       .debug$S                   0000000180000000     libmwcgxert:libmwcgxert.dll
 0000:00000000       .debug$S                   0000000180000000     libmwcgxert:libmwcgxert.dll
 0000:00000000       .debug$S                   0000000180000000     libmwcgxert:libmwcgxert.dll
 0000:00000000       .debug$S                   0000000180000000     libmwcgxert:libmwcgxert.dll
 0000:00000000       .debug$S                   0000000180000000     libmwcgxert:libmwcgxert.dll
 0000:00000000       .debug$S                   0000000180000000     libemlrt:libemlrt.dll
 0000:00000000       .debug$S                   0000000180000000     libemlrt:libemlrt.dll
 0000:00000000       .debug$S                   0000000180000000     libemlrt:libemlrt.dll
 0000:00000000       .debug$S                   0000000180000000     libemlrt:libemlrt.dll
 0000:00000000       .debug$S                   0000000180000000     libemlrt:libemlrt.dll
 0000:00000000       .debug$S                   0000000180000000     libemlrt:libemlrt.dll
 0000:00000000       .debug$S                   0000000180000000     libemlrt:libemlrt.dll
 0000:00000000       .debug$S                   0000000180000000     libemlrt:libemlrt.dll
 0000:00000000       .debug$S                   0000000180000000     libemlrt:libemlrt.dll
 0000:00000000       .debug$S                   0000000180000000     libemlrt:libemlrt.dll
 0000:00000000       .debug$S                   0000000180000000     libemlrt:libemlrt.dll
 0000:00000000       .debug$S                   0000000180000000     libemlrt:libemlrt.dll
 0000:00000000       .debug$S                   0000000180000000     libemlrt:libemlrt.dll
 0000:00000000       .debug$S                   0000000180000000     libemlrt:libemlrt.dll
 0000:00000000       .debug$S                   0000000180000000     libemlrt:libemlrt.dll
 0000:00000000       .debug$S                   0000000180000000     libmx:libmx.dll
 0001:000001a0       cgxe_mdl_start             00000001800011a0 f   m_J7aWBDqExLqAyGE5Qpg8zG.obj
 0001:00000bb0       cgxe_mdl_initialize        0000000180001bb0 f   m_J7aWBDqExLqAyGE5Qpg8zG.obj
 0001:00001200       cgxe_mdl_outputs           0000000180002200 f   m_J7aWBDqExLqAyGE5Qpg8zG.obj
 0001:000023c0       cgxe_mdl_update            00000001800033c0 f   m_J7aWBDqExLqAyGE5Qpg8zG.obj
 0001:000024e0       cgxe_mdl_terminate         00000001800034e0 f   m_J7aWBDqExLqAyGE5Qpg8zG.obj
 0001:00002a50       mw__internal__getSimState__fcn 0000000180003a50 f   m_J7aWBDqExLqAyGE5Qpg8zG.obj
 0001:00003b20       emlrt_marshallIn           0000000180004b20 f   m_J7aWBDqExLqAyGE5Qpg8zG.obj
 0001:00003b90       b_emlrt_marshallIn         0000000180004b90 f   m_J7aWBDqExLqAyGE5Qpg8zG.obj
 0001:00003be0       c_emlrt_marshallIn         0000000180004be0 f   m_J7aWBDqExLqAyGE5Qpg8zG.obj
 0001:00003c50       d_emlrt_marshallIn         0000000180004c50 f   m_J7aWBDqExLqAyGE5Qpg8zG.obj
 0001:00003cf0       e_emlrt_marshallIn         0000000180004cf0 f   m_J7aWBDqExLqAyGE5Qpg8zG.obj
 0001:00003d60       f_emlrt_marshallIn         0000000180004d60 f   m_J7aWBDqExLqAyGE5Qpg8zG.obj
 0001:00003db0       g_emlrt_marshallIn         0000000180004db0 f   m_J7aWBDqExLqAyGE5Qpg8zG.obj
 0001:00003e20       h_emlrt_marshallIn         0000000180004e20 f   m_J7aWBDqExLqAyGE5Qpg8zG.obj
 0001:00003e70       i_emlrt_marshallIn         0000000180004e70 f   m_J7aWBDqExLqAyGE5Qpg8zG.obj
 0001:00003ee0       j_emlrt_marshallIn         0000000180004ee0 f   m_J7aWBDqExLqAyGE5Qpg8zG.obj
 0001:00003f30       k_emlrt_marshallIn         0000000180004f30 f   m_J7aWBDqExLqAyGE5Qpg8zG.obj
 0001:00003fa0       l_emlrt_marshallIn         0000000180004fa0 f   m_J7aWBDqExLqAyGE5Qpg8zG.obj
 0001:00004530       m_emlrt_marshallIn         0000000180005530 f   m_J7aWBDqExLqAyGE5Qpg8zG.obj
 0001:00004580       n_emlrt_marshallIn         0000000180005580 f   m_J7aWBDqExLqAyGE5Qpg8zG.obj
 0001:00004620       o_emlrt_marshallIn         0000000180005620 f   m_J7aWBDqExLqAyGE5Qpg8zG.obj
 0001:000046c0       p_emlrt_marshallIn         00000001800056c0 f   m_J7aWBDqExLqAyGE5Qpg8zG.obj
 0001:00004760       q_emlrt_marshallIn         0000000180005760 f   m_J7aWBDqExLqAyGE5Qpg8zG.obj
 0001:00004800       r_emlrt_marshallIn         0000000180005800 f   m_J7aWBDqExLqAyGE5Qpg8zG.obj
 0001:00004870       s_emlrt_marshallIn         0000000180005870 f   m_J7aWBDqExLqAyGE5Qpg8zG.obj
 0001:000048c0       mw__internal__setSimState__fcn 00000001800058c0 f   m_J7aWBDqExLqAyGE5Qpg8zG.obj
 0001:00004b60       message                    0000000180005b60 f   m_J7aWBDqExLqAyGE5Qpg8zG.obj
 0001:00004c00       error                      0000000180005c00 f   m_J7aWBDqExLqAyGE5Qpg8zG.obj
 0001:00004c70       fimath                     0000000180005c70 f   m_J7aWBDqExLqAyGE5Qpg8zG.obj
 0001:00005170       numerictype                0000000180006170 f   m_J7aWBDqExLqAyGE5Qpg8zG.obj
 0001:000051d0       b_numerictype              00000001800061d0 f   m_J7aWBDqExLqAyGE5Qpg8zG.obj
 0001:00005330       c_numerictype              0000000180006330 f   m_J7aWBDqExLqAyGE5Qpg8zG.obj
 0001:00005530       t_emlrt_marshallIn         0000000180006530 f   m_J7aWBDqExLqAyGE5Qpg8zG.obj
 0001:000055b0       u_emlrt_marshallIn         00000001800065b0 f   m_J7aWBDqExLqAyGE5Qpg8zG.obj
 0001:00005630       v_emlrt_marshallIn         0000000180006630 f   m_J7aWBDqExLqAyGE5Qpg8zG.obj
 0001:000056e0       w_emlrt_marshallIn         00000001800066e0 f   m_J7aWBDqExLqAyGE5Qpg8zG.obj
 0001:00005790       x_emlrt_marshallIn         0000000180006790 f   m_J7aWBDqExLqAyGE5Qpg8zG.obj
 0001:00005840       y_emlrt_marshallIn         0000000180006840 f   m_J7aWBDqExLqAyGE5Qpg8zG.obj
 0001:000058c0       ab_emlrt_marshallIn        00000001800068c0 f   m_J7aWBDqExLqAyGE5Qpg8zG.obj
 0001:00005920       bb_emlrt_marshallIn        0000000180006920 f   m_J7aWBDqExLqAyGE5Qpg8zG.obj
 0001:000059a0       cb_emlrt_marshallIn        00000001800069a0 f   m_J7aWBDqExLqAyGE5Qpg8zG.obj
 0001:00005a20       db_emlrt_marshallIn        0000000180006a20 f   m_J7aWBDqExLqAyGE5Qpg8zG.obj
 0001:00005a80       eb_emlrt_marshallIn        0000000180006a80 f   m_J7aWBDqExLqAyGE5Qpg8zG.obj
 0001:00005b00       init_simulink_io_address   0000000180006b00 f   m_J7aWBDqExLqAyGE5Qpg8zG.obj
 0001:00005c70       mdlOutputs_J7aWBDqExLqAyGE5Qpg8zG 0000000180006c70 f   m_J7aWBDqExLqAyGE5Qpg8zG.obj
 0001:00005cb0       mdlInitialize_J7aWBDqExLqAyGE5Qpg8zG 0000000180006cb0 f   m_J7aWBDqExLqAyGE5Qpg8zG.obj
 0001:00005ce0       mdlUpdate_J7aWBDqExLqAyGE5Qpg8zG 0000000180006ce0 f   m_J7aWBDqExLqAyGE5Qpg8zG.obj
 0001:00005d20       getSimState_J7aWBDqExLqAyGE5Qpg8zG 0000000180006d20 f   m_J7aWBDqExLqAyGE5Qpg8zG.obj
 0001:00005d60       setSimState_J7aWBDqExLqAyGE5Qpg8zG 0000000180006d60 f   m_J7aWBDqExLqAyGE5Qpg8zG.obj
 0001:00005da0       mdlTerminate_J7aWBDqExLqAyGE5Qpg8zG 0000000180006da0 f   m_J7aWBDqExLqAyGE5Qpg8zG.obj
 0001:00005de0       mdlStart_J7aWBDqExLqAyGE5Qpg8zG 0000000180006de0 f   m_J7aWBDqExLqAyGE5Qpg8zG.obj
 0001:00005eb0       mdlProcessParameters_J7aWBDqExLqAyGE5Qpg8zG 0000000180006eb0 f   m_J7aWBDqExLqAyGE5Qpg8zG.obj
 0001:000060b0       cgxe_mdl_start             00000001800070b0 f   m_wNselC31AbXio1ZnIoqGEG.obj
 0001:00006de0       cgxe_mdl_initialize        0000000180007de0 f   m_wNselC31AbXio1ZnIoqGEG.obj
 0001:000075b0       cgxe_mdl_outputs           00000001800085b0 f   m_wNselC31AbXio1ZnIoqGEG.obj
 0001:000091d0       cgxe_mdl_update            000000018000a1d0 f   m_wNselC31AbXio1ZnIoqGEG.obj
 0001:000092a0       cgxe_mdl_terminate         000000018000a2a0 f   m_wNselC31AbXio1ZnIoqGEG.obj
 0001:00009890       mw__internal__getSimState__fcn 000000018000a890 f   m_wNselC31AbXio1ZnIoqGEG.obj
 0001:0000a7f0       emlrt_marshallIn           000000018000b7f0 f   m_wNselC31AbXio1ZnIoqGEG.obj
 0001:0000a860       b_emlrt_marshallIn         000000018000b860 f   m_wNselC31AbXio1ZnIoqGEG.obj
 0001:0000a8b0       c_emlrt_marshallIn         000000018000b8b0 f   m_wNselC31AbXio1ZnIoqGEG.obj
 0001:0000a920       d_emlrt_marshallIn         000000018000b920 f   m_wNselC31AbXio1ZnIoqGEG.obj
 0001:0000a9c0       e_emlrt_marshallIn         000000018000b9c0 f   m_wNselC31AbXio1ZnIoqGEG.obj
 0001:0000aa30       f_emlrt_marshallIn         000000018000ba30 f   m_wNselC31AbXio1ZnIoqGEG.obj
 0001:0000aad0       g_emlrt_marshallIn         000000018000bad0 f   m_wNselC31AbXio1ZnIoqGEG.obj
 0001:0000ab40       h_emlrt_marshallIn         000000018000bb40 f   m_wNselC31AbXio1ZnIoqGEG.obj
 0001:0000b070       i_emlrt_marshallIn         000000018000c070 f   m_wNselC31AbXio1ZnIoqGEG.obj
 0001:0000b0c0       j_emlrt_marshallIn         000000018000c0c0 f   m_wNselC31AbXio1ZnIoqGEG.obj
 0001:0000b110       k_emlrt_marshallIn         000000018000c110 f   m_wNselC31AbXio1ZnIoqGEG.obj
 0001:0000b1b0       l_emlrt_marshallIn         000000018000c1b0 f   m_wNselC31AbXio1ZnIoqGEG.obj
 0001:0000b250       m_emlrt_marshallIn         000000018000c250 f   m_wNselC31AbXio1ZnIoqGEG.obj
 0001:0000b2f0       n_emlrt_marshallIn         000000018000c2f0 f   m_wNselC31AbXio1ZnIoqGEG.obj
 0001:0000b390       o_emlrt_marshallIn         000000018000c390 f   m_wNselC31AbXio1ZnIoqGEG.obj
 0001:0000b430       p_emlrt_marshallIn         000000018000c430 f   m_wNselC31AbXio1ZnIoqGEG.obj
 0001:0000b4a0       mw__internal__setSimState__fcn 000000018000c4a0 f   m_wNselC31AbXio1ZnIoqGEG.obj
 0001:0000b6b0       message                    000000018000c6b0 f   m_wNselC31AbXio1ZnIoqGEG.obj
 0001:0000b750       error                      000000018000c750 f   m_wNselC31AbXio1ZnIoqGEG.obj
 0001:0000b7c0       b_message                  000000018000c7c0 f   m_wNselC31AbXio1ZnIoqGEG.obj
 0001:0000b830       fimath                     000000018000c830 f   m_wNselC31AbXio1ZnIoqGEG.obj
 0001:0000bd30       numerictype                000000018000cd30 f   m_wNselC31AbXio1ZnIoqGEG.obj
 0001:0000bec0       b_numerictype              000000018000cec0 f   m_wNselC31AbXio1ZnIoqGEG.obj
 0001:0000c0c0       q_emlrt_marshallIn         000000018000d0c0 f   m_wNselC31AbXio1ZnIoqGEG.obj
 0001:0000c170       r_emlrt_marshallIn         000000018000d170 f   m_wNselC31AbXio1ZnIoqGEG.obj
 0001:0000c1f0       s_emlrt_marshallIn         000000018000d1f0 f   m_wNselC31AbXio1ZnIoqGEG.obj
 0001:0000c270       t_emlrt_marshallIn         000000018000d270 f   m_wNselC31AbXio1ZnIoqGEG.obj
 0001:0000c2f0       u_emlrt_marshallIn         000000018000d2f0 f   m_wNselC31AbXio1ZnIoqGEG.obj
 0001:0000c370       v_emlrt_marshallIn         000000018000d370 f   m_wNselC31AbXio1ZnIoqGEG.obj
 0001:0000c3f0       w_emlrt_marshallIn         000000018000d3f0 f   m_wNselC31AbXio1ZnIoqGEG.obj
 0001:0000c470       x_emlrt_marshallIn         000000018000d470 f   m_wNselC31AbXio1ZnIoqGEG.obj
 0001:0000c4f0       y_emlrt_marshallIn         000000018000d4f0 f   m_wNselC31AbXio1ZnIoqGEG.obj
 0001:0000c540       ab_emlrt_marshallIn        000000018000d540 f   m_wNselC31AbXio1ZnIoqGEG.obj
 0001:0000c590       init_simulink_io_address   000000018000d590 f   m_wNselC31AbXio1ZnIoqGEG.obj
 0001:0000c6d0       mdlOutputs_wNselC31AbXio1ZnIoqGEG 000000018000d6d0 f   m_wNselC31AbXio1ZnIoqGEG.obj
 0001:0000c710       mdlInitialize_wNselC31AbXio1ZnIoqGEG 000000018000d710 f   m_wNselC31AbXio1ZnIoqGEG.obj
 0001:0000c740       mdlUpdate_wNselC31AbXio1ZnIoqGEG 000000018000d740 f   m_wNselC31AbXio1ZnIoqGEG.obj
 0001:0000c780       getSimState_wNselC31AbXio1ZnIoqGEG 000000018000d780 f   m_wNselC31AbXio1ZnIoqGEG.obj
 0001:0000c7c0       setSimState_wNselC31AbXio1ZnIoqGEG 000000018000d7c0 f   m_wNselC31AbXio1ZnIoqGEG.obj
 0001:0000c800       mdlTerminate_wNselC31AbXio1ZnIoqGEG 000000018000d800 f   m_wNselC31AbXio1ZnIoqGEG.obj
 0001:0000c840       mdlStart_wNselC31AbXio1ZnIoqGEG 000000018000d840 f   m_wNselC31AbXio1ZnIoqGEG.obj
 0001:0000c910       mdlProcessParameters_wNselC31AbXio1ZnIoqGEG 000000018000d910 f   m_wNselC31AbXio1ZnIoqGEG.obj
 0001:0000d9d4       $LN96                      000000018000e9d4     commqamtxrxhdl_cgxe_registry.obj
 0001:0000f5a4       $LN17                      00000001800105a4     commqamtxrxhdl_cgxe_registry.obj
 0001:0000fb2c       $LN26                      0000000180010b2c     commqamtxrxhdl_cgxe_registry.obj
 0001:00010214       $LN23                      0000000180011214     commqamtxrxhdl_cgxe_registry.obj
 0001:000107f0       $LN26                      00000001800117f0     commqamtxrxhdl_cgxe_registry.obj
 0001:000117c0       mdlStart                   00000001800127c0 f   commqamtxrxhdl_cgxe_registry.obj
 0001:00011800       mdlInitializeConditions    0000000180012800 f   commqamtxrxhdl_cgxe_registry.obj
 0001:00011820       mdlUpdate                  0000000180012820 f   commqamtxrxhdl_cgxe_registry.obj
 0001:00011850       mdlOutputs                 0000000180012850 f   commqamtxrxhdl_cgxe_registry.obj
 0001:00011880       mdlTerminate               0000000180012880 f   commqamtxrxhdl_cgxe_registry.obj
 0001:000118a0       mdlInitializeSizes         00000001800128a0 f   commqamtxrxhdl_cgxe_registry.obj
 0001:000118b0       mdlInitializeSampleTimes   00000001800128b0 f   commqamtxrxhdl_cgxe_registry.obj
 0001:000118c0       cgxe_get_supported_modules 00000001800128c0 f   commqamtxrxhdl_cgxe_registry.obj
 0001:00011a20       cgxe_process_get_checksums 0000000180012a20 f   commqamtxrxhdl_cgxe_registry.obj
 0001:00011d90       cgxe_mex_unlock_call       0000000180012d90 f   commqamtxrxhdl_cgxe_registry.obj
 0001:00011dd0       cgxe_unpack_simstruct      0000000180012dd0 f   commqamtxrxhdl_cgxe_registry.obj
 0001:00011e70       cgxe_get_sim_state         0000000180012e70 f   commqamtxrxhdl_cgxe_registry.obj
 0001:00011ee0       cgxe_set_sim_state         0000000180012ee0 f   commqamtxrxhdl_cgxe_registry.obj
 0001:00011f60       cgxe_get_BuildInfoUpdate   0000000180012f60 f   commqamtxrxhdl_cgxe_registry.obj
 0001:00012060       ProcessMexSfunctionCmdLineCall 0000000180013060 f   commqamtxrxhdl_cgxe_registry.obj
 0001:00012260       mdlZeroCrossings           0000000180013260 f   commqamtxrxhdl_cgxe_registry.obj
 0001:000122b0       mdlGetTimeOfNextVarHit     00000001800132b0 f   commqamtxrxhdl_cgxe_registry.obj
 0001:00012300       _RegNumInputPortsCB        0000000180013300 f   commqamtxrxhdl_cgxe_registry.obj
 0001:00012380       _RegNumOutputPortsCB       0000000180013380 f   commqamtxrxhdl_cgxe_registry.obj
 0001:00012400       _CreateSimStruct           0000000180013400 f   commqamtxrxhdl_cgxe_registry.obj
 0001:000125e0       _ssFatalError              00000001800135e0 f   commqamtxrxhdl_cgxe_registry.obj
 0001:00012690       _ProcessMexSfunctionCmdLineCall 0000000180013690 f   commqamtxrxhdl_cgxe_registry.obj
 0001:00012f30       $$000000                   0000000180013f30     MSVCRT:amdsecgs.obj
 0001:00013264       pre_c_init                 0000000180014264 f   MSVCRT:crtdll.obj
 0001:0001355c       __DllMainCRTStartup        000000018001455c f   MSVCRT:crtdll.obj
 0001:00013a70       __DllMainCRTStartup$filt$0 0000000180014a70 f   MSVCRT:crtdll.obj
 0001:00013a95       __DllMainCRTStartup$fin$1  0000000180014a95 f   MSVCRT:crtdll.obj
 0001:00013ab0       _IsNonwritableInCurrentImage$filt$0 0000000180014ab0 f   MSVCRT:pesect.obj
 0001:00013ad0       _onexit$fin$0              0000000180014ad0 f   MSVCRT:atonexit.obj
 0002:00000340       pcinit                     0000000180015340     MSVCRT:crtdll.obj
 0002:00000348       pinit                      0000000180015348     MSVCRT:atonexit.obj
 0002:00000360       ?iv12@?1??cgxe_mdl_terminate@@9@9 0000000180015360     m_J7aWBDqExLqAyGE5Qpg8zG.obj
 0002:00000368       ?iv13@?1??cgxe_mdl_terminate@@9@9 0000000180015368     m_J7aWBDqExLqAyGE5Qpg8zG.obj
 0002:00000370       ?iv14@?1??cgxe_mdl_terminate@@9@9 0000000180015370     m_J7aWBDqExLqAyGE5Qpg8zG.obj
 0002:00000378       ?iv15@?1??cgxe_mdl_terminate@@9@9 0000000180015378     m_J7aWBDqExLqAyGE5Qpg8zG.obj
 0002:00000380       ?iv16@?1??mw__internal__getSimState__fcn@@9@9 0000000180015380     m_J7aWBDqExLqAyGE5Qpg8zG.obj
 0002:00000384       ?iv17@?1??mw__internal__getSimState__fcn@@9@9 0000000180015384     m_J7aWBDqExLqAyGE5Qpg8zG.obj
 0002:00000388       ?iv18@?1??mw__internal__getSimState__fcn@@9@9 0000000180015388     m_J7aWBDqExLqAyGE5Qpg8zG.obj
 0002:0000038c       ?iv19@?1??mw__internal__getSimState__fcn@@9@9 000000018001538c     m_J7aWBDqExLqAyGE5Qpg8zG.obj
 0002:00000390       ?iv20@?1??mw__internal__getSimState__fcn@@9@9 0000000180015390     m_J7aWBDqExLqAyGE5Qpg8zG.obj
 0002:00000394       ?iv21@?1??mw__internal__getSimState__fcn@@9@9 0000000180015394     m_J7aWBDqExLqAyGE5Qpg8zG.obj
 0002:00000398       ?iv22@?1??mw__internal__getSimState__fcn@@9@9 0000000180015398     m_J7aWBDqExLqAyGE5Qpg8zG.obj
 0002:0000039c       ?iv23@?1??mw__internal__getSimState__fcn@@9@9 000000018001539c     m_J7aWBDqExLqAyGE5Qpg8zG.obj
 0002:000003a0       ?iv24@?1??mw__internal__getSimState__fcn@@9@9 00000001800153a0     m_J7aWBDqExLqAyGE5Qpg8zG.obj
 0002:000003a4       ?iv25@?1??mw__internal__getSimState__fcn@@9@9 00000001800153a4     m_J7aWBDqExLqAyGE5Qpg8zG.obj
 0002:000003a8       ?iv0@?1??cgxe_mdl_start@@9@9 00000001800153a8     m_J7aWBDqExLqAyGE5Qpg8zG.obj
 0002:000003b0       ?iv1@?1??cgxe_mdl_start@@9@9 00000001800153b0     m_J7aWBDqExLqAyGE5Qpg8zG.obj
 0002:000003b8       ?dims@?1??d_emlrt_marshallIn@@9@9 00000001800153b8     m_J7aWBDqExLqAyGE5Qpg8zG.obj
 0002:000003bc       ?dims@?1??l_emlrt_marshallIn@@9@9 00000001800153bc     m_J7aWBDqExLqAyGE5Qpg8zG.obj
 0002:000003c0       ?iv2@?1??cgxe_mdl_initialize@@9@9 00000001800153c0     m_J7aWBDqExLqAyGE5Qpg8zG.obj
 0002:000003c8       ?iv3@?1??cgxe_mdl_initialize@@9@9 00000001800153c8     m_J7aWBDqExLqAyGE5Qpg8zG.obj
 0002:000003d0       ?iv4@?1??cgxe_mdl_initialize@@9@9 00000001800153d0     m_J7aWBDqExLqAyGE5Qpg8zG.obj
 0002:000003d8       ?iv5@?1??cgxe_mdl_initialize@@9@9 00000001800153d8     m_J7aWBDqExLqAyGE5Qpg8zG.obj
 0002:000003e0       ?dims@?1??n_emlrt_marshallIn@@9@9 00000001800153e0     m_J7aWBDqExLqAyGE5Qpg8zG.obj
 0002:000003e4       ?dims@?1??o_emlrt_marshallIn@@9@9 00000001800153e4     m_J7aWBDqExLqAyGE5Qpg8zG.obj
 0002:000003e8       ?iv6@?1??cgxe_mdl_outputs@@9@9 00000001800153e8     m_J7aWBDqExLqAyGE5Qpg8zG.obj
 0002:000003f0       ?iv7@?1??cgxe_mdl_outputs@@9@9 00000001800153f0     m_J7aWBDqExLqAyGE5Qpg8zG.obj
 0002:000003f8       ?dims@?1??p_emlrt_marshallIn@@9@9 00000001800153f8     m_J7aWBDqExLqAyGE5Qpg8zG.obj
 0002:000003fc       ?dims@?1??q_emlrt_marshallIn@@9@9 00000001800153fc     m_J7aWBDqExLqAyGE5Qpg8zG.obj
 0002:00000400       ?iv8@?1??cgxe_mdl_outputs@@9@9 0000000180015400     m_J7aWBDqExLqAyGE5Qpg8zG.obj
 0002:00000408       ?iv9@?1??cgxe_mdl_outputs@@9@9 0000000180015408     m_J7aWBDqExLqAyGE5Qpg8zG.obj
 0002:00000410       ?dims@?1??t_emlrt_marshallIn@@9@9 0000000180015410     m_J7aWBDqExLqAyGE5Qpg8zG.obj
 0002:00000414       ?dims@?1??v_emlrt_marshallIn@@9@9 0000000180015414     m_J7aWBDqExLqAyGE5Qpg8zG.obj
 0002:00000418       ?dims@?1??w_emlrt_marshallIn@@9@9 0000000180015418     m_J7aWBDqExLqAyGE5Qpg8zG.obj
 0002:0000041c       ?dims@?1??x_emlrt_marshallIn@@9@9 000000018001541c     m_J7aWBDqExLqAyGE5Qpg8zG.obj
 0002:00000420       ?dims@?1??y_emlrt_marshallIn@@9@9 0000000180015420     m_J7aWBDqExLqAyGE5Qpg8zG.obj
 0002:00000424       ?dims@?1??eb_emlrt_marshallIn@@9@9 0000000180015424     m_J7aWBDqExLqAyGE5Qpg8zG.obj
 0002:00000488       ?iv14@?1??cgxe_mdl_terminate@@9@9 0000000180015488     m_wNselC31AbXio1ZnIoqGEG.obj
 0002:00000490       ?iv15@?1??cgxe_mdl_terminate@@9@9 0000000180015490     m_wNselC31AbXio1ZnIoqGEG.obj
 0002:00000498       ?iv16@?1??cgxe_mdl_terminate@@9@9 0000000180015498     m_wNselC31AbXio1ZnIoqGEG.obj
 0002:000004a0       ?iv17@?1??cgxe_mdl_terminate@@9@9 00000001800154a0     m_wNselC31AbXio1ZnIoqGEG.obj
 0002:000004a8       ?iv18@?1??mw__internal__getSimState__fcn@@9@9 00000001800154a8     m_wNselC31AbXio1ZnIoqGEG.obj
 0002:000004ac       ?iv19@?1??mw__internal__getSimState__fcn@@9@9 00000001800154ac     m_wNselC31AbXio1ZnIoqGEG.obj
 0002:000004b0       ?iv20@?1??mw__internal__getSimState__fcn@@9@9 00000001800154b0     m_wNselC31AbXio1ZnIoqGEG.obj
 0002:000004b4       ?iv21@?1??mw__internal__getSimState__fcn@@9@9 00000001800154b4     m_wNselC31AbXio1ZnIoqGEG.obj
 0002:000004b8       ?iv22@?1??mw__internal__getSimState__fcn@@9@9 00000001800154b8     m_wNselC31AbXio1ZnIoqGEG.obj
 0002:000004bc       ?iv23@?1??mw__internal__getSimState__fcn@@9@9 00000001800154bc     m_wNselC31AbXio1ZnIoqGEG.obj
 0002:000004c0       ?iv24@?1??mw__internal__getSimState__fcn@@9@9 00000001800154c0     m_wNselC31AbXio1ZnIoqGEG.obj
 0002:000004c4       ?iv25@?1??mw__internal__getSimState__fcn@@9@9 00000001800154c4     m_wNselC31AbXio1ZnIoqGEG.obj
 0002:000004c8       ?iv26@?1??mw__internal__getSimState__fcn@@9@9 00000001800154c8     m_wNselC31AbXio1ZnIoqGEG.obj
 0002:000004cc       ?iv27@?1??mw__internal__getSimState__fcn@@9@9 00000001800154cc     m_wNselC31AbXio1ZnIoqGEG.obj
 0002:000004d0       ?dims@?1??d_emlrt_marshallIn@@9@9 00000001800154d0     m_wNselC31AbXio1ZnIoqGEG.obj
 0002:000004d4       ?dims@?1??f_emlrt_marshallIn@@9@9 00000001800154d4     m_wNselC31AbXio1ZnIoqGEG.obj
 0002:000004d8       ?dims@?1??h_emlrt_marshallIn@@9@9 00000001800154d8     m_wNselC31AbXio1ZnIoqGEG.obj
 0002:000004dc       ?dims@?1??k_emlrt_marshallIn@@9@9 00000001800154dc     m_wNselC31AbXio1ZnIoqGEG.obj
 0002:000004e0       ?dims@?1??l_emlrt_marshallIn@@9@9 00000001800154e0     m_wNselC31AbXio1ZnIoqGEG.obj
 0002:000004e4       ?dims@?1??m_emlrt_marshallIn@@9@9 00000001800154e4     m_wNselC31AbXio1ZnIoqGEG.obj
 0002:000004e8       ?dims@?1??n_emlrt_marshallIn@@9@9 00000001800154e8     m_wNselC31AbXio1ZnIoqGEG.obj
 0002:000004ec       ?dims@?1??o_emlrt_marshallIn@@9@9 00000001800154ec     m_wNselC31AbXio1ZnIoqGEG.obj
 0002:000004f0       ?iv0@?1??cgxe_mdl_start@@9@9 00000001800154f0     m_wNselC31AbXio1ZnIoqGEG.obj
 0002:000004f8       ?iv1@?1??cgxe_mdl_start@@9@9 00000001800154f8     m_wNselC31AbXio1ZnIoqGEG.obj
 0002:00000500       ?iv2@?1??cgxe_mdl_start@@9@9 0000000180015500     m_wNselC31AbXio1ZnIoqGEG.obj
 0002:00000508       ?iv3@?1??cgxe_mdl_initialize@@9@9 0000000180015508     m_wNselC31AbXio1ZnIoqGEG.obj
 0002:00000510       ?iv4@?1??cgxe_mdl_initialize@@9@9 0000000180015510     m_wNselC31AbXio1ZnIoqGEG.obj
 0002:00000518       ?iv5@?1??cgxe_mdl_initialize@@9@9 0000000180015518     m_wNselC31AbXio1ZnIoqGEG.obj
 0002:00000520       ?iv6@?1??cgxe_mdl_initialize@@9@9 0000000180015520     m_wNselC31AbXio1ZnIoqGEG.obj
 0002:00000528       ?iv7@?1??cgxe_mdl_initialize@@9@9 0000000180015528     m_wNselC31AbXio1ZnIoqGEG.obj
 0002:00000530       ?dims@?1??q_emlrt_marshallIn@@9@9 0000000180015530     m_wNselC31AbXio1ZnIoqGEG.obj
 0002:00000534       ?dims@?1??t_emlrt_marshallIn@@9@9 0000000180015534     m_wNselC31AbXio1ZnIoqGEG.obj
 0002:00000538       ?iv8@?1??cgxe_mdl_outputs@@9@9 0000000180015538     m_wNselC31AbXio1ZnIoqGEG.obj
 0002:00000540       ?dims@?1??u_emlrt_marshallIn@@9@9 0000000180015540     m_wNselC31AbXio1ZnIoqGEG.obj
 0002:00000548       ?iv9@?1??cgxe_mdl_outputs@@9@9 0000000180015548     m_wNselC31AbXio1ZnIoqGEG.obj
 0002:00000550       ?iv10@?1??cgxe_mdl_outputs@@9@9 0000000180015550     m_wNselC31AbXio1ZnIoqGEG.obj
 0002:00000558       ?iv11@?1??cgxe_mdl_outputs@@9@9 0000000180015558     m_wNselC31AbXio1ZnIoqGEG.obj
 0002:00000560       ?iv12@?1??cgxe_mdl_outputs@@9@9 0000000180015560     m_wNselC31AbXio1ZnIoqGEG.obj
 0002:00000568       ?iv13@?1??cgxe_mdl_outputs@@9@9 0000000180015568     m_wNselC31AbXio1ZnIoqGEG.obj
 0002:00000bc0       GS_ExceptionPointers       0000000180015bc0     MSVCRT:gs_report.obj
 0002:00000c90       $unwind$cgxe_commqamtxrxhdl_method_dispatcher 0000000180015c90     commqamtxrxhdl_cgxe.obj
 0002:00000c98       $unwind$method_dispatcher_J7aWBDqExLqAyGE5Qpg8zG 0000000180015c98     m_J7aWBDqExLqAyGE5Qpg8zG.obj
 0002:00000ca0       $unwind$cgxe_mdl_start     0000000180015ca0     m_J7aWBDqExLqAyGE5Qpg8zG.obj
 0002:00000cb0       $unwind$cgxe_mdl_initialize 0000000180015cb0     m_J7aWBDqExLqAyGE5Qpg8zG.obj
 0002:00000cc0       $unwind$cgxe_mdl_outputs   0000000180015cc0     m_J7aWBDqExLqAyGE5Qpg8zG.obj
 0002:00000cd0       $unwind$cgxe_mdl_update    0000000180015cd0     m_J7aWBDqExLqAyGE5Qpg8zG.obj
 0002:00000cd8       $unwind$cgxe_mdl_terminate 0000000180015cd8     m_J7aWBDqExLqAyGE5Qpg8zG.obj
 0002:00000ce8       $unwind$mw__internal__getSimState__fcn 0000000180015ce8     m_J7aWBDqExLqAyGE5Qpg8zG.obj
 0002:00000cf8       $unwind$emlrt_marshallIn   0000000180015cf8     m_J7aWBDqExLqAyGE5Qpg8zG.obj
 0002:00000d00       $unwind$b_emlrt_marshallIn 0000000180015d00     m_J7aWBDqExLqAyGE5Qpg8zG.obj
 0002:00000d08       $unwind$c_emlrt_marshallIn 0000000180015d08     m_J7aWBDqExLqAyGE5Qpg8zG.obj
 0002:00000d10       $unwind$d_emlrt_marshallIn 0000000180015d10     m_J7aWBDqExLqAyGE5Qpg8zG.obj
 0002:00000d18       $unwind$e_emlrt_marshallIn 0000000180015d18     m_J7aWBDqExLqAyGE5Qpg8zG.obj
 0002:00000d20       $unwind$f_emlrt_marshallIn 0000000180015d20     m_J7aWBDqExLqAyGE5Qpg8zG.obj
 0002:00000d28       $unwind$g_emlrt_marshallIn 0000000180015d28     m_J7aWBDqExLqAyGE5Qpg8zG.obj
 0002:00000d30       $unwind$h_emlrt_marshallIn 0000000180015d30     m_J7aWBDqExLqAyGE5Qpg8zG.obj
 0002:00000d38       $unwind$i_emlrt_marshallIn 0000000180015d38     m_J7aWBDqExLqAyGE5Qpg8zG.obj
 0002:00000d40       $unwind$j_emlrt_marshallIn 0000000180015d40     m_J7aWBDqExLqAyGE5Qpg8zG.obj
 0002:00000d48       $unwind$k_emlrt_marshallIn 0000000180015d48     m_J7aWBDqExLqAyGE5Qpg8zG.obj
 0002:00000d50       $unwind$l_emlrt_marshallIn 0000000180015d50     m_J7aWBDqExLqAyGE5Qpg8zG.obj
 0002:00000d58       $unwind$m_emlrt_marshallIn 0000000180015d58     m_J7aWBDqExLqAyGE5Qpg8zG.obj
 0002:00000d60       $unwind$n_emlrt_marshallIn 0000000180015d60     m_J7aWBDqExLqAyGE5Qpg8zG.obj
 0002:00000d68       $unwind$o_emlrt_marshallIn 0000000180015d68     m_J7aWBDqExLqAyGE5Qpg8zG.obj
 0002:00000d70       $unwind$p_emlrt_marshallIn 0000000180015d70     m_J7aWBDqExLqAyGE5Qpg8zG.obj
 0002:00000d78       $unwind$q_emlrt_marshallIn 0000000180015d78     m_J7aWBDqExLqAyGE5Qpg8zG.obj
 0002:00000d80       $unwind$r_emlrt_marshallIn 0000000180015d80     m_J7aWBDqExLqAyGE5Qpg8zG.obj
 0002:00000d88       $unwind$s_emlrt_marshallIn 0000000180015d88     m_J7aWBDqExLqAyGE5Qpg8zG.obj
 0002:00000d90       $unwind$mw__internal__setSimState__fcn 0000000180015d90     m_J7aWBDqExLqAyGE5Qpg8zG.obj
 0002:00000d98       $unwind$message            0000000180015d98     m_J7aWBDqExLqAyGE5Qpg8zG.obj
 0002:00000da0       $unwind$error              0000000180015da0     m_J7aWBDqExLqAyGE5Qpg8zG.obj
 0002:00000da8       $unwind$fimath             0000000180015da8     m_J7aWBDqExLqAyGE5Qpg8zG.obj
 0002:00000db0       $unwind$numerictype        0000000180015db0     m_J7aWBDqExLqAyGE5Qpg8zG.obj
 0002:00000db8       $unwind$b_numerictype      0000000180015db8     m_J7aWBDqExLqAyGE5Qpg8zG.obj
 0002:00000dc0       $unwind$c_numerictype      0000000180015dc0     m_J7aWBDqExLqAyGE5Qpg8zG.obj
 0002:00000dc8       $unwind$t_emlrt_marshallIn 0000000180015dc8     m_J7aWBDqExLqAyGE5Qpg8zG.obj
 0002:00000dd0       $unwind$u_emlrt_marshallIn 0000000180015dd0     m_J7aWBDqExLqAyGE5Qpg8zG.obj
 0002:00000dd8       $unwind$v_emlrt_marshallIn 0000000180015dd8     m_J7aWBDqExLqAyGE5Qpg8zG.obj
 0002:00000de0       $unwind$w_emlrt_marshallIn 0000000180015de0     m_J7aWBDqExLqAyGE5Qpg8zG.obj
 0002:00000de8       $unwind$x_emlrt_marshallIn 0000000180015de8     m_J7aWBDqExLqAyGE5Qpg8zG.obj
 0002:00000df0       $unwind$y_emlrt_marshallIn 0000000180015df0     m_J7aWBDqExLqAyGE5Qpg8zG.obj
 0002:00000df8       $unwind$ab_emlrt_marshallIn 0000000180015df8     m_J7aWBDqExLqAyGE5Qpg8zG.obj
 0002:00000e00       $unwind$bb_emlrt_marshallIn 0000000180015e00     m_J7aWBDqExLqAyGE5Qpg8zG.obj
 0002:00000e08       $unwind$cb_emlrt_marshallIn 0000000180015e08     m_J7aWBDqExLqAyGE5Qpg8zG.obj
 0002:00000e10       $unwind$db_emlrt_marshallIn 0000000180015e10     m_J7aWBDqExLqAyGE5Qpg8zG.obj
 0002:00000e18       $unwind$eb_emlrt_marshallIn 0000000180015e18     m_J7aWBDqExLqAyGE5Qpg8zG.obj
 0002:00000e20       $unwind$init_simulink_io_address 0000000180015e20     m_J7aWBDqExLqAyGE5Qpg8zG.obj
 0002:00000e28       $unwind$mdlOutputs_J7aWBDqExLqAyGE5Qpg8zG 0000000180015e28     m_J7aWBDqExLqAyGE5Qpg8zG.obj
 0002:00000e30       $unwind$mdlInitialize_J7aWBDqExLqAyGE5Qpg8zG 0000000180015e30     m_J7aWBDqExLqAyGE5Qpg8zG.obj
 0002:00000e38       $unwind$mdlUpdate_J7aWBDqExLqAyGE5Qpg8zG 0000000180015e38     m_J7aWBDqExLqAyGE5Qpg8zG.obj
 0002:00000e40       $unwind$getSimState_J7aWBDqExLqAyGE5Qpg8zG 0000000180015e40     m_J7aWBDqExLqAyGE5Qpg8zG.obj
 0002:00000e48       $unwind$setSimState_J7aWBDqExLqAyGE5Qpg8zG 0000000180015e48     m_J7aWBDqExLqAyGE5Qpg8zG.obj
 0002:00000e50       $unwind$mdlTerminate_J7aWBDqExLqAyGE5Qpg8zG 0000000180015e50     m_J7aWBDqExLqAyGE5Qpg8zG.obj
 0002:00000e58       $unwind$mdlStart_J7aWBDqExLqAyGE5Qpg8zG 0000000180015e58     m_J7aWBDqExLqAyGE5Qpg8zG.obj
 0002:00000e60       $unwind$cgxe_J7aWBDqExLqAyGE5Qpg8zG_BuildInfoUpdate 0000000180015e60     m_J7aWBDqExLqAyGE5Qpg8zG.obj
 0002:00000e68       $unwind$method_dispatcher_wNselC31AbXio1ZnIoqGEG 0000000180015e68     m_wNselC31AbXio1ZnIoqGEG.obj
 0002:00000e70       $unwind$cgxe_mdl_start     0000000180015e70     m_wNselC31AbXio1ZnIoqGEG.obj
 0002:00000e80       $unwind$cgxe_mdl_initialize 0000000180015e80     m_wNselC31AbXio1ZnIoqGEG.obj
 0002:00000e90       $unwind$cgxe_mdl_outputs   0000000180015e90     m_wNselC31AbXio1ZnIoqGEG.obj
 0002:00000ea0       $unwind$cgxe_mdl_update    0000000180015ea0     m_wNselC31AbXio1ZnIoqGEG.obj
 0002:00000ea8       $unwind$cgxe_mdl_terminate 0000000180015ea8     m_wNselC31AbXio1ZnIoqGEG.obj
 0002:00000eb8       $unwind$mw__internal__getSimState__fcn 0000000180015eb8     m_wNselC31AbXio1ZnIoqGEG.obj
 0002:00000ec8       $unwind$emlrt_marshallIn   0000000180015ec8     m_wNselC31AbXio1ZnIoqGEG.obj
 0002:00000ed0       $unwind$b_emlrt_marshallIn 0000000180015ed0     m_wNselC31AbXio1ZnIoqGEG.obj
 0002:00000ed8       $unwind$c_emlrt_marshallIn 0000000180015ed8     m_wNselC31AbXio1ZnIoqGEG.obj
 0002:00000ee0       $unwind$d_emlrt_marshallIn 0000000180015ee0     m_wNselC31AbXio1ZnIoqGEG.obj
 0002:00000ee8       $unwind$e_emlrt_marshallIn 0000000180015ee8     m_wNselC31AbXio1ZnIoqGEG.obj
 0002:00000ef0       $unwind$f_emlrt_marshallIn 0000000180015ef0     m_wNselC31AbXio1ZnIoqGEG.obj
 0002:00000ef8       $unwind$g_emlrt_marshallIn 0000000180015ef8     m_wNselC31AbXio1ZnIoqGEG.obj
 0002:00000f00       $unwind$h_emlrt_marshallIn 0000000180015f00     m_wNselC31AbXio1ZnIoqGEG.obj
 0002:00000f08       $unwind$i_emlrt_marshallIn 0000000180015f08     m_wNselC31AbXio1ZnIoqGEG.obj
 0002:00000f10       $unwind$j_emlrt_marshallIn 0000000180015f10     m_wNselC31AbXio1ZnIoqGEG.obj
 0002:00000f18       $unwind$k_emlrt_marshallIn 0000000180015f18     m_wNselC31AbXio1ZnIoqGEG.obj
 0002:00000f20       $unwind$l_emlrt_marshallIn 0000000180015f20     m_wNselC31AbXio1ZnIoqGEG.obj
 0002:00000f28       $unwind$m_emlrt_marshallIn 0000000180015f28     m_wNselC31AbXio1ZnIoqGEG.obj
 0002:00000f30       $unwind$n_emlrt_marshallIn 0000000180015f30     m_wNselC31AbXio1ZnIoqGEG.obj
 0002:00000f38       $unwind$o_emlrt_marshallIn 0000000180015f38     m_wNselC31AbXio1ZnIoqGEG.obj
 0002:00000f40       $unwind$p_emlrt_marshallIn 0000000180015f40     m_wNselC31AbXio1ZnIoqGEG.obj
 0002:00000f48       $unwind$mw__internal__setSimState__fcn 0000000180015f48     m_wNselC31AbXio1ZnIoqGEG.obj
 0002:00000f50       $unwind$message            0000000180015f50     m_wNselC31AbXio1ZnIoqGEG.obj
 0002:00000f58       $unwind$error              0000000180015f58     m_wNselC31AbXio1ZnIoqGEG.obj
 0002:00000f60       $unwind$b_message          0000000180015f60     m_wNselC31AbXio1ZnIoqGEG.obj
 0002:00000f68       $unwind$fimath             0000000180015f68     m_wNselC31AbXio1ZnIoqGEG.obj
 0002:00000f70       $unwind$numerictype        0000000180015f70     m_wNselC31AbXio1ZnIoqGEG.obj
 0002:00000f78       $unwind$b_numerictype      0000000180015f78     m_wNselC31AbXio1ZnIoqGEG.obj
 0002:00000f80       $unwind$q_emlrt_marshallIn 0000000180015f80     m_wNselC31AbXio1ZnIoqGEG.obj
 0002:00000f88       $unwind$r_emlrt_marshallIn 0000000180015f88     m_wNselC31AbXio1ZnIoqGEG.obj
 0002:00000f90       $unwind$s_emlrt_marshallIn 0000000180015f90     m_wNselC31AbXio1ZnIoqGEG.obj
 0002:00000f98       $unwind$t_emlrt_marshallIn 0000000180015f98     m_wNselC31AbXio1ZnIoqGEG.obj
 0002:00000fa0       $unwind$u_emlrt_marshallIn 0000000180015fa0     m_wNselC31AbXio1ZnIoqGEG.obj
 0002:00000fa8       $unwind$v_emlrt_marshallIn 0000000180015fa8     m_wNselC31AbXio1ZnIoqGEG.obj
 0002:00000fb0       $unwind$w_emlrt_marshallIn 0000000180015fb0     m_wNselC31AbXio1ZnIoqGEG.obj
 0002:00000fb8       $unwind$x_emlrt_marshallIn 0000000180015fb8     m_wNselC31AbXio1ZnIoqGEG.obj
 0002:00000fc0       $unwind$y_emlrt_marshallIn 0000000180015fc0     m_wNselC31AbXio1ZnIoqGEG.obj
 0002:00000fc8       $unwind$ab_emlrt_marshallIn 0000000180015fc8     m_wNselC31AbXio1ZnIoqGEG.obj
 0002:00000fd0       $unwind$init_simulink_io_address 0000000180015fd0     m_wNselC31AbXio1ZnIoqGEG.obj
 0002:00000fd8       $unwind$mdlOutputs_wNselC31AbXio1ZnIoqGEG 0000000180015fd8     m_wNselC31AbXio1ZnIoqGEG.obj
 0002:00000fe0       $unwind$mdlInitialize_wNselC31AbXio1ZnIoqGEG 0000000180015fe0     m_wNselC31AbXio1ZnIoqGEG.obj
 0002:00000fe8       $unwind$mdlUpdate_wNselC31AbXio1ZnIoqGEG 0000000180015fe8     m_wNselC31AbXio1ZnIoqGEG.obj
 0002:00000ff0       $unwind$getSimState_wNselC31AbXio1ZnIoqGEG 0000000180015ff0     m_wNselC31AbXio1ZnIoqGEG.obj
 0002:00000ff8       $unwind$setSimState_wNselC31AbXio1ZnIoqGEG 0000000180015ff8     m_wNselC31AbXio1ZnIoqGEG.obj
 0002:00001000       $unwind$mdlTerminate_wNselC31AbXio1ZnIoqGEG 0000000180016000     m_wNselC31AbXio1ZnIoqGEG.obj
 0002:00001008       $unwind$mdlStart_wNselC31AbXio1ZnIoqGEG 0000000180016008     m_wNselC31AbXio1ZnIoqGEG.obj
 0002:00001010       $unwind$cgxe_wNselC31AbXio1ZnIoqGEG_BuildInfoUpdate 0000000180016010     m_wNselC31AbXio1ZnIoqGEG.obj
 0002:00001018       $unwind$mexFunction        0000000180016018     commqamtxrxhdl_cgxe_registry.obj
 0002:00001020       $unwind$_ssSetInputPortDirectFeedThroughFcn 0000000180016020     commqamtxrxhdl_cgxe_registry.obj
 0002:00001028       $unwind$_ssGetInputPortSignalPtrsFcn 0000000180016028     commqamtxrxhdl_cgxe_registry.obj
 0002:00001030       $unwind$_ssGetInputPortSignalFcn 0000000180016030     commqamtxrxhdl_cgxe_registry.obj
 0002:00001038       $unwind$_ssSetInputPortReusableFcn 0000000180016038     commqamtxrxhdl_cgxe_registry.obj
 0002:00001048       $unwind$_ssSetOutputPortReusableFcn 0000000180016048     commqamtxrxhdl_cgxe_registry.obj
 0002:00001058       $unwind$_ssSetSymbolicDimsSupport 0000000180016058     commqamtxrxhdl_cgxe_registry.obj
 0002:00001060       $unwind$_ssRegisterSymbolicDimsExpr 0000000180016060     commqamtxrxhdl_cgxe_registry.obj
 0002:00001068       $unwind$_ssRegisterSymbolicDims 0000000180016068     commqamtxrxhdl_cgxe_registry.obj
 0002:00001070       $unwind$_ssRegisterSymbolicDimsString 0000000180016070     commqamtxrxhdl_cgxe_registry.obj
 0002:00001078       $unwind$_ssRegisterSymbolicDimsIntValue 0000000180016078     commqamtxrxhdl_cgxe_registry.obj
 0002:00001080       $unwind$_ssRegisterSymbolicDimsPlus 0000000180016080     commqamtxrxhdl_cgxe_registry.obj
 0002:00001088       $unwind$_ssRegisterSymbolicDimsMinus 0000000180016088     commqamtxrxhdl_cgxe_registry.obj
 0002:00001090       $unwind$_ssRegisterSymbolicDimsMultiply 0000000180016090     commqamtxrxhdl_cgxe_registry.obj
[...]
 0004:000000e4       $pdata$l_emlrt_marshallIn  000000018005b0e4     m_J7aWBDqExLqAyGE5Qpg8zG.obj
 0004:000000f0       $pdata$m_emlrt_marshallIn  000000018005b0f0     m_J7aWBDqExLqAyGE5Qpg8zG.obj
 0004:000000fc       $pdata$n_emlrt_marshallIn  000000018005b0fc     m_J7aWBDqExLqAyGE5Qpg8zG.obj
 0004:00000108       $pdata$o_emlrt_marshallIn  000000018005b108     m_J7aWBDqExLqAyGE5Qpg8zG.obj
 0004:00000114       $pdata$p_emlrt_marshallIn  000000018005b114     m_J7aWBDqExLqAyGE5Qpg8zG.obj
 0004:00000120       $pdata$q_emlrt_marshallIn  000000018005b120     m_J7aWBDqExLqAyGE5Qpg8zG.obj
 0004:0000012c       $pdata$r_emlrt_marshallIn  000000018005b12c     m_J7aWBDqExLqAyGE5Qpg8zG.obj
 0004:00000138       $pdata$s_emlrt_marshallIn  000000018005b138     m_J7aWBDqExLqAyGE5Qpg8zG.obj
 0004:00000144       $pdata$mw__internal__setSimState__fcn 000000018005b144     m_J7aWBDqExLqAyGE5Qpg8zG.obj
 0004:00000150       $pdata$message             000000018005b150     m_J7aWBDqExLqAyGE5Qpg8zG.obj
 0004:0000015c       $pdata$error               000000018005b15c     m_J7aWBDqExLqAyGE5Qpg8zG.obj
 0004:00000168       $pdata$fimath              000000018005b168     m_J7aWBDqExLqAyGE5Qpg8zG.obj
 0004:00000174       $pdata$numerictype         000000018005b174     m_J7aWBDqExLqAyGE5Qpg8zG.obj
 0004:00000180       $pdata$b_numerictype       000000018005b180     m_J7aWBDqExLqAyGE5Qpg8zG.obj
 0004:0000018c       $pdata$c_numerictype       000000018005b18c     m_J7aWBDqExLqAyGE5Qpg8zG.obj
 0004:00000198       $pdata$t_emlrt_marshallIn  000000018005b198     m_J7aWBDqExLqAyGE5Qpg8zG.obj
 0004:000001a4       $pdata$u_emlrt_marshallIn  000000018005b1a4     m_J7aWBDqExLqAyGE5Qpg8zG.obj
 0004:000001b0       $pdata$v_emlrt_marshallIn  000000018005b1b0     m_J7aWBDqExLqAyGE5Qpg8zG.obj
 0004:000001bc       $pdata$w_emlrt_marshallIn  000000018005b1bc     m_J7aWBDqExLqAyGE5Qpg8zG.obj
 0004:000001c8       $pdata$x_emlrt_marshallIn  000000018005b1c8     m_J7aWBDqExLqAyGE5Qpg8zG.obj
 0004:000001d4       $pdata$y_emlrt_marshallIn  000000018005b1d4     m_J7aWBDqExLqAyGE5Qpg8zG.obj
 0004:000001e0       $pdata$ab_emlrt_marshallIn 000000018005b1e0     m_J7aWBDqExLqAyGE5Qpg8zG.obj
 0004:000001ec       $pdata$bb_emlrt_marshallIn 000000018005b1ec     m_J7aWBDqExLqAyGE5Qpg8zG.obj
 0004:000001f8       $pdata$cb_emlrt_marshallIn 000000018005b1f8     m_J7aWBDqExLqAyGE5Qpg8zG.obj
 0004:00000204       $pdata$db_emlrt_marshallIn 000000018005b204     m_J7aWBDqExLqAyGE5Qpg8zG.obj
 0004:00000210       $pdata$eb_emlrt_marshallIn 000000018005b210     m_J7aWBDqExLqAyGE5Qpg8zG.obj
 0004:0000021c       $pdata$init_simulink_io_address 000000018005b21c     m_J7aWBDqExLqAyGE5Qpg8zG.obj
 0004:00000228       $pdata$mdlOutputs_J7aWBDqExLqAyGE5Qpg8zG 000000018005b228     m_J7aWBDqExLqAyGE5Qpg8zG.obj
 0004:00000234       $pdata$mdlInitialize_J7aWBDqExLqAyGE5Qpg8zG 000000018005b234     m_J7aWBDqExLqAyGE5Qpg8zG.obj
 0004:00000240       $pdata$mdlUpdate_J7aWBDqExLqAyGE5Qpg8zG 000000018005b240     m_J7aWBDqExLqAyGE5Qpg8zG.obj
 0004:0000024c       $pdata$getSimState_J7aWBDqExLqAyGE5Qpg8zG 000000018005b24c     m_J7aWBDqExLqAyGE5Qpg8zG.obj
 0004:00000258       $pdata$setSimState_J7aWBDqExLqAyGE5Qpg8zG 000000018005b258     m_J7aWBDqExLqAyGE5Qpg8zG.obj
 0004:00000264       $pdata$mdlTerminate_J7aWBDqExLqAyGE5Qpg8zG 000000018005b264     m_J7aWBDqExLqAyGE5Qpg8zG.obj
 0004:00000270       $pdata$mdlStart_J7aWBDqExLqAyGE5Qpg8zG 000000018005b270     m_J7aWBDqExLqAyGE5Qpg8zG.obj
 0004:0000027c       $pdata$cgxe_J7aWBDqExLqAyGE5Qpg8zG_BuildInfoUpdate 000000018005b27c     m_J7aWBDqExLqAyGE5Qpg8zG.obj
 0004:00000288       $pdata$method_dispatcher_wNselC31AbXio1ZnIoqGEG 000000018005b288     m_wNselC31AbXio1ZnIoqGEG.obj
 0004:00000294       $pdata$cgxe_mdl_start      000000018005b294     m_wNselC31AbXio1ZnIoqGEG.obj
 0004:000002a0       $pdata$cgxe_mdl_initialize 000000018005b2a0     m_wNselC31AbXio1ZnIoqGEG.obj
 0004:000002ac       $pdata$cgxe_mdl_outputs    000000018005b2ac     m_wNselC31AbXio1ZnIoqGEG.obj
 0004:000002b8       $pdata$cgxe_mdl_update     000000018005b2b8     m_wNselC31AbXio1ZnIoqGEG.obj
 0004:000002c4       $pdata$cgxe_mdl_terminate  000000018005b2c4     m_wNselC31AbXio1ZnIoqGEG.obj
 0004:000002d0       $pdata$mw__internal__getSimState__fcn 000000018005b2d0     m_wNselC31AbXio1ZnIoqGEG.obj
 0004:000002dc       $pdata$emlrt_marshallIn    000000018005b2dc     m_wNselC31AbXio1ZnIoqGEG.obj
 0004:000002e8       $pdata$b_emlrt_marshallIn  000000018005b2e8     m_wNselC31AbXio1ZnIoqGEG.obj
 0004:000002f4       $pdata$c_emlrt_marshallIn  000000018005b2f4     m_wNselC31AbXio1ZnIoqGEG.obj
 0004:00000300       $pdata$d_emlrt_marshallIn  000000018005b300     m_wNselC31AbXio1ZnIoqGEG.obj
 0004:0000030c       $pdata$e_emlrt_marshallIn  000000018005b30c     m_wNselC31AbXio1ZnIoqGEG.obj
 0004:00000318       $pdata$f_emlrt_marshallIn  000000018005b318     m_wNselC31AbXio1ZnIoqGEG.obj
 0004:00000324       $pdata$g_emlrt_marshallIn  000000018005b324     m_wNselC31AbXio1ZnIoqGEG.obj
 0004:00000330       $pdata$h_emlrt_marshallIn  000000018005b330     m_wNselC31AbXio1ZnIoqGEG.obj
 0004:0000033c       $pdata$i_emlrt_marshallIn  000000018005b33c     m_wNselC31AbXio1ZnIoqGEG.obj
 0004:00000348       $pdata$j_emlrt_marshallIn  000000018005b348     m_wNselC31AbXio1ZnIoqGEG.obj
 0004:00000354       $pdata$k_emlrt_marshallIn  000000018005b354     m_wNselC31AbXio1ZnIoqGEG.obj
 0004:00000360       $pdata$l_emlrt_marshallIn  000000018005b360     m_wNselC31AbXio1ZnIoqGEG.obj
 0004:0000036c       $pdata$m_emlrt_marshallIn  000000018005b36c     m_wNselC31AbXio1ZnIoqGEG.obj
 0004:00000378       $pdata$n_emlrt_marshallIn  000000018005b378     m_wNselC31AbXio1ZnIoqGEG.obj
 0004:00000384       $pdata$o_emlrt_marshallIn  000000018005b384     m_wNselC31AbXio1ZnIoqGEG.obj
 0004:00000390       $pdata$p_emlrt_marshallIn  000000018005b390     m_wNselC31AbXio1ZnIoqGEG.obj
 0004:0000039c       $pdata$mw__internal__setSimState__fcn 000000018005b39c     m_wNselC31AbXio1ZnIoqGEG.obj
 0004:000003a8       $pdata$message             000000018005b3a8     m_wNselC31AbXio1ZnIoqGEG.obj
 0004:000003b4       $pdata$error               000000018005b3b4     m_wNselC31AbXio1ZnIoqGEG.obj
 0004:000003c0       $pdata$b_message           000000018005b3c0     m_wNselC31AbXio1ZnIoqGEG.obj
 0004:000003cc       $pdata$fimath              000000018005b3cc     m_wNselC31AbXio1ZnIoqGEG.obj
 0004:000003d8       $pdata$numerictype         000000018005b3d8     m_wNselC31AbXio1ZnIoqGEG.obj
 0004:000003e4       $pdata$b_numerictype       000000018005b3e4     m_wNselC31AbXio1ZnIoqGEG.obj
 0004:000003f0       $pdata$q_emlrt_marshallIn  000000018005b3f0     m_wNselC31AbXio1ZnIoqGEG.obj
 0004:000003fc       $pdata$r_emlrt_marshallIn  000000018005b3fc     m_wNselC31AbXio1ZnIoqGEG.obj
 0004:00000408       $pdata$s_emlrt_marshallIn  000000018005b408     m_wNselC31AbXio1ZnIoqGEG.obj
 0004:00000414       $pdata$t_emlrt_marshallIn  000000018005b414     m_wNselC31AbXio1ZnIoqGEG.obj
 0004:00000420       $pdata$u_emlrt_marshallIn  000000018005b420     m_wNselC31AbXio1ZnIoqGEG.obj
 0004:0000042c       $pdata$v_emlrt_marshallIn  000000018005b42c     m_wNselC31AbXio1ZnIoqGEG.obj
 0004:00000438       $pdata$w_emlrt_marshallIn  000000018005b438     m_wNselC31AbXio1ZnIoqGEG.obj
 0004:00000444       $pdata$x_emlrt_marshallIn  000000018005b444     m_wNselC31AbXio1ZnIoqGEG.obj
 0004:00000450       $pdata$y_emlrt_marshallIn  000000018005b450     m_wNselC31AbXio1ZnIoqGEG.obj
 0004:0000045c       $pdata$ab_emlrt_marshallIn 000000018005b45c     m_wNselC31AbXio1ZnIoqGEG.obj
 0004:00000468       $pdata$init_simulink_io_address 000000018005b468     m_wNselC31AbXio1ZnIoqGEG.obj
 0004:00000474       $pdata$mdlOutputs_wNselC31AbXio1ZnIoqGEG 000000018005b474     m_wNselC31AbXio1ZnIoqGEG.obj
 0004:00000480       $pdata$mdlInitialize_wNselC31AbXio1ZnIoqGEG 000000018005b480     m_wNselC31AbXio1ZnIoqGEG.obj
 0004:0000048c       $pdata$mdlUpdate_wNselC31AbXio1ZnIoqGEG 000000018005b48c     m_wNselC31AbXio1ZnIoqGEG.obj
 0004:00000498       $pdata$getSimState_wNselC31AbXio1ZnIoqGEG 000000018005b498     m_wNselC31AbXio1ZnIoqGEG.obj
 0004:000004a4       $pdata$setSimState_wNselC31AbXio1ZnIoqGEG 000000018005b4a4     m_wNselC31AbXio1ZnIoqGEG.obj
 0004:000004b0       $pdata$mdlTerminate_wNselC31AbXio1ZnIoqGEG 000000018005b4b0     m_wNselC31AbXio1ZnIoqGEG.obj
 0004:000004bc       $pdata$mdlStart_wNselC31AbXio1ZnIoqGEG 000000018005b4bc     m_wNselC31AbXio1ZnIoqGEG.obj
 0004:000004c8       $pdata$cgxe_wNselC31AbXio1ZnIoqGEG_BuildInfoUpdate 000000018005b4c8     m_wNselC31AbXio1ZnIoqGEG.obj
 0004:000004d4       $pdata$mexFunction         000000018005b4d4     commqamtxrxhdl_cgxe_registry.obj
 0004:000004e0       $pdata$_ssSetInputPortDirectFeedThroughFcn 000000018005b4e0     commqamtxrxhdl_cgxe_registry.obj
 0004:000004ec       $pdata$_ssGetInputPortSignalPtrsFcn 000000018005b4ec     commqamtxrxhdl_cgxe_registry.obj
 0004:000004f8       $pdata$_ssGetInputPortSignalFcn 000000018005b4f8     commqamtxrxhdl_cgxe_registry.obj
 0004:00000504       $pdata$_ssSetInputPortReusableFcn 000000018005b504     commqamtxrxhdl_cgxe_registry.obj
 0004:00000510       $pdata$_ssSetOutputPortReusableFcn 000000018005b510     commqamtxrxhdl_cgxe_registry.obj
 0004:0000051c       $pdata$_ssSetSymbolicDimsSupport 000000018005b51c     commqamtxrxhdl_cgxe_registry.obj
 0004:00000528       $pdata$_ssRegisterSymbolicDimsExpr 000000018005b528     commqamtxrxhdl_cgxe_registry.obj
 0004:00000534       $pdata$_ssRegisterSymbolicDims 000000018005b534     commqamtxrxhdl_cgxe_registry.obj
 0004:00000540       $pdata$_ssRegisterSymbolicDimsString 000000018005b540     commqamtxrxhdl_cgxe_registry.obj
 0004:0000054c       $pdata$_ssRegisterSymbolicDimsIntValue 000000018005b54c     commqamtxrxhdl_cgxe_registry.obj
 0004:00000558       $pdata$_ssRegisterSymbolicDimsPlus 000000018005b558     commqamtxrxhdl_cgxe_registry.obj
 0004:00000564       $pdata$_ssRegisterSymbolicDimsMinus 000000018005b564     commqamtxrxhdl_cgxe_registry.obj
 0004:00000570       $pdata$_ssRegisterSymbolicDimsMultiply 000000018005b570     commqamtxrxhdl_cgxe_registry.obj
 0004:0000057c       $pdata$_ssRegisterSymbolicDimsDivide 000000018005b57c     commqamtxrxhdl_cgxe_registry.obj
 0004:00000588       $pdata$_ssGetNumSymbolicDims 000000018005b588     commqamtxrxhdl_cgxe_registry.obj
 0004:00000594       $pdata$_ssGetSymbolicDim   000000018005b594     commqamtxrxhdl_cgxe_registry.obj
 0004:000005a0       $pdata$_ssSetInputPortSymbolicDimsId 000000018005b5a0     commqamtxrxhdl_cgxe_registry.obj
 0004:000005ac       $pdata$_ssGetCompInputPortSymbolicDimsId 000000018005b5ac     commqamtxrxhdl_cgxe_registry.obj
 0004:000005b8       $pdata$_ssSetCompInputPortSymbolicDimsId 000000018005b5b8     commqamtxrxhdl_cgxe_registry.obj
 0004:000005c4       $pdata$_ssSetOutputPortSymbolicDimsId 000000018005b5c4     commqamtxrxhdl_cgxe_registry.obj
 0004:000005d0       $pdata$_ssGetCompOutputPortSymbolicDimsId 000000018005b5d0     commqamtxrxhdl_cgxe_registry.obj
 0004:000005dc       $pdata$_ssSetCompOutputPortSymbolicDimsId 000000018005b5dc     commqamtxrxhdl_cgxe_registry.obj
 0004:000005e8       $pdata$_ssSetCompDWorkSymbolicDimsId 000000018005b5e8     commqamtxrxhdl_cgxe_registry.obj
 0004:000005f4       $pdata$ssGetIsZeroCrossControlDisabled 000000018005b5f4     commqamtxrxhdl_cgxe_registry.obj
 0004:00000600       $pdata$ssSetIsInputPortUsedForContZcSignal 000000018005b600     commqamtxrxhdl_cgxe_registry.obj
 0004:0000060c       $pdata$ssSetZcSignalIsZcElementDisc 000000018005b60c     commqamtxrxhdl_cgxe_registry.obj
 0004:00000618       $pdata$ssSetZcSignalName   000000018005b618     commqamtxrxhdl_cgxe_registry.obj
 0004:00000624       $pdata$ssSetZcSignalWidth  000000018005b624     commqamtxrxhdl_cgxe_registry.obj
 0004:00000630       $pdata$ssSetZcSignalZcEventType 000000018005b630     commqamtxrxhdl_cgxe_registry.obj
 0004:0000063c       $pdata$ssSetZcSignalType   000000018005b63c     commqamtxrxhdl_cgxe_registry.obj
 0004:00000648       $pdata$ssSetZcSignalZcTol  000000018005b648     commqamtxrxhdl_cgxe_registry.obj
 0004:00000654       $pdata$ssSetZcSignalNeedsEventNotification 000000018005b654     commqamtxrxhdl_cgxe_registry.obj
 0004:00000660       $pdata$ssCreateAndAddZcSignalInfo 000000018005b660     commqamtxrxhdl_cgxe_registry.obj
 0004:0000066c       $pdata$ssCloneAndAddZcSignalInfo 000000018005b66c     commqamtxrxhdl_cgxe_registry.obj
 0004:00000678       $pdata$ssGetNumZcSignals   000000018005b678     commqamtxrxhdl_cgxe_registry.obj
 0004:00000684       $pdata$ssGetZcSignalVector 000000018005b684     commqamtxrxhdl_cgxe_registry.obj
 0004:00000690       $pdata$ssGetZcSignalName   000000018005b690     commqamtxrxhdl_cgxe_registry.obj
 0004:0000069c       $pdata$ssGetZcSignalWidth  000000018005b69c     commqamtxrxhdl_cgxe_registry.obj
 0004:000006a8       $pdata$ssGetZcSignalZcEventType 000000018005b6a8     commqamtxrxhdl_cgxe_registry.obj
 0004:000006b4       $pdata$ssGetZcSignalZcEvents 000000018005b6b4     commqamtxrxhdl_cgxe_registry.obj
 0004:000006c0       $pdata$ssGetZcSignalType   000000018005b6c0     commqamtxrxhdl_cgxe_registry.obj
 0004:000006cc       $pdata$ssGetZcSignalZcTol  000000018005b6cc     commqamtxrxhdl_cgxe_registry.obj
 0004:000006d8       $pdata$ssGetZcSignalNeedsEventNotification 000000018005b6d8     commqamtxrxhdl_cgxe_registry.obj
 0004:000006e4       $pdata$ssGetZcSignalIsZcElementDisc 000000018005b6e4     commqamtxrxhdl_cgxe_registry.obj
 0004:000006f0       $pdata$ssGetIsInputPortElementContinuous 000000018005b6f0     commqamtxrxhdl_cgxe_registry.obj
 0004:000006fc       $pdata$ssGetDTypeIdFromMxArray 000000018005b6fc     commqamtxrxhdl_cgxe_registry.obj
 0004:00000708       $pdata$ssWriteRTWStr       000000018005b708     commqamtxrxhdl_cgxe_registry.obj
 0004:00000714       $pdata$ssWriteRTWNameValuePair 000000018005b714     commqamtxrxhdl_cgxe_registry.obj
 0004:00000720       $pdata$ssWriteRTWParamSettings 000000018005b720     commqamtxrxhdl_cgxe_registry.obj
 0004:0000072c       $pdata$ssWriteRTWParameters 000000018005b72c     commqamtxrxhdl_cgxe_registry.obj
 0004:00000738       $pdata$ssWriteRTWWorkVect  000000018005b738     commqamtxrxhdl_cgxe_registry.obj
 0004:00000744       $pdata$ssWriteRTWMxVectParam 000000018005b744     commqamtxrxhdl_cgxe_registry.obj
 0004:00000750       $pdata$ssWriteRTWMx2dMatParam 000000018005b750     commqamtxrxhdl_cgxe_registry.obj
 0004:0000075c       $pdata$_ssSetInputPortMatrixDimensions 000000018005b75c     commqamtxrxhdl_cgxe_registry.obj
 0004:00000768       $pdata$_ssSetOutputPortMatrixDimensions 000000018005b768     commqamtxrxhdl_cgxe_registry.obj
 0004:00000774       $pdata$_ssSetInputPortVectorDimension 000000018005b774     commqamtxrxhdl_cgxe_registry.obj
 0004:00000780       $pdata$_ssSetOutputPortVectorDimension 000000018005b780     commqamtxrxhdl_cgxe_registry.obj
 0004:0000078c       $pdata$ssIsRunTimeParamTunable 000000018005b78c     commqamtxrxhdl_cgxe_registry.obj
 0004:00000798       $pdata$ssGetSFuncBlockHandle 000000018005b798     commqamtxrxhdl_cgxe_registry.obj
 0004:000007a4       $pdata$_ssGetCurrentInputPortWidth 000000018005b7a4     commqamtxrxhdl_cgxe_registry.obj
 0004:000007b0       $pdata$_ssGetCurrentOutputPortWidth 000000018005b7b0     commqamtxrxhdl_cgxe_registry.obj
 0004:000007bc       $pdata$_ssGetCallSystemNumFcnCallDestinations 000000018005b7bc     commqamtxrxhdl_cgxe_registry.obj
 0004:000007c8       $pdata$ssGetParameterTuningCompliance 000000018005b7c8     commqamtxrxhdl_cgxe_registry.obj
 0004:000007d4       $pdata$ssWarning           000000018005b7d4     commqamtxrxhdl_cgxe_registry.obj
 0004:000007e0       $pdata$_ssGetAbsTol        000000018005b7e0     commqamtxrxhdl_cgxe_registry.obj
 0004:000007ec       $pdata$mdlStart            000000018005b7ec     commqamtxrxhdl_cgxe_registry.obj
 0004:000007f8       $pdata$mdlInitializeConditions 000000018005b7f8     commqamtxrxhdl_cgxe_registry.obj
 0004:00000804       $pdata$mdlUpdate           000000018005b804     commqamtxrxhdl_cgxe_registry.obj
 0004:00000810       $pdata$mdlOutputs          000000018005b810     commqamtxrxhdl_cgxe_registry.obj
 0004:0000081c       $pdata$mdlTerminate        000000018005b81c     commqamtxrxhdl_cgxe_registry.obj
 0004:00000828       $pdata$cgxe_get_supported_modules 000000018005b828     commqamtxrxhdl_cgxe_registry.obj
 0004:00000834       $pdata$cgxe_process_get_checksums 000000018005b834     commqamtxrxhdl_cgxe_registry.obj
 0004:00000840       $pdata$cgxe_mex_unlock_call 000000018005b840     commqamtxrxhdl_cgxe_registry.obj
 0004:0000084c       $pdata$cgxe_unpack_simstruct 000000018005b84c     commqamtxrxhdl_cgxe_registry.obj
 0004:00000858       $pdata$cgxe_get_sim_state  000000018005b858     commqamtxrxhdl_cgxe_registry.obj
 0004:00000864       $pdata$cgxe_set_sim_state  000000018005b864     commqamtxrxhdl_cgxe_registry.obj
 0004:00000870       $pdata$cgxe_get_BuildInfoUpdate 000000018005b870     commqamtxrxhdl_cgxe_registry.obj
 0004:0000087c       $pdata$ProcessMexSfunctionCmdLineCall 000000018005b87c     commqamtxrxhdl_cgxe_registry.obj
 0004:00000888       $pdata$_RegNumInputPortsCB 000000018005b888     commqamtxrxhdl_cgxe_registry.obj
 0004:00000894       $pdata$_RegNumOutputPortsCB 000000018005b894     commqamtxrxhdl_cgxe_registry.obj
 0004:000008a0       $pdata$_CreateSimStruct    000000018005b8a0     commqamtxrxhdl_cgxe_registry.obj
 0004:000008ac       $pdata$_ssFatalError       000000018005b8ac     commqamtxrxhdl_cgxe_registry.obj
 0004:000008b8       $pdata$_ProcessMexSfunctionCmdLineCall 000000018005b8b8     commqamtxrxhdl_cgxe_registry.obj
 0004:000008c4       $pdata$__GSHandlerCheck    000000018005b8c4     MSVCRT:gshandler.obj
 0004:000008d0       $pdata$__GSHandlerCheckCommon 000000018005b8d0     MSVCRT:gshandler.obj
 0004:000008e8       $pdata$__raise_securityfailure 000000018005b8e8     MSVCRT:gs_report.obj
 0004:000008f4       $pdata$__report_gsfailure  000000018005b8f4     MSVCRT:gs_report.obj
 0004:00000900       $pdata$__report_rangecheckfailure 000000018005b900     MSVCRT:gs_report.obj
 0004:0000090c       $pdata$__report_securityfailure 000000018005b90c     MSVCRT:gs_report.obj
 0004:00000918       $pdata$__report_securityfailureEx 000000018005b918     MSVCRT:gs_report.obj
 0004:00000924       $pdata$pre_c_init          000000018005b924     MSVCRT:crtdll.obj
 0004:00000930       $pdata$_CRT_INIT           000000018005b930     MSVCRT:crtdll.obj
 0004:0000093c       $pdata$_DllMainCRTStartup  000000018005b93c     MSVCRT:crtdll.obj
 0004:00000948       $pdata$__DllMainCRTStartup 000000018005b948     MSVCRT:crtdll.obj
 0004:00000954       $pdata$_IsNonwritableInCurrentImage 000000018005b954     MSVCRT:pesect.obj
 0004:00000960       $pdata$__atonexitinit      000000018005b960     MSVCRT:atonexit.obj
 0004:0000096c       $pdata$_onexit             000000018005b96c     MSVCRT:atonexit.obj
 0004:00000978       $pdata$atexit              000000018005b978     MSVCRT:atonexit.obj
 0004:00000984       $pdata$__security_init_cookie 000000018005b984     MSVCRT:gs_support.obj
 0004:00000990       $pdata$DllMain             000000018005b990     MSVCRT:dllmain.obj
 0004:0000099c       $pdata$_RTC_Initialize     000000018005b99c     MSVCRT:initsect.obj
 0004:000009a8       $pdata$_RTC_Terminate      000000018005b9a8     MSVCRT:initsect.obj
 0004:000009b4       $pdata$__DllMainCRTStartup$filt$0 000000018005b9b4     MSVCRT:crtdll.obj
 0004:000009c0       $pdata$__DllMainCRTStartup$fin$1 000000018005b9c0     MSVCRT:crtdll.obj
 0004:000009cc       $pdata$_IsNonwritableInCurrentImage$filt$0 000000018005b9cc     MSVCRT:pesect.obj
 0004:000009d8       $pdata$_onexit$fin$0       000000018005b9d8     MSVCRT:atonexit.obj
