 familyRadioServiceExample_cgxe

 Timestamp is 56b4adde (Fri Feb 05 19:42:46 2016)

 Preferred load address is 0000000180000000

 Start         Length     Name                   Class
 0001:00000000 000244ceH .text                   CODE
 0001:000244d0 0000007bH .text$x                 CODE
 0002:00000000 00000280H .idata$5                DATA
 0002:00000280 00000008H .CRT$XCA                DATA
 0002:00000288 00000008H .CRT$XCZ                DATA
 0002:00000290 00000008H .CRT$XIA                DATA
 0002:00000298 00000008H .CRT$XIAA               DATA
 0002:000002a0 00000008H .CRT$XIC                DATA
 0002:000002a8 00000008H .CRT$XIZ                DATA
 0002:000002b0 000012c0H .rdata                  DATA
 0002:00001570 00000008H .rtc$IAA                DATA
 0002:00001578 00000008H .rtc$IZZ                DATA
 0002:00001580 00000008H .rtc$TAA                DATA
 0002:00001588 00000008H .rtc$TZZ                DATA
 0002:00001590 000007dcH .xdata                  DATA
 0002:00001d6c 0000008cH .idata$2                DATA
 0002:00001df8 00000014H .idata$3                DATA
 0002:00001e10 00000280H .idata$4                DATA
 0002:00002090 000005c0H .idata$6                DATA
 0002:00002650 00000064H .edata                  DATA
 0003:00000000 00005558H .data                   DATA
 0003:00005560 00000690H .bss                    DATA
 0004:00000000 000008e8H .pdata                  DATA

  Address         Publics by Value              Rva+Base               Lib:Object

 0000:00000000       ___safe_se_handler_count   0000000000000000     <absolute>
 0000:00000000       ___safe_se_handler_table   0000000000000000     <absolute>
 0000:00000000       __ImageBase                0000000180000000     <linker-defined>
 0001:00000000       cgxe_familyRadioServiceExample_method_dispatcher 0000000180001000 f   familyRadioServiceExample_cgxe.obj
 0001:00000210       method_dispatcher_5ndm3t6eGrpAcmOsRijoGB 0000000180001210 f   m_5ndm3t6eGrpAcmOsRijoGB.obj
 0001:00003570       cgxe_5ndm3t6eGrpAcmOsRijoGB_BuildInfoUpdate 0000000180004570 f   m_5ndm3t6eGrpAcmOsRijoGB.obj
 0001:000036d0       method_dispatcher_SY2m30lpuXg1s83zafIs8 00000001800046d0 f   m_SY2m30lpuXg1s83zafIs8.obj
 0001:0000eb60       cgxe_SY2m30lpuXg1s83zafIs8_BuildInfoUpdate 000000018000fb60 f   m_SY2m30lpuXg1s83zafIs8.obj
 0001:0000ecc0       method_dispatcher_FztNqarQ80TA694cfZ23r 000000018000fcc0 f   m_FztNqarQ80TA694cfZ23r.obj
 0001:00019e20       cgxe_FztNqarQ80TA694cfZ23r_BuildInfoUpdate 000000018001ae20 f   m_FztNqarQ80TA694cfZ23r.obj
 0001:00019f80       method_dispatcher_y5kHx03bfD5aWnMIivTskD 000000018001af80 f   m_y5kHx03bfD5aWnMIivTskD.obj
 0001:0001d200       cgxe_y5kHx03bfD5aWnMIivTskD_BuildInfoUpdate 000000018001e200 f   m_y5kHx03bfD5aWnMIivTskD.obj
 0001:0001d360       mexFunction                000000018001e360 f   familyRadioServiceExample_cgxe_registry.obj
 0001:0001e390       _ssSetInputPortDirectFeedThroughFcn 000000018001f390 f   familyRadioServiceExample_cgxe_registry.obj
 0001:0001e4f0       _ssGetInputPortSignalPtrsFcn 000000018001f4f0 f   familyRadioServiceExample_cgxe_registry.obj
 0001:0001e710       _ssGetInputPortSignalFcn   000000018001f710 f   familyRadioServiceExample_cgxe_registry.obj
 0001:0001e930       _ssSetInputPortReusableFcn 000000018001f930 f   familyRadioServiceExample_cgxe_registry.obj
 0001:0001ea10       _ssSetOutputPortReusableFcn 000000018001fa10 f   familyRadioServiceExample_cgxe_registry.obj
 0001:0001eaf0       _ssSetSymbolicDimsSupport  000000018001faf0 f   familyRadioServiceExample_cgxe_registry.obj
 0001:0001eb60       _ssRegisterSymbolicDimsExpr 000000018001fb60 f   familyRadioServiceExample_cgxe_registry.obj
 0001:0001ebe0       _ssRegisterSymbolicDims    000000018001fbe0 f   familyRadioServiceExample_cgxe_registry.obj
 0001:0001ec80       _ssRegisterSymbolicDimsString 000000018001fc80 f   familyRadioServiceExample_cgxe_registry.obj
 0001:0001ed00       _ssRegisterSymbolicDimsIntValue 000000018001fd00 f   familyRadioServiceExample_cgxe_registry.obj
 0001:0001ed70       _ssRegisterSymbolicDimsPlus 000000018001fd70 f   familyRadioServiceExample_cgxe_registry.obj
 0001:0001edf0       _ssRegisterSymbolicDimsMinus 000000018001fdf0 f   familyRadioServiceExample_cgxe_registry.obj
 0001:0001ee70       _ssRegisterSymbolicDimsMultiply 000000018001fe70 f   familyRadioServiceExample_cgxe_registry.obj
 0001:0001eef0       _ssRegisterSymbolicDimsDivide 000000018001fef0 f   familyRadioServiceExample_cgxe_registry.obj
 0001:0001ef70       _ssGetNumSymbolicDims      000000018001ff70 f   familyRadioServiceExample_cgxe_registry.obj
 0001:0001efe0       _ssGetSymbolicDim          000000018001ffe0 f   familyRadioServiceExample_cgxe_registry.obj
 0001:0001f060       _ssSetInputPortSymbolicDimsId 0000000180020060 f   familyRadioServiceExample_cgxe_registry.obj
 0001:0001f0d0       _ssGetCompInputPortSymbolicDimsId 00000001800200d0 f   familyRadioServiceExample_cgxe_registry.obj
 0001:0001f140       _ssSetCompInputPortSymbolicDimsId 0000000180020140 f   familyRadioServiceExample_cgxe_registry.obj
 0001:0001f1b0       _ssSetOutputPortSymbolicDimsId 00000001800201b0 f   familyRadioServiceExample_cgxe_registry.obj
 0001:0001f220       _ssGetCompOutputPortSymbolicDimsId 0000000180020220 f   familyRadioServiceExample_cgxe_registry.obj
 0001:0001f290       _ssSetCompOutputPortSymbolicDimsId 0000000180020290 f   familyRadioServiceExample_cgxe_registry.obj
 0001:0001f300       _ssSetCompDWorkSymbolicDimsId 0000000180020300 f   familyRadioServiceExample_cgxe_registry.obj
 0001:0001f370       ssGetIsZeroCrossControlDisabled 0000000180020370 f   familyRadioServiceExample_cgxe_registry.obj
 0001:0001f3e0       ssSetIsInputPortUsedForContZcSignal 00000001800203e0 f   familyRadioServiceExample_cgxe_registry.obj
 0001:0001f450       ssSetZcSignalIsZcElementDisc 0000000180020450 f   familyRadioServiceExample_cgxe_registry.obj
 0001:0001f500       ssSetZcSignalName          0000000180020500 f   familyRadioServiceExample_cgxe_registry.obj
 0001:0001f570       ssSetZcSignalWidth         0000000180020570 f   familyRadioServiceExample_cgxe_registry.obj
 0001:0001f5e0       ssSetZcSignalZcEventType   00000001800205e0 f   familyRadioServiceExample_cgxe_registry.obj
 0001:0001f650       ssSetZcSignalType          0000000180020650 f   familyRadioServiceExample_cgxe_registry.obj
 0001:0001f6c0       ssSetZcSignalZcTol         00000001800206c0 f   familyRadioServiceExample_cgxe_registry.obj
 0001:0001f730       ssSetZcSignalNeedsEventNotification 0000000180020730 f   familyRadioServiceExample_cgxe_registry.obj
 0001:0001f7a0       ssCreateAndAddZcSignalInfo 00000001800207a0 f   familyRadioServiceExample_cgxe_registry.obj
 0001:0001f810       ssCloneAndAddZcSignalInfo  0000000180020810 f   familyRadioServiceExample_cgxe_registry.obj
 0001:0001f880       ssGetNumZcSignals          0000000180020880 f   familyRadioServiceExample_cgxe_registry.obj
 0001:0001f8f0       ssGetZcSignalVector        00000001800208f0 f   familyRadioServiceExample_cgxe_registry.obj
 0001:0001f960       ssGetZcSignalName          0000000180020960 f   familyRadioServiceExample_cgxe_registry.obj
 0001:0001f9d0       ssGetZcSignalWidth         00000001800209d0 f   familyRadioServiceExample_cgxe_registry.obj
 0001:0001fa40       ssGetZcSignalZcEventType   0000000180020a40 f   familyRadioServiceExample_cgxe_registry.obj
 0001:0001fab0       ssGetZcSignalZcEvents      0000000180020ab0 f   familyRadioServiceExample_cgxe_registry.obj
 0001:0001fb20       ssGetZcSignalType          0000000180020b20 f   familyRadioServiceExample_cgxe_registry.obj
 0001:0001fb90       ssGetZcSignalZcTol         0000000180020b90 f   familyRadioServiceExample_cgxe_registry.obj
 0001:0001fc10       ssGetZcSignalNeedsEventNotification 0000000180020c10 f   familyRadioServiceExample_cgxe_registry.obj
 0001:0001fc80       ssGetZcSignalIsZcElementDisc 0000000180020c80 f   familyRadioServiceExample_cgxe_registry.obj
 0001:0001fd20       ssGetIsInputPortElementContinuous 0000000180020d20 f   familyRadioServiceExample_cgxe_registry.obj
 0001:0001fdc0       ssGetDTypeIdFromMxArray    0000000180020dc0 f   familyRadioServiceExample_cgxe_registry.obj
 0001:0001fee0       ssWriteRTWStr              0000000180020ee0 f   familyRadioServiceExample_cgxe_registry.obj
 0001:0001ff40       ssWriteRTWNameValuePair    0000000180020f40 f   familyRadioServiceExample_cgxe_registry.obj
 0001:00020440       ssWriteRTWParamSettings    0000000180021440 f   familyRadioServiceExample_cgxe_registry.obj
 0001:00020b30       ssWriteRTWParameters       0000000180021b30 f   familyRadioServiceExample_cgxe_registry.obj
 0001:00021100       ssWriteRTWWorkVect         0000000180022100 f   familyRadioServiceExample_cgxe_registry.obj
 0001:000215f0       ssWriteRTWMxVectParam      00000001800225f0 f   familyRadioServiceExample_cgxe_registry.obj
 0001:00021670       ssWriteRTWMx2dMatParam     0000000180022670 f   familyRadioServiceExample_cgxe_registry.obj
 0001:00021700       _ssSetInputPortMatrixDimensions 0000000180022700 f   familyRadioServiceExample_cgxe_registry.obj
 0001:00021800       _ssSetOutputPortMatrixDimensions 0000000180022800 f   familyRadioServiceExample_cgxe_registry.obj
 0001:00021900       _ssSetInputPortVectorDimension 0000000180022900 f   familyRadioServiceExample_cgxe_registry.obj
 0001:000219b0       _ssSetOutputPortVectorDimension 00000001800229b0 f   familyRadioServiceExample_cgxe_registry.obj
 0001:00021a60       ssIsRunTimeParamTunable    0000000180022a60 f   familyRadioServiceExample_cgxe_registry.obj
 0001:00021ad0       ssGetSFuncBlockHandle      0000000180022ad0 f   familyRadioServiceExample_cgxe_registry.obj
 0001:00021b40       _ssGetCurrentInputPortWidth 0000000180022b40 f   familyRadioServiceExample_cgxe_registry.obj
 0001:00021c60       _ssGetCurrentOutputPortWidth 0000000180022c60 f   familyRadioServiceExample_cgxe_registry.obj
 0001:00021d80       _ssGetCallSystemNumFcnCallDestinations 0000000180022d80 f   familyRadioServiceExample_cgxe_registry.obj
 0001:00021df0       ssGetParameterTuningCompliance 0000000180022df0 f   familyRadioServiceExample_cgxe_registry.obj
 0001:00021e60       ssWarning                  0000000180022e60 f   familyRadioServiceExample_cgxe_registry.obj
 0001:00021f50       _ssGetAbsTol               0000000180022f50 f   familyRadioServiceExample_cgxe_registry.obj
 0001:00021fc0       _ssSetStateAbsTol          0000000180022fc0 f   familyRadioServiceExample_cgxe_registry.obj
 0001:000237b0       mxSetCell_700              00000001800247b0 f   libmx:libmx.dll
 0001:000237b6       mxCreateCellMatrix_700     00000001800247b6 f   libmx:libmx.dll
 0001:000237bc       mxCalloc                   00000001800247bc f   libmx:libmx.dll
 0001:000237c2       mxGetM                     00000001800247c2 f   libmx:libmx.dll
 0001:000237c8       mxGetClassID               00000001800247c8 f   libmx:libmx.dll
 0001:000237ce       mxGetData                  00000001800247ce f   libmx:libmx.dll
 0001:000237d4       mxIsNumeric                00000001800247d4 f   libmx:libmx.dll
 0001:000237da       mxIsChar                   00000001800247da f   libmx:libmx.dll
 0001:000237e0       mxIsComplex                00000001800247e0 f   libmx:libmx.dll
 0001:000237e6       mxGetPr                    00000001800247e6 f   libmx:libmx.dll
 0001:000237ec       mxGetN                     00000001800247ec f   libmx:libmx.dll
 0001:000237f2       mxSetField_700             00000001800247f2 f   libmx:libmx.dll
 0001:000237f8       mxCreateNumericMatrix_700  00000001800247f8 f   libmx:libmx.dll
 0001:000237fe       mxCreateDoubleMatrix_700   00000001800247fe f   libmx:libmx.dll
 0001:00023804       mxGetString_700            0000000180024804 f   libmx:libmx.dll
 0001:0002380a       mxCreateString             000000018002480a f   libmx:libmx.dll
 0001:00023810       mxCreateStructMatrix_700   0000000180024810 f   libmx:libmx.dll
 0001:00023816       mexErrMsgTxt               0000000180024816 f   libmex:libmex.dll
 0001:0002381c       mexWarnMsgTxt              000000018002481c f   libmex:libmex.dll
 0001:00023822       mexPrintf                  0000000180024822 f   libmex:libmex.dll
 0001:00023828       mexCallMATLABWithObject    0000000180024828 f   libmex:libmex.dll
 0001:0002382e       mexUnlock                  000000018002482e f   libmex:libmex.dll
 0001:00023834       mexIsLocked                0000000180024834 f   libmex:libmex.dll
 0001:0002383a       muDoubleScalarFloor        000000018002483a f   libmwmathutil:libmwmathutil.dll
 0001:00023840       muDoubleScalarRound        0000000180024840 f   libmwmathutil:libmwmathutil.dll
 0001:00023846       muDoubleScalarCos          0000000180024846 f   libmwmathutil:libmwmathutil.dll
 0001:0002384c       muDoubleScalarSin          000000018002484c f   libmwmathutil:libmwmathutil.dll
 0001:00023852       emlrtAssign                0000000180024852 f   libemlrt:libemlrt.dll
 0001:00023858       emlrtCreateCharArray       0000000180024858 f   libemlrt:libemlrt.dll
 0001:0002385e       emlrtCallMATLABR2012b      000000018002485e f   libemlrt:libemlrt.dll
 0001:00023864       emlrtInitCharArrayR2013a   0000000180024864 f   libemlrt:libemlrt.dll
 0001:0002386a       emlrtErrorWithMessageIdR2012b 000000018002486a f   libemlrt:libemlrt.dll
 0001:00023870       emlrtCreateDoubleScalar    0000000180024870 f   libemlrt:libemlrt.dll
 0001:00023876       cgxertGetInputPortSignal   0000000180024876 f   libmwcgxert:libmwcgxert.dll
 0001:0002387c       cgxertGetOutputPortSignal  000000018002487c f   libmwcgxert:libmwcgxert.dll
 0001:00023882       cgxertGetRuntimeInstance   0000000180024882 f   libmwcgxert:libmwcgxert.dll
 0001:00023888       cgxertSetRuntimeInstance   0000000180024888 f   libmwcgxert:libmwcgxert.dll
 0001:0002388e       cgxertGetEMLRTCtx          000000018002488e f   libmwcgxert:libmwcgxert.dll
 0001:00023894       cgxertGetCovrtInstance     0000000180024894 f   libmwcgxert:libmwcgxert.dll
 0001:0002389a       calloc                     000000018002489a f   MSVCRT:MSVCR110.dll
 0001:000238a0       free                       00000001800248a0 f   MSVCRT:MSVCR110.dll
 0001:000238a8       __GSHandlerCheck           00000001800248a8 f   MSVCRT:gshandler.obj
 0001:000238c8       __GSHandlerCheckCommon     00000001800248c8 f   MSVCRT:gshandler.obj
 0001:00023940       __chkstk                   0000000180024940 f   MSVCRT:chkstk.obj
 0001:00023940       _alloca_probe              0000000180024940     MSVCRT:chkstk.obj
 0001:000239a0       __security_check_cookie    00000001800249a0 f   MSVCRT:amdsecgs.obj
 0001:000239c0       __raise_securityfailure    00000001800249c0 f   MSVCRT:gs_report.obj
 0001:00023a0c       __report_gsfailure         0000000180024a0c f   MSVCRT:gs_report.obj
 0001:00023ae0       __report_rangecheckfailure 0000000180024ae0 f   MSVCRT:gs_report.obj
 0001:00023af4       __report_securityfailure   0000000180024af4 f   MSVCRT:gs_report.obj
 0001:00023b90       __report_securityfailureEx 0000000180024b90 f   MSVCRT:gs_report.obj
 0001:00023c9e       memcpy                     0000000180024c9e f   MSVCRT:MSVCR110.dll
 0001:00023ca4       strcat                     0000000180024ca4 f   MSVCRT:MSVCR110.dll
 0001:00023caa       strcmp                     0000000180024caa f   MSVCRT:MSVCR110.dll
 0001:00023cb0       strlen                     0000000180024cb0 f   MSVCRT:MSVCR110.dll
 0001:00023cb6       sprintf                    0000000180024cb6 f   MSVCRT:MSVCR110.dll
 0001:00023cbc       malloc                     0000000180024cbc f   MSVCRT:MSVCR110.dll
 0001:00023d24       NtCurrentTeb               0000000180024d24 f i MSVCRT:crtdll.obj
 0001:00023d30       _CRT_INIT                  0000000180024d30 f   MSVCRT:crtdll.obj
 0001:00023f7c       _DllMainCRTStartup         0000000180024f7c f   MSVCRT:crtdll.obj
 0001:000240f2       __crt_debugger_hook        00000001800250f2 f   MSVCRT:MSVCR110.dll
 0001:000240f8       __crtUnhandledException    00000001800250f8 f   MSVCRT:MSVCR110.dll
 0001:000240fe       __crtTerminateProcess      00000001800250fe f   MSVCRT:MSVCR110.dll
 0001:00024104       __crtCaptureCurrentContext 0000000180025104 f   MSVCRT:MSVCR110.dll
 0001:0002410a       __crtCapturePreviousContext 000000018002510a f   MSVCRT:MSVCR110.dll
 0001:00024110       __CppXcptFilter            0000000180025110 f   MSVCRT:MSVCR110.dll
 0001:00024116       _amsg_exit                 0000000180025116 f   MSVCRT:MSVCR110.dll
 0001:00024120       _FindPESection             0000000180025120 f   MSVCRT:pesect.obj
 0001:00024170       _IsNonwritableInCurrentImage 0000000180025170 f   MSVCRT:pesect.obj
 0001:000241c0       _ValidateImageBase         00000001800251c0 f   MSVCRT:pesect.obj
 0001:000241f0       __atonexitinit             00000001800251f0 f   MSVCRT:atonexit.obj
 0001:00024240       _onexit                    0000000180025240 f   MSVCRT:atonexit.obj
 0001:000242f0       atexit                     00000001800252f0 f   MSVCRT:atonexit.obj
 0001:00024308       __security_init_cookie     0000000180025308 f   MSVCRT:gs_support.obj
 0001:000243c0       DllMain                    00000001800253c0 f   MSVCRT:dllmain.obj
 0001:000243e4       _malloc_crt                00000001800253e4 f   MSVCRT:MSVCR110.dll
 0001:000243ec       _RTC_Initialize            00000001800253ec f   MSVCRT:initsect.obj
 0001:00024424       _RTC_Terminate             0000000180025424 f   MSVCRT:initsect.obj
 0001:0002445c       _initterm                  000000018002545c f   MSVCRT:MSVCR110.dll
 0001:00024462       _initterm_e                0000000180025462 f   MSVCRT:MSVCR110.dll
 0001:00024468       __clean_type_info_names    0000000180025468 f   MSVCRT:tncleanup.obj
 0001:00024474       __C_specific_handler       0000000180025474 f   MSVCRT:MSVCR110.dll
 0001:0002447a       _lock                      000000018002547a f   MSVCRT:MSVCR110.dll
 0001:00024480       _unlock                    0000000180025480 f   MSVCRT:MSVCR110.dll
 0001:00024486       _calloc_crt                0000000180025486 f   MSVCRT:MSVCR110.dll
 0001:0002448c       __dllonexit                000000018002548c f   MSVCRT:MSVCR110.dll
 0001:00024492       __clean_type_info_names_internal 0000000180025492 f   MSVCRT:MSVCR110.dll
 0001:00024498       IsDebuggerPresent          0000000180025498 f   kernel32:KERNEL32.dll
 0001:0002449e       IsProcessorFeaturePresent  000000018002549e f   kernel32:KERNEL32.dll
 0001:000244a4       EncodePointer              00000001800254a4 f   kernel32:KERNEL32.dll
 0001:000244aa       DecodePointer              00000001800254aa f   kernel32:KERNEL32.dll
 0001:000244b0       QueryPerformanceCounter    00000001800254b0 f   kernel32:KERNEL32.dll
 0001:000244b6       GetCurrentThreadId         00000001800254b6 f   kernel32:KERNEL32.dll
 0001:000244bc       GetSystemTimeAsFileTime    00000001800254bc f   kernel32:KERNEL32.dll
 0001:000244c2       GetTickCount64             00000001800254c2 f   kernel32:KERNEL32.dll
 0001:000244c8       DisableThreadLibraryCalls  00000001800254c8 f   kernel32:KERNEL32.dll
 0002:00000000       __imp_DisableThreadLibraryCalls 0000000180026000     kernel32:KERNEL32.dll
 0002:00000008       __imp_GetTickCount64       0000000180026008     kernel32:KERNEL32.dll
 0002:00000010       __imp_GetSystemTimeAsFileTime 0000000180026010     kernel32:KERNEL32.dll
 0002:00000018       __imp_GetCurrentThreadId   0000000180026018     kernel32:KERNEL32.dll
 0002:00000020       __imp_QueryPerformanceCounter 0000000180026020     kernel32:KERNEL32.dll
 0002:00000028       __imp_DecodePointer        0000000180026028     kernel32:KERNEL32.dll
 0002:00000030       __imp_EncodePointer        0000000180026030     kernel32:KERNEL32.dll
 0002:00000038       __imp_IsProcessorFeaturePresent 0000000180026038     kernel32:KERNEL32.dll
 0002:00000040       __imp_IsDebuggerPresent    0000000180026040     kernel32:KERNEL32.dll
 0002:00000048       \177KERNEL32_NULL_THUNK_DATA 0000000180026048     kernel32:KERNEL32.dll
 0002:00000050       __imp___clean_type_info_names_internal 0000000180026050     MSVCRT:MSVCR110.dll
 0002:00000058       __imp__onexit              0000000180026058     MSVCRT:MSVCR110.dll
 0002:00000060       __imp___dllonexit          0000000180026060     MSVCRT:MSVCR110.dll
 0002:00000068       __imp__calloc_crt          0000000180026068     MSVCRT:MSVCR110.dll
 0002:00000070       __imp__unlock              0000000180026070     MSVCRT:MSVCR110.dll
 0002:00000078       __imp__lock                0000000180026078     MSVCRT:MSVCR110.dll
 0002:00000080       __imp___C_specific_handler 0000000180026080     MSVCRT:MSVCR110.dll
 0002:00000088       __imp___crtCaptureCurrentContext 0000000180026088     MSVCRT:MSVCR110.dll
 0002:00000090       __imp___crtTerminateProcess 0000000180026090     MSVCRT:MSVCR110.dll
 0002:00000098       __imp___crtUnhandledException 0000000180026098     MSVCRT:MSVCR110.dll
 0002:000000a0       __imp___crt_debugger_hook  00000001800260a0     MSVCRT:MSVCR110.dll
 0002:000000a8       __imp_malloc               00000001800260a8     MSVCRT:MSVCR110.dll
 0002:000000b0       __imp_sprintf              00000001800260b0     MSVCRT:MSVCR110.dll
 0002:000000b8       __imp_strlen               00000001800260b8     MSVCRT:MSVCR110.dll
 0002:000000c0       __imp__initterm_e          00000001800260c0     MSVCRT:MSVCR110.dll
 0002:000000c8       __imp__initterm            00000001800260c8     MSVCRT:MSVCR110.dll
 0002:000000d0       __imp__malloc_crt          00000001800260d0     MSVCRT:MSVCR110.dll
 0002:000000d8       __imp__amsg_exit           00000001800260d8     MSVCRT:MSVCR110.dll
 0002:000000e0       __imp___CppXcptFilter      00000001800260e0     MSVCRT:MSVCR110.dll
 0002:000000e8       __imp_strcmp               00000001800260e8     MSVCRT:MSVCR110.dll
 0002:000000f0       __imp_strcat               00000001800260f0     MSVCRT:MSVCR110.dll
 0002:000000f8       __imp_memcpy               00000001800260f8     MSVCRT:MSVCR110.dll
 0002:00000100       __imp_free                 0000000180026100     MSVCRT:MSVCR110.dll
 0002:00000108       __imp_calloc               0000000180026108     MSVCRT:MSVCR110.dll
 0002:00000110       __imp___crtCapturePreviousContext 0000000180026110     MSVCRT:MSVCR110.dll
 0002:00000118       \177MSVCR110_NULL_THUNK_DATA 0000000180026118     MSVCRT:MSVCR110.dll
 0002:00000120       __imp_emlrtAssign          0000000180026120     libemlrt:libemlrt.dll
 0002:00000128       __imp_emlrtCreateCharArray 0000000180026128     libemlrt:libemlrt.dll
 0002:00000130       __imp_emlrtCallMATLABR2012b 0000000180026130     libemlrt:libemlrt.dll
 0002:00000138       __imp_emlrtInitCharArrayR2013a 0000000180026138     libemlrt:libemlrt.dll
 0002:00000140       __imp_emlrtErrorWithMessageIdR2012b 0000000180026140     libemlrt:libemlrt.dll
 0002:00000148       __imp_emlrtCreateDoubleScalar 0000000180026148     libemlrt:libemlrt.dll
 0002:00000150       \177libemlrt_NULL_THUNK_DATA 0000000180026150     libemlrt:libemlrt.dll
 0002:00000158       __imp_mexErrMsgTxt         0000000180026158     libmex:libmex.dll
 0002:00000160       __imp_mexWarnMsgTxt        0000000180026160     libmex:libmex.dll
 0002:00000168       __imp_mexPrintf            0000000180026168     libmex:libmex.dll
 0002:00000170       __imp_mexCallMATLABWithObject 0000000180026170     libmex:libmex.dll
 0002:00000178       __imp_mexUnlock            0000000180026178     libmex:libmex.dll
 0002:00000180       __imp_mexIsLocked          0000000180026180     libmex:libmex.dll
 0002:00000188       \177libmex_NULL_THUNK_DATA 0000000180026188     libmex:libmex.dll
 0002:00000190       __imp_cgxertGetOutputPortSignal 0000000180026190     libmwcgxert:libmwcgxert.dll
 0002:00000198       __imp_cgxertGetRuntimeInstance 0000000180026198     libmwcgxert:libmwcgxert.dll
 0002:000001a0       __imp_cgxertSetRuntimeInstance 00000001800261a0     libmwcgxert:libmwcgxert.dll
 0002:000001a8       __imp_cgxertGetEMLRTCtx    00000001800261a8     libmwcgxert:libmwcgxert.dll
 0002:000001b0       __imp_cgxertGetCovrtInstance 00000001800261b0     libmwcgxert:libmwcgxert.dll
 0002:000001b8       __imp_cgxertGetInputPortSignal 00000001800261b8     libmwcgxert:libmwcgxert.dll
 0002:000001c0       \177libmwcgxert_NULL_THUNK_DATA 00000001800261c0     libmwcgxert:libmwcgxert.dll
 0002:000001c8       __imp_muDoubleScalarSin    00000001800261c8     libmwmathutil:libmwmathutil.dll
 0002:000001d0       __imp_muDoubleScalarCos    00000001800261d0     libmwmathutil:libmwmathutil.dll
 0002:000001d8       __imp_muDoubleScalarRound  00000001800261d8     libmwmathutil:libmwmathutil.dll
 0002:000001e0       __imp_muDoubleScalarFloor  00000001800261e0     libmwmathutil:libmwmathutil.dll
 0002:000001e8       \177libmwmathutil_NULL_THUNK_DATA 00000001800261e8     libmwmathutil:libmwmathutil.dll
 0002:000001f0       __imp_mxCreateStructMatrix_700 00000001800261f0     libmx:libmx.dll
 0002:000001f8       __imp_mxCreateString       00000001800261f8     libmx:libmx.dll
 0002:00000200       __imp_mxGetString_700      0000000180026200     libmx:libmx.dll
 0002:00000208       __imp_mxCreateDoubleMatrix_700 0000000180026208     libmx:libmx.dll
 0002:00000210       __imp_mxCreateNumericMatrix_700 0000000180026210     libmx:libmx.dll
 0002:00000218       __imp_mxSetField_700       0000000180026218     libmx:libmx.dll
 0002:00000220       __imp_mxGetN               0000000180026220     libmx:libmx.dll
 0002:00000228       __imp_mxGetPr              0000000180026228     libmx:libmx.dll
 0002:00000230       __imp_mxIsComplex          0000000180026230     libmx:libmx.dll
 0002:00000238       __imp_mxIsChar             0000000180026238     libmx:libmx.dll
 0002:00000240       __imp_mxIsNumeric          0000000180026240     libmx:libmx.dll
 0002:00000248       __imp_mxGetData            0000000180026248     libmx:libmx.dll
 0002:00000250       __imp_mxGetClassID         0000000180026250     libmx:libmx.dll
 0002:00000258       __imp_mxGetM               0000000180026258     libmx:libmx.dll
 0002:00000260       __imp_mxCalloc             0000000180026260     libmx:libmx.dll
 0002:00000268       __imp_mxCreateCellMatrix_700 0000000180026268     libmx:libmx.dll
 0002:00000270       __imp_mxSetCell_700        0000000180026270     libmx:libmx.dll
 0002:00000278       \177libmx_NULL_THUNK_DATA  0000000180026278     libmx:libmx.dll
 0002:00000280       __xc_a                     0000000180026280     MSVCRT:cinitexe.obj
 0002:00000288       __xc_z                     0000000180026288     MSVCRT:cinitexe.obj
 0002:00000290       __xi_a                     0000000180026290     MSVCRT:cinitexe.obj
 0002:000002a8       __xi_z                     00000001800262a8     MSVCRT:cinitexe.obj
 0002:000003d8       __real@3ff0000000000000    00000001800263d8     m_5ndm3t6eGrpAcmOsRijoGB.obj
 0002:000003e0       __real@bff0000000000000    00000001800263e0     m_5ndm3t6eGrpAcmOsRijoGB.obj
 0002:00000890       __real@3eca5a84d380747e    0000000180026890     m_SY2m30lpuXg1s83zafIs8.obj
 0002:00000898       __real@3f572feba83e3977    0000000180026898     m_SY2m30lpuXg1s83zafIs8.obj
 0002:000008a0       __real@4000000000000000    00000001800268a0     m_SY2m30lpuXg1s83zafIs8.obj
 0002:000008a8       __real@401921fb54442d18    00000001800268a8     m_SY2m30lpuXg1s83zafIs8.obj
 0002:000008b0       __real@4024000000000000    00000001800268b0     m_SY2m30lpuXg1s83zafIs8.obj
 0002:000008b8       __real@411bc56000000000    00000001800268b8     m_SY2m30lpuXg1s83zafIs8.obj
 0002:000008c0       __real@412bc56000000000    00000001800268c0     m_SY2m30lpuXg1s83zafIs8.obj
 0002:000008c8       __real@413e848000000000    00000001800268c8     m_SY2m30lpuXg1s83zafIs8.obj
 0002:000008d0       __xmm@80000000000000008000000000000000 00000001800268d0     m_SY2m30lpuXg1s83zafIs8.obj
 0002:00000d70       __real@3f8cfbe6924dc7d0    0000000180026d70     m_FztNqarQ80TA694cfZ23r.obj
 0002:00000d78       __real@4044000000000000    0000000180026d78     m_FztNqarQ80TA694cfZ23r.obj
 0002:00000d80       __real@40e86a0000000000    0000000180026d80     m_FztNqarQ80TA694cfZ23r.obj
 0002:00000eb0       _ssBadLevel2InputAccessMsg 0000000180026eb0     familyRadioServiceExample_cgxe_registry.obj
 0002:00001040       _ssBadLevel2DirectFeedMsg  0000000180027040     familyRadioServiceExample_cgxe_registry.obj
 0002:00001180       _ssBadLevel2DirectFeedSolutionMsg 0000000180027180     familyRadioServiceExample_cgxe_registry.obj
 0002:000011f0       _ssBadLevel2ZeroDirectFeedMsg 00000001800271f0     familyRadioServiceExample_cgxe_registry.obj
 0002:00001330       _ssBadLevel2ZeroDirectFeedMsg2 0000000180027330     familyRadioServiceExample_cgxe_registry.obj
 0002:00001418       DYNAMIC_DIMENSION_DEF      0000000180027418     familyRadioServiceExample_cgxe_registry.obj
 0002:00001430       __real@0000000000000000    0000000180027430     familyRadioServiceExample_cgxe_registry.obj
 0002:00001438       __real@41602cbca0000000    0000000180027438     familyRadioServiceExample_cgxe_registry.obj
 0002:00001440       __real@41b3d5bc70000000    0000000180027440     familyRadioServiceExample_cgxe_registry.obj
 0002:00001448       __real@41ca9e4129800000    0000000180027448     familyRadioServiceExample_cgxe_registry.obj
 0002:00001450       __real@41d78c7935000000    0000000180027450     familyRadioServiceExample_cgxe_registry.obj
 0002:00001458       __real@41dbfbe0f6c00000    0000000180027458     familyRadioServiceExample_cgxe_registry.obj
 0002:00001460       __real@41dc0eb836800000    0000000180027460     familyRadioServiceExample_cgxe_registry.obj
 0002:00001468       __real@41e0252805a00000    0000000180027468     familyRadioServiceExample_cgxe_registry.obj
 0002:00001470       __real@41e0babf1bc00000    0000000180027470     familyRadioServiceExample_cgxe_registry.obj
 0002:00001478       __real@41e1ffd61e600000    0000000180027478     familyRadioServiceExample_cgxe_registry.obj
 0002:00001480       __real@41e233ebf6200000    0000000180027480     familyRadioServiceExample_cgxe_registry.obj
 0002:00001488       __real@41e30c4d3e600000    0000000180027488     familyRadioServiceExample_cgxe_registry.obj
 0002:00001490       __real@41e377926d000000    0000000180027490     familyRadioServiceExample_cgxe_registry.obj
 0002:00001498       __real@41e39e1748400000    0000000180027498     familyRadioServiceExample_cgxe_registry.obj
 0002:000014a0       __real@41e88d293b600000    00000001800274a0     familyRadioServiceExample_cgxe_registry.obj
 0002:000014a8       __real@41ed4c5fa7c00000    00000001800274a8     familyRadioServiceExample_cgxe_registry.obj
 0002:000014b0       __real@41edd55523e00000    00000001800274b0     familyRadioServiceExample_cgxe_registry.obj
 0002:000014b8       __real@41ee95c7c3e00000    00000001800274b8     familyRadioServiceExample_cgxe_registry.obj
 0002:000014d0       _pDefaultRawDllMain        00000001800274d0     MSVCRT:crtdll.obj
 0002:000014d0       _pRawDllMain               00000001800274d0     MSVCRT:crtdll.obj
 0002:000014d8       ?ProcessDetach@NativeDll@<CrtImplementationDetails>@@0IB 00000001800274d8     MSVCRT:initsect.obj
 0002:000014dc       ?ProcessAttach@NativeDll@<CrtImplementationDetails>@@0IB 00000001800274dc     MSVCRT:initsect.obj
 0002:000014e0       ?ThreadAttach@NativeDll@<CrtImplementationDetails>@@0IB 00000001800274e0     MSVCRT:initsect.obj
 0002:000014e4       ?ThreadDetach@NativeDll@<CrtImplementationDetails>@@0IB 00000001800274e4     MSVCRT:initsect.obj
 0002:000014e8       ?ProcessVerifier@NativeDll@<CrtImplementationDetails>@@0IB 00000001800274e8     MSVCRT:initsect.obj
 0002:000014ec       ?value@?$integral_constant@_N$0A@@std@@2_NB 00000001800274ec     MSVCRT:tncleanup.obj
 0002:000014ed       ?value@?$integral_constant@_N$00@std@@2_NB 00000001800274ed     MSVCRT:tncleanup.obj
 0002:000014f0       ?value@?$_Sizeof@U_Nil@std@@U12@U12@U12@U12@U12@U12@U12@@std@@2_KB 00000001800274f0     MSVCRT:tncleanup.obj
 0002:00001500       _load_config_used          0000000180027500     MSVCRT:loadcfg.obj
 0002:00001570       __rtc_iaa                  0000000180027570     MSVCRT:initsect.obj
 0002:00001578       __rtc_izz                  0000000180027578     MSVCRT:initsect.obj
 0002:00001580       __rtc_taa                  0000000180027580     MSVCRT:initsect.obj
 0002:00001588       __rtc_tzz                  0000000180027588     MSVCRT:initsect.obj
 0002:00001d6c       __IMPORT_DESCRIPTOR_libmx  0000000180027d6c     libmx:libmx.dll
 0002:00001d80       __IMPORT_DESCRIPTOR_libmex 0000000180027d80     libmex:libmex.dll
 0002:00001d94       __IMPORT_DESCRIPTOR_libmwmathutil 0000000180027d94     libmwmathutil:libmwmathutil.dll
 0002:00001da8       __IMPORT_DESCRIPTOR_libemlrt 0000000180027da8     libemlrt:libemlrt.dll
 0002:00001dbc       __IMPORT_DESCRIPTOR_libmwcgxert 0000000180027dbc     libmwcgxert:libmwcgxert.dll
 0002:00001dd0       __IMPORT_DESCRIPTOR_MSVCR110 0000000180027dd0     MSVCRT:MSVCR110.dll
 0002:00001de4       __IMPORT_DESCRIPTOR_KERNEL32 0000000180027de4     kernel32:KERNEL32.dll
 0002:00001df8       __NULL_IMPORT_DESCRIPTOR   0000000180027df8     libmx:libmx.dll
 0003:00004f20       DYNAMIC_DIMENSION          000000018002df20     familyRadioServiceExample_cgxe_registry.obj
 0003:00005540       __security_cookie          000000018002e540     MSVCRT:gs_cookie.obj
 0003:00005548       __security_cookie_complement 000000018002e548     MSVCRT:gs_cookie.obj
 0003:00005550       _fltused                   000000018002e550     MSVCRT:dllsupp.obj
 0003:00005554       __native_dllmain_reason    000000018002e554     MSVCRT:natstart.obj
 0003:00005bb8       ?__type_info_root_node@@3U__type_info_node@@A 000000018002ebb8     MSVCRT:tncleanup.obj
 0003:00005bc8       __native_startup_lock      000000018002ebc8     <common>
 0003:00005bd0       __native_startup_state     000000018002ebd0     <common>
 0003:00005bd8       __onexitend                000000018002ebd8     <common>
 0003:00005be0       __onexitbegin              000000018002ebe0     <common>
 0003:00005be8       __dyn_tls_init_callback    000000018002ebe8     <common>

 entry point at        0001:00023f7c

 Static symbols

 0000:00000000       .debug$S                   0000000180000000     kernel32:KERNEL32.dll
 0000:00000000       .debug$S                   0000000180000000     kernel32:KERNEL32.dll
 0000:00000000       .debug$S                   0000000180000000     kernel32:KERNEL32.dll
 0000:00000000       .debug$S                   0000000180000000     kernel32:KERNEL32.dll
 0000:00000000       .debug$S                   0000000180000000     kernel32:KERNEL32.dll
 0000:00000000       .debug$S                   0000000180000000     kernel32:KERNEL32.dll
 0000:00000000       .debug$S                   0000000180000000     kernel32:KERNEL32.dll
 0000:00000000       .debug$S                   0000000180000000     kernel32:KERNEL32.dll
 0000:00000000       .debug$S                   0000000180000000     kernel32:KERNEL32.dll
 0000:00000000       .debug$S                   0000000180000000     libmx:libmx.dll
 0000:00000000       .debug$S                   0000000180000000     MSVCRT:MSVCR110.dll
 0000:00000000       .debug$S                   0000000180000000     MSVCRT:MSVCR110.dll
 0000:00000000       .debug$S                   0000000180000000     MSVCRT:MSVCR110.dll
 0000:00000000       .debug$S                   0000000180000000     MSVCRT:MSVCR110.dll
 0000:00000000       .debug$S                   0000000180000000     MSVCRT:MSVCR110.dll
 0000:00000000       .debug$S                   0000000180000000     MSVCRT:MSVCR110.dll
 0000:00000000       .debug$S                   0000000180000000     MSVCRT:MSVCR110.dll
 0000:00000000       .debug$S                   0000000180000000     MSVCRT:MSVCR110.dll
 0000:00000000       .debug$S                   0000000180000000     MSVCRT:MSVCR110.dll
 0000:00000000       .debug$S                   0000000180000000     MSVCRT:MSVCR110.dll
 0000:00000000       .debug$S                   0000000180000000     MSVCRT:MSVCR110.dll
 0000:00000000       .debug$S                   0000000180000000     MSVCRT:MSVCR110.dll
 0000:00000000       .debug$S                   0000000180000000     MSVCRT:MSVCR110.dll
 0000:00000000       .debug$S                   0000000180000000     MSVCRT:MSVCR110.dll
 0000:00000000       .debug$S                   0000000180000000     MSVCRT:MSVCR110.dll
 0000:00000000       .debug$S                   0000000180000000     MSVCRT:MSVCR110.dll
 0000:00000000       .debug$S                   0000000180000000     MSVCRT:MSVCR110.dll
 0000:00000000       .debug$S                   0000000180000000     MSVCRT:MSVCR110.dll
 0000:00000000       .debug$S                   0000000180000000     MSVCRT:MSVCR110.dll
 0000:00000000       .debug$S                   0000000180000000     MSVCRT:MSVCR110.dll
 0000:00000000       .debug$S                   0000000180000000     MSVCRT:MSVCR110.dll
 0000:00000000       .debug$S                   0000000180000000     MSVCRT:MSVCR110.dll
 0000:00000000       .debug$S                   0000000180000000     MSVCRT:MSVCR110.dll
 0000:00000000       .debug$S                   0000000180000000     MSVCRT:MSVCR110.dll
 0000:00000000       .debug$S                   0000000180000000     MSVCRT:MSVCR110.dll
 0000:00000000       .debug$S                   0000000180000000     libmx:libmx.dll
 0000:00000000       .debug$S                   0000000180000000     libmx:libmx.dll
 0000:00000000       .debug$S                   0000000180000000     libmx:libmx.dll
 0000:00000000       .debug$S                   0000000180000000     libmx:libmx.dll
 0000:00000000       .debug$S                   0000000180000000     libmx:libmx.dll
 0000:00000000       .debug$S                   0000000180000000     libmx:libmx.dll
 0000:00000000       .debug$S                   0000000180000000     libmx:libmx.dll
 0000:00000000       .debug$S                   0000000180000000     libmx:libmx.dll
 0000:00000000       .debug$S                   0000000180000000     libmx:libmx.dll
 0000:00000000       .debug$S                   0000000180000000     libmx:libmx.dll
 0000:00000000       .debug$S                   0000000180000000     libmx:libmx.dll
 0000:00000000       .debug$S                   0000000180000000     libmx:libmx.dll
 0000:00000000       .debug$S                   0000000180000000     libmx:libmx.dll
 0000:00000000       .debug$S                   0000000180000000     libmx:libmx.dll
 0000:00000000       .debug$S                   0000000180000000     libmx:libmx.dll
 0000:00000000       .debug$S                   0000000180000000     libmx:libmx.dll
 0000:00000000       .debug$S                   0000000180000000     libmex:libmex.dll
 0000:00000000       .debug$S                   0000000180000000     libmex:libmex.dll
 0000:00000000       .debug$S                   0000000180000000     libmex:libmex.dll
 0000:00000000       .debug$S                   0000000180000000     libmex:libmex.dll
 0000:00000000       .debug$S                   0000000180000000     libmex:libmex.dll
 0000:00000000       .debug$S                   0000000180000000     libmex:libmex.dll
 0000:00000000       .debug$S                   0000000180000000     libmwmathutil:libmwmathutil.dll
 0000:00000000       .debug$S                   0000000180000000     libmwmathutil:libmwmathutil.dll
 0000:00000000       .debug$S                   0000000180000000     libmwmathutil:libmwmathutil.dll
 0000:00000000       .debug$S                   0000000180000000     libmwmathutil:libmwmathutil.dll
 0000:00000000       .debug$S                   0000000180000000     libemlrt:libemlrt.dll
 0000:00000000       .debug$S                   0000000180000000     libemlrt:libemlrt.dll
 0000:00000000       .debug$S                   0000000180000000     libemlrt:libemlrt.dll
 0000:00000000       .debug$S                   0000000180000000     libemlrt:libemlrt.dll
 0000:00000000       .debug$S                   0000000180000000     libemlrt:libemlrt.dll
 0000:00000000       .debug$S                   0000000180000000     libemlrt:libemlrt.dll
 0000:00000000       .debug$S                   0000000180000000     libmwcgxert:libmwcgxert.dll
 0000:00000000       .debug$S                   0000000180000000     libmwcgxert:libmwcgxert.dll
 0000:00000000       .debug$S                   0000000180000000     libmwcgxert:libmwcgxert.dll
 0000:00000000       .debug$S                   0000000180000000     libmwcgxert:libmwcgxert.dll
 0000:00000000       .debug$S                   0000000180000000     libmwcgxert:libmwcgxert.dll
 0000:00000000       .debug$S                   0000000180000000     libmwcgxert:libmwcgxert.dll
 0001:00000260       SampleRateConverter_stepImpl 0000000180001260 f   m_5ndm3t6eGrpAcmOsRijoGB.obj
 0001:00000860       SystemCore_step            0000000180001860 f   m_5ndm3t6eGrpAcmOsRijoGB.obj
 0001:00000f10       cgxe_mdl_start             0000000180001f10 f   m_5ndm3t6eGrpAcmOsRijoGB.obj
 0001:000014a0       cgxe_mdl_initialize        00000001800024a0 f   m_5ndm3t6eGrpAcmOsRijoGB.obj
 0001:00001c90       cgxe_mdl_outputs           0000000180002c90 f   m_5ndm3t6eGrpAcmOsRijoGB.obj
 0001:000029e0       cgxe_mdl_update            00000001800039e0 f   m_5ndm3t6eGrpAcmOsRijoGB.obj
 0001:000029f0       cgxe_mdl_terminate         00000001800039f0 f   m_5ndm3t6eGrpAcmOsRijoGB.obj
 0001:00003170       message                    0000000180004170 f   m_5ndm3t6eGrpAcmOsRijoGB.obj
 0001:00003210       error                      0000000180004210 f   m_5ndm3t6eGrpAcmOsRijoGB.obj
 0001:00003280       b_message                  0000000180004280 f   m_5ndm3t6eGrpAcmOsRijoGB.obj
 0001:000032f0       init_simulink_io_address   00000001800042f0 f   m_5ndm3t6eGrpAcmOsRijoGB.obj
 0001:00003380       mdlOutputs_5ndm3t6eGrpAcmOsRijoGB 0000000180004380 f   m_5ndm3t6eGrpAcmOsRijoGB.obj
 0001:000033c0       mdlInitialize_5ndm3t6eGrpAcmOsRijoGB 00000001800043c0 f   m_5ndm3t6eGrpAcmOsRijoGB.obj
 0001:000033f0       mdlUpdate_5ndm3t6eGrpAcmOsRijoGB 00000001800043f0 f   m_5ndm3t6eGrpAcmOsRijoGB.obj
 0001:00003430       mdlTerminate_5ndm3t6eGrpAcmOsRijoGB 0000000180004430 f   m_5ndm3t6eGrpAcmOsRijoGB.obj
 0001:00003470       mdlStart_5ndm3t6eGrpAcmOsRijoGB 0000000180004470 f   m_5ndm3t6eGrpAcmOsRijoGB.obj
 0001:00003560       mdlProcessParameters_5ndm3t6eGrpAcmOsRijoGB 0000000180004560 f   m_5ndm3t6eGrpAcmOsRijoGB.obj
 0001:00003720       SystemCore_release         0000000180004720 f   m_SY2m30lpuXg1s83zafIs8.obj
 0001:00003de0       SystemCore_validateProperties 0000000180004de0 f   m_SY2m30lpuXg1s83zafIs8.obj
 0001:00004020       DigitalDownConverter_stepImpl 0000000180005020 f   m_SY2m30lpuXg1s83zafIs8.obj
 0001:000041b0       DigitalDownConverter_getOscillatorSignalFromObject 00000001800051b0 f   m_SY2m30lpuXg1s83zafIs8.obj
 0001:00004720       DigitalDownConverter_mixer 0000000180005720 f   m_SY2m30lpuXg1s83zafIs8.obj
 0001:000048f0       SystemCore_step            00000001800058f0 f   m_SY2m30lpuXg1s83zafIs8.obj
 0001:00005150       b_SystemCore_step          0000000180006150 f   m_SY2m30lpuXg1s83zafIs8.obj
 0001:000059b0       DigitalDownConverter_filterWithThirdStage 00000001800069b0 f   m_SY2m30lpuXg1s83zafIs8.obj
 0001:00006200       cgxe_mdl_start             0000000180007200 f   m_SY2m30lpuXg1s83zafIs8.obj
 0001:00008490       cgxe_mdl_initialize        0000000180009490 f   m_SY2m30lpuXg1s83zafIs8.obj
 0001:0000a230       cgxe_mdl_outputs           000000018000b230 f   m_SY2m30lpuXg1s83zafIs8.obj
 0001:0000d280       cgxe_mdl_update            000000018000e280 f   m_SY2m30lpuXg1s83zafIs8.obj
 0001:0000d290       cgxe_mdl_terminate         000000018000e290 f   m_SY2m30lpuXg1s83zafIs8.obj
 0001:0000e6b0       message                    000000018000f6b0 f   m_SY2m30lpuXg1s83zafIs8.obj
 0001:0000e750       error                      000000018000f750 f   m_SY2m30lpuXg1s83zafIs8.obj
 0001:0000e7c0       b_message                  000000018000f7c0 f   m_SY2m30lpuXg1s83zafIs8.obj
 0001:0000e870       c_message                  000000018000f870 f   m_SY2m30lpuXg1s83zafIs8.obj
 0001:0000e8e0       init_simulink_io_address   000000018000f8e0 f   m_SY2m30lpuXg1s83zafIs8.obj
 0001:0000e970       mdlOutputs_SY2m30lpuXg1s83zafIs8 000000018000f970 f   m_SY2m30lpuXg1s83zafIs8.obj
 0001:0000e9b0       mdlInitialize_SY2m30lpuXg1s83zafIs8 000000018000f9b0 f   m_SY2m30lpuXg1s83zafIs8.obj
 0001:0000e9e0       mdlUpdate_SY2m30lpuXg1s83zafIs8 000000018000f9e0 f   m_SY2m30lpuXg1s83zafIs8.obj
 0001:0000ea20       mdlTerminate_SY2m30lpuXg1s83zafIs8 000000018000fa20 f   m_SY2m30lpuXg1s83zafIs8.obj
 0001:0000ea60       mdlStart_SY2m30lpuXg1s83zafIs8 000000018000fa60 f   m_SY2m30lpuXg1s83zafIs8.obj
 0001:0000eb50       mdlProcessParameters_SY2m30lpuXg1s83zafIs8 000000018000fb50 f   m_SY2m30lpuXg1s83zafIs8.obj
 0001:0000ed10       SystemCore_release         000000018000fd10 f   m_FztNqarQ80TA694cfZ23r.obj
 0001:0000f3d0       mpower                     00000001800103d0 f   m_FztNqarQ80TA694cfZ23r.obj
 0001:0000f3f0       DigitalUpConverter_stepImpl 00000001800103f0 f   m_FztNqarQ80TA694cfZ23r.obj
 0001:0000f560       DigitalUpConverter_filterWithFirstStage 0000000180010560 f   m_FztNqarQ80TA694cfZ23r.obj
 0001:0000fd70       SystemCore_step            0000000180010d70 f   m_FztNqarQ80TA694cfZ23r.obj
 0001:00010570       b_SystemCore_step          0000000180011570 f   m_FztNqarQ80TA694cfZ23r.obj
 0001:00010d70       c_SystemCore_step          0000000180011d70 f   m_FztNqarQ80TA694cfZ23r.obj
 0001:000112f0       cgxe_mdl_start             00000001800122f0 f   m_FztNqarQ80TA694cfZ23r.obj
 0001:00013730       cgxe_mdl_initialize        0000000180014730 f   m_FztNqarQ80TA694cfZ23r.obj
 0001:00015410       cgxe_mdl_outputs           0000000180016410 f   m_FztNqarQ80TA694cfZ23r.obj
 0001:00018540       cgxe_mdl_update            0000000180019540 f   m_FztNqarQ80TA694cfZ23r.obj
 0001:00018550       cgxe_mdl_terminate         0000000180019550 f   m_FztNqarQ80TA694cfZ23r.obj
 0001:00019970       message                    000000018001a970 f   m_FztNqarQ80TA694cfZ23r.obj
 0001:00019a10       error                      000000018001aa10 f   m_FztNqarQ80TA694cfZ23r.obj
 0001:00019a80       b_message                  000000018001aa80 f   m_FztNqarQ80TA694cfZ23r.obj
 0001:00019b30       c_message                  000000018001ab30 f   m_FztNqarQ80TA694cfZ23r.obj
 0001:00019ba0       init_simulink_io_address   000000018001aba0 f   m_FztNqarQ80TA694cfZ23r.obj
 0001:00019c30       mdlOutputs_FztNqarQ80TA694cfZ23r 000000018001ac30 f   m_FztNqarQ80TA694cfZ23r.obj
 0001:00019c70       mdlInitialize_FztNqarQ80TA694cfZ23r 000000018001ac70 f   m_FztNqarQ80TA694cfZ23r.obj
 0001:00019ca0       mdlUpdate_FztNqarQ80TA694cfZ23r 000000018001aca0 f   m_FztNqarQ80TA694cfZ23r.obj
 0001:00019ce0       mdlTerminate_FztNqarQ80TA694cfZ23r 000000018001ace0 f   m_FztNqarQ80TA694cfZ23r.obj
 0001:00019d20       mdlStart_FztNqarQ80TA694cfZ23r 000000018001ad20 f   m_FztNqarQ80TA694cfZ23r.obj
 0001:00019e10       mdlProcessParameters_FztNqarQ80TA694cfZ23r 000000018001ae10 f   m_FztNqarQ80TA694cfZ23r.obj
 0001:00019fd0       SampleRateConverter_stepImpl 000000018001afd0 f   m_y5kHx03bfD5aWnMIivTskD.obj
 0001:0001a610       SystemCore_step            000000018001b610 f   m_y5kHx03bfD5aWnMIivTskD.obj
 0001:0001abf0       cgxe_mdl_start             000000018001bbf0 f   m_y5kHx03bfD5aWnMIivTskD.obj
 0001:0001b190       cgxe_mdl_initialize        000000018001c190 f   m_y5kHx03bfD5aWnMIivTskD.obj
 0001:0001b950       cgxe_mdl_outputs           000000018001c950 f   m_y5kHx03bfD5aWnMIivTskD.obj
 0001:0001c670       cgxe_mdl_update            000000018001d670 f   m_y5kHx03bfD5aWnMIivTskD.obj
 0001:0001c680       cgxe_mdl_terminate         000000018001d680 f   m_y5kHx03bfD5aWnMIivTskD.obj
 0001:0001ce00       message                    000000018001de00 f   m_y5kHx03bfD5aWnMIivTskD.obj
 0001:0001cea0       error                      000000018001dea0 f   m_y5kHx03bfD5aWnMIivTskD.obj
 0001:0001cf10       b_message                  000000018001df10 f   m_y5kHx03bfD5aWnMIivTskD.obj
 0001:0001cf80       init_simulink_io_address   000000018001df80 f   m_y5kHx03bfD5aWnMIivTskD.obj
 0001:0001d010       mdlOutputs_y5kHx03bfD5aWnMIivTskD 000000018001e010 f   m_y5kHx03bfD5aWnMIivTskD.obj
 0001:0001d050       mdlInitialize_y5kHx03bfD5aWnMIivTskD 000000018001e050 f   m_y5kHx03bfD5aWnMIivTskD.obj
 0001:0001d080       mdlUpdate_y5kHx03bfD5aWnMIivTskD 000000018001e080 f   m_y5kHx03bfD5aWnMIivTskD.obj
 0001:0001d0c0       mdlTerminate_y5kHx03bfD5aWnMIivTskD 000000018001e0c0 f   m_y5kHx03bfD5aWnMIivTskD.obj
 0001:0001d100       mdlStart_y5kHx03bfD5aWnMIivTskD 000000018001e100 f   m_y5kHx03bfD5aWnMIivTskD.obj
 0001:0001d1f0       mdlProcessParameters_y5kHx03bfD5aWnMIivTskD 000000018001e1f0 f   m_y5kHx03bfD5aWnMIivTskD.obj
 0001:0001e2b4       $LN96                      000000018001f2b4     familyRadioServiceExample_cgxe_registry.obj
 0001:0001fe84       $LN17                      0000000180020e84     familyRadioServiceExample_cgxe_registry.obj
 0001:0002040c       $LN26                      000000018002140c     familyRadioServiceExample_cgxe_registry.obj
 0001:00020af4       $LN23                      0000000180021af4     familyRadioServiceExample_cgxe_registry.obj
 0001:000210d0       $LN26                      00000001800220d0     familyRadioServiceExample_cgxe_registry.obj
 0001:000220a0       mdlStart                   00000001800230a0 f   familyRadioServiceExample_cgxe_registry.obj
 0001:000220e0       mdlInitializeConditions    00000001800230e0 f   familyRadioServiceExample_cgxe_registry.obj
 0001:00022100       mdlUpdate                  0000000180023100 f   familyRadioServiceExample_cgxe_registry.obj
 0001:00022130       mdlOutputs                 0000000180023130 f   familyRadioServiceExample_cgxe_registry.obj
 0001:00022160       mdlTerminate               0000000180023160 f   familyRadioServiceExample_cgxe_registry.obj
 0001:00022180       mdlInitializeSizes         0000000180023180 f   familyRadioServiceExample_cgxe_registry.obj
 0001:00022190       mdlInitializeSampleTimes   0000000180023190 f   familyRadioServiceExample_cgxe_registry.obj
 0001:000221a0       cgxe_get_supported_modules 00000001800231a0 f   familyRadioServiceExample_cgxe_registry.obj
 0001:00022430       cgxe_process_get_checksums 0000000180023430 f   familyRadioServiceExample_cgxe_registry.obj
 0001:000227a0       cgxe_mex_unlock_call       00000001800237a0 f   familyRadioServiceExample_cgxe_registry.obj
 0001:000227e0       cgxe_unpack_simstruct      00000001800237e0 f   familyRadioServiceExample_cgxe_registry.obj
 0001:00022880       cgxe_get_sim_state         0000000180023880 f   familyRadioServiceExample_cgxe_registry.obj
 0001:000228f0       cgxe_set_sim_state         00000001800238f0 f   familyRadioServiceExample_cgxe_registry.obj
 0001:00022970       cgxe_get_BuildInfoUpdate   0000000180023970 f   familyRadioServiceExample_cgxe_registry.obj
 0001:00022ae0       ProcessMexSfunctionCmdLineCall 0000000180023ae0 f   familyRadioServiceExample_cgxe_registry.obj
 0001:00022ce0       mdlZeroCrossings           0000000180023ce0 f   familyRadioServiceExample_cgxe_registry.obj
 0001:00022d30       mdlGetTimeOfNextVarHit     0000000180023d30 f   familyRadioServiceExample_cgxe_registry.obj
 0001:00022d80       _RegNumInputPortsCB        0000000180023d80 f   familyRadioServiceExample_cgxe_registry.obj
 0001:00022e00       _RegNumOutputPortsCB       0000000180023e00 f   familyRadioServiceExample_cgxe_registry.obj
 0001:00022e80       _CreateSimStruct           0000000180023e80 f   familyRadioServiceExample_cgxe_registry.obj
 0001:00023060       _ssFatalError              0000000180024060 f   familyRadioServiceExample_cgxe_registry.obj
 0001:00023110       _ProcessMexSfunctionCmdLineCall 0000000180024110 f   familyRadioServiceExample_cgxe_registry.obj
 0001:00023930       $$000000                   0000000180024930     MSVCRT:chkstk.obj
 0001:00023990       $$000000                   0000000180024990     MSVCRT:amdsecgs.obj
 0001:00023cc4       pre_c_init                 0000000180024cc4 f   MSVCRT:crtdll.obj
 0001:00023fbc       __DllMainCRTStartup        0000000180024fbc f   MSVCRT:crtdll.obj
 0001:000244d0       __DllMainCRTStartup$filt$0 00000001800254d0 f   MSVCRT:crtdll.obj
 0001:000244f5       __DllMainCRTStartup$fin$1  00000001800254f5 f   MSVCRT:crtdll.obj
 0001:00024510       _IsNonwritableInCurrentImage$filt$0 0000000180025510 f   MSVCRT:pesect.obj
 0001:00024530       _onexit$fin$0              0000000180025530 f   MSVCRT:atonexit.obj
 0002:00000298       pcinit                     0000000180026298     MSVCRT:crtdll.obj
 0002:000002a0       pinit                      00000001800262a0     MSVCRT:atonexit.obj
 0002:000002b0       ?iv0@?1??SampleRateConverter_stepImpl@@9@9 00000001800262b0     m_5ndm3t6eGrpAcmOsRijoGB.obj
 0002:000002b8       ?iv1@?1??SampleRateConverter_stepImpl@@9@9 00000001800262b8     m_5ndm3t6eGrpAcmOsRijoGB.obj
 0002:000002c0       ?iv2@?1??SampleRateConverter_stepImpl@@9@9 00000001800262c0     m_5ndm3t6eGrpAcmOsRijoGB.obj
 0002:000002c8       ?iv3@?1??SampleRateConverter_stepImpl@@9@9 00000001800262c8     m_5ndm3t6eGrpAcmOsRijoGB.obj
 0002:000002d0       ?iv4@?1??SystemCore_step@@9@9 00000001800262d0     m_5ndm3t6eGrpAcmOsRijoGB.obj
 0002:000002d8       ?iv5@?1??SystemCore_step@@9@9 00000001800262d8     m_5ndm3t6eGrpAcmOsRijoGB.obj
 0002:000002e0       ?iv6@?1??SystemCore_step@@9@9 00000001800262e0     m_5ndm3t6eGrpAcmOsRijoGB.obj
 0002:000002e8       ?iv7@?1??SystemCore_step@@9@9 00000001800262e8     m_5ndm3t6eGrpAcmOsRijoGB.obj
 0002:000002f0       ?iv8@?1??cgxe_mdl_start@@9@9 00000001800262f0     m_5ndm3t6eGrpAcmOsRijoGB.obj
 0002:000002f8       ?iv9@?1??cgxe_mdl_start@@9@9 00000001800262f8     m_5ndm3t6eGrpAcmOsRijoGB.obj
 0002:00000300       ?iv11@?1??cgxe_mdl_start@@9@9 0000000180026300     m_5ndm3t6eGrpAcmOsRijoGB.obj
 0002:00000308       ?iv13@?1??cgxe_mdl_initialize@@9@9 0000000180026308     m_5ndm3t6eGrpAcmOsRijoGB.obj
 0002:00000310       ?iv14@?1??cgxe_mdl_initialize@@9@9 0000000180026310     m_5ndm3t6eGrpAcmOsRijoGB.obj
 0002:00000318       ?iv15@?1??cgxe_mdl_initialize@@9@9 0000000180026318     m_5ndm3t6eGrpAcmOsRijoGB.obj
 0002:00000320       ?iv16@?1??cgxe_mdl_initialize@@9@9 0000000180026320     m_5ndm3t6eGrpAcmOsRijoGB.obj
 0002:00000328       ?iv17@?1??cgxe_mdl_initialize@@9@9 0000000180026328     m_5ndm3t6eGrpAcmOsRijoGB.obj
 0002:00000330       ?iv18@?1??cgxe_mdl_initialize@@9@9 0000000180026330     m_5ndm3t6eGrpAcmOsRijoGB.obj
 0002:00000338       ?iv19@?1??cgxe_mdl_initialize@@9@9 0000000180026338     m_5ndm3t6eGrpAcmOsRijoGB.obj
 0002:00000340       ?iv20@?1??cgxe_mdl_initialize@@9@9 0000000180026340     m_5ndm3t6eGrpAcmOsRijoGB.obj
 0002:00000348       ?iv21@?1??cgxe_mdl_outputs@@9@9 0000000180026348     m_5ndm3t6eGrpAcmOsRijoGB.obj
 0002:00000350       ?iv22@?1??cgxe_mdl_outputs@@9@9 0000000180026350     m_5ndm3t6eGrpAcmOsRijoGB.obj
 0002:00000358       ?iv23@?1??cgxe_mdl_outputs@@9@9 0000000180026358     m_5ndm3t6eGrpAcmOsRijoGB.obj
 0002:00000360       ?iv24@?1??cgxe_mdl_outputs@@9@9 0000000180026360     m_5ndm3t6eGrpAcmOsRijoGB.obj
 0002:00000368       ?iv25@?1??cgxe_mdl_outputs@@9@9 0000000180026368     m_5ndm3t6eGrpAcmOsRijoGB.obj
 0002:00000370       ?iv27@?1??cgxe_mdl_outputs@@9@9 0000000180026370     m_5ndm3t6eGrpAcmOsRijoGB.obj
 0002:00000378       ?iv28@?1??cgxe_mdl_outputs@@9@9 0000000180026378     m_5ndm3t6eGrpAcmOsRijoGB.obj
 0002:00000380       ?iv29@?1??cgxe_mdl_outputs@@9@9 0000000180026380     m_5ndm3t6eGrpAcmOsRijoGB.obj
 0002:00000388       ?iv30@?1??cgxe_mdl_outputs@@9@9 0000000180026388     m_5ndm3t6eGrpAcmOsRijoGB.obj
 0002:00000390       ?iv31@?1??cgxe_mdl_outputs@@9@9 0000000180026390     m_5ndm3t6eGrpAcmOsRijoGB.obj
 0002:00000398       ?iv32@?1??cgxe_mdl_terminate@@9@9 0000000180026398     m_5ndm3t6eGrpAcmOsRijoGB.obj
 0002:000003a0       ?iv33@?1??cgxe_mdl_terminate@@9@9 00000001800263a0     m_5ndm3t6eGrpAcmOsRijoGB.obj
 0002:000003a8       ?iv34@?1??cgxe_mdl_terminate@@9@9 00000001800263a8     m_5ndm3t6eGrpAcmOsRijoGB.obj
 0002:000003b0       ?iv35@?1??cgxe_mdl_terminate@@9@9 00000001800263b0     m_5ndm3t6eGrpAcmOsRijoGB.obj
 0002:000003b8       ?iv36@?1??cgxe_mdl_terminate@@9@9 00000001800263b8     m_5ndm3t6eGrpAcmOsRijoGB.obj
 0002:000003c0       ?iv37@?1??cgxe_mdl_terminate@@9@9 00000001800263c0     m_5ndm3t6eGrpAcmOsRijoGB.obj
 0002:000003c8       ?iv38@?1??cgxe_mdl_terminate@@9@9 00000001800263c8     m_5ndm3t6eGrpAcmOsRijoGB.obj
 0002:000003d0       ?iv39@?1??cgxe_mdl_terminate@@9@9 00000001800263d0     m_5ndm3t6eGrpAcmOsRijoGB.obj
 0002:000003e8       ?iv0@?1??SystemCore_release@@9@9 00000001800263e8     m_SY2m30lpuXg1s83zafIs8.obj
 0002:000003f0       ?iv1@?1??SystemCore_release@@9@9 00000001800263f0     m_SY2m30lpuXg1s83zafIs8.obj
 0002:000003f8       ?iv2@?1??SystemCore_release@@9@9 00000001800263f8     m_SY2m30lpuXg1s83zafIs8.obj
 0002:00000400       ?iv3@?1??SystemCore_release@@9@9 0000000180026400     m_SY2m30lpuXg1s83zafIs8.obj
 0002:00000408       ?iv4@?1??SystemCore_release@@9@9 0000000180026408     m_SY2m30lpuXg1s83zafIs8.obj
 0002:00000410       ?iv5@?1??SystemCore_release@@9@9 0000000180026410     m_SY2m30lpuXg1s83zafIs8.obj
 0002:00000418       ?iv6@?1??SystemCore_release@@9@9 0000000180026418     m_SY2m30lpuXg1s83zafIs8.obj
 0002:00000420       ?iv7@?1??SystemCore_release@@9@9 0000000180026420     m_SY2m30lpuXg1s83zafIs8.obj
 0002:00000428       ?iv86@?1??cgxe_mdl_outputs@@9@9 0000000180026428     m_SY2m30lpuXg1s83zafIs8.obj
 0002:00000430       ?iv8@?1??SystemCore_validateProperties@@9@9 0000000180026430     m_SY2m30lpuXg1s83zafIs8.obj
 0002:00000438       ?iv87@?1??cgxe_mdl_outputs@@9@9 0000000180026438     m_SY2m30lpuXg1s83zafIs8.obj
 0002:00000440       ?iv88@?1??cgxe_mdl_outputs@@9@9 0000000180026440     m_SY2m30lpuXg1s83zafIs8.obj
 0002:00000448       ?iv89@?1??cgxe_mdl_outputs@@9@9 0000000180026448     m_SY2m30lpuXg1s83zafIs8.obj
 0002:00000450       ?iv90@?1??cgxe_mdl_outputs@@9@9 0000000180026450     m_SY2m30lpuXg1s83zafIs8.obj
 0002:00000458       ?iv91@?1??cgxe_mdl_outputs@@9@9 0000000180026458     m_SY2m30lpuXg1s83zafIs8.obj
 0002:00000460       ?iv92@?1??cgxe_mdl_outputs@@9@9 0000000180026460     m_SY2m30lpuXg1s83zafIs8.obj
 0002:00000468       ?iv93@?1??cgxe_mdl_outputs@@9@9 0000000180026468     m_SY2m30lpuXg1s83zafIs8.obj
 0002:00000470       ?iv94@?1??cgxe_mdl_outputs@@9@9 0000000180026470     m_SY2m30lpuXg1s83zafIs8.obj
 0002:00000478       ?iv9@?1??DigitalDownConverter_getOscillatorSignalFromObject@@9@9 0000000180026478     m_SY2m30lpuXg1s83zafIs8.obj
 0002:00000480       ?iv95@?1??cgxe_mdl_outputs@@9@9 0000000180026480     m_SY2m30lpuXg1s83zafIs8.obj
 0002:00000488       ?iv96@?1??cgxe_mdl_outputs@@9@9 0000000180026488     m_SY2m30lpuXg1s83zafIs8.obj
 0002:00000490       ?iv10@?1??DigitalDownConverter_getOscillatorSignalFromObject@@9@9 0000000180026490     m_SY2m30lpuXg1s83zafIs8.obj
 0002:00000498       ?iv97@?1??cgxe_mdl_outputs@@9@9 0000000180026498     m_SY2m30lpuXg1s83zafIs8.obj
 0002:000004a0       ?iv98@?1??cgxe_mdl_outputs@@9@9 00000001800264a0     m_SY2m30lpuXg1s83zafIs8.obj
 0002:000004a8       ?iv11@?1??DigitalDownConverter_getOscillatorSignalFromObject@@9@9 00000001800264a8     m_SY2m30lpuXg1s83zafIs8.obj
 0002:000004b0       ?iv99@?1??cgxe_mdl_outputs@@9@9 00000001800264b0     m_SY2m30lpuXg1s83zafIs8.obj
 0002:000004b8       ?iv12@?1??DigitalDownConverter_getOscillatorSignalFromObject@@9@9 00000001800264b8     m_SY2m30lpuXg1s83zafIs8.obj
 0002:000004c0       ?iv100@?1??cgxe_mdl_outputs@@9@9 00000001800264c0     m_SY2m30lpuXg1s83zafIs8.obj
 0002:000004c8       ?iv101@?1??cgxe_mdl_outputs@@9@9 00000001800264c8     m_SY2m30lpuXg1s83zafIs8.obj
 0002:000004d0       ?iv102@?1??cgxe_mdl_outputs@@9@9 00000001800264d0     m_SY2m30lpuXg1s83zafIs8.obj
 0002:000004d8       ?iv103@?1??cgxe_mdl_outputs@@9@9 00000001800264d8     m_SY2m30lpuXg1s83zafIs8.obj
 0002:000004e0       ?iv104@?1??cgxe_mdl_outputs@@9@9 00000001800264e0     m_SY2m30lpuXg1s83zafIs8.obj
 0002:000004e8       ?iv105@?1??cgxe_mdl_outputs@@9@9 00000001800264e8     m_SY2m30lpuXg1s83zafIs8.obj
 0002:000004f0       ?iv106@?1??cgxe_mdl_outputs@@9@9 00000001800264f0     m_SY2m30lpuXg1s83zafIs8.obj
 0002:000004f8       ?iv107@?1??cgxe_mdl_outputs@@9@9 00000001800264f8     m_SY2m30lpuXg1s83zafIs8.obj
 0002:00000500       ?iv108@?1??cgxe_mdl_outputs@@9@9 0000000180026500     m_SY2m30lpuXg1s83zafIs8.obj
 0002:00000508       ?iv109@?1??cgxe_mdl_outputs@@9@9 0000000180026508     m_SY2m30lpuXg1s83zafIs8.obj
 0002:00000510       ?iv110@?1??cgxe_mdl_outputs@@9@9 0000000180026510     m_SY2m30lpuXg1s83zafIs8.obj
 0002:00000518       ?iv111@?1??cgxe_mdl_outputs@@9@9 0000000180026518     m_SY2m30lpuXg1s83zafIs8.obj
 0002:00000520       ?iv113@?1??cgxe_mdl_outputs@@9@9 0000000180026520     m_SY2m30lpuXg1s83zafIs8.obj
 0002:00000528       ?iv114@?1??cgxe_mdl_outputs@@9@9 0000000180026528     m_SY2m30lpuXg1s83zafIs8.obj
 0002:00000530       ?iv13@?1??SystemCore_step@@9@9 0000000180026530     m_SY2m30lpuXg1s83zafIs8.obj
 0002:00000538       ?iv115@?1??cgxe_mdl_outputs@@9@9 0000000180026538     m_SY2m30lpuXg1s83zafIs8.obj
 0002:00000540       ?iv14@?1??SystemCore_step@@9@9 0000000180026540     m_SY2m30lpuXg1s83zafIs8.obj
 0002:00000548       ?iv116@?1??cgxe_mdl_outputs@@9@9 0000000180026548     m_SY2m30lpuXg1s83zafIs8.obj
 0002:00000550       ?iv15@?1??SystemCore_step@@9@9 0000000180026550     m_SY2m30lpuXg1s83zafIs8.obj
 0002:00000558       ?iv117@?1??cgxe_mdl_outputs@@9@9 0000000180026558     m_SY2m30lpuXg1s83zafIs8.obj
 0002:00000560       ?iv118@?1??cgxe_mdl_outputs@@9@9 0000000180026560     m_SY2m30lpuXg1s83zafIs8.obj
 0002:00000568       ?iv16@?1??SystemCore_step@@9@9 0000000180026568     m_SY2m30lpuXg1s83zafIs8.obj
 0002:00000570       ?iv119@?1??cgxe_mdl_outputs@@9@9 0000000180026570     m_SY2m30lpuXg1s83zafIs8.obj
 0002:00000578       ?iv120@?1??cgxe_mdl_outputs@@9@9 0000000180026578     m_SY2m30lpuXg1s83zafIs8.obj
 0002:00000580       ?iv121@?1??cgxe_mdl_outputs@@9@9 0000000180026580     m_SY2m30lpuXg1s83zafIs8.obj
 0002:00000588       ?iv122@?1??cgxe_mdl_outputs@@9@9 0000000180026588     m_SY2m30lpuXg1s83zafIs8.obj
 0002:00000590       ?iv123@?1??cgxe_mdl_outputs@@9@9 0000000180026590     m_SY2m30lpuXg1s83zafIs8.obj
 0002:00000598       ?iv124@?1??cgxe_mdl_outputs@@9@9 0000000180026598     m_SY2m30lpuXg1s83zafIs8.obj
 0002:000005a0       ?iv125@?1??cgxe_mdl_outputs@@9@9 00000001800265a0     m_SY2m30lpuXg1s83zafIs8.obj
 0002:000005a8       ?iv126@?1??cgxe_mdl_outputs@@9@9 00000001800265a8     m_SY2m30lpuXg1s83zafIs8.obj
 0002:000005b0       ?iv127@?1??cgxe_mdl_outputs@@9@9 00000001800265b0     m_SY2m30lpuXg1s83zafIs8.obj
 0002:000005b8       ?iv128@?1??cgxe_mdl_outputs@@9@9 00000001800265b8     m_SY2m30lpuXg1s83zafIs8.obj
 0002:000005c0       ?iv129@?1??cgxe_mdl_outputs@@9@9 00000001800265c0     m_SY2m30lpuXg1s83zafIs8.obj
 0002:000005c8       ?iv130@?1??cgxe_mdl_outputs@@9@9 00000001800265c8     m_SY2m30lpuXg1s83zafIs8.obj
 0002:000005d0       ?iv17@?1??b_SystemCore_step@@9@9 00000001800265d0     m_SY2m30lpuXg1s83zafIs8.obj
 0002:000005d8       ?iv18@?1??b_SystemCore_step@@9@9 00000001800265d8     m_SY2m30lpuXg1s83zafIs8.obj
 0002:000005e0       ?iv19@?1??b_SystemCore_step@@9@9 00000001800265e0     m_SY2m30lpuXg1s83zafIs8.obj
 0002:000005e8       ?iv20@?1??b_SystemCore_step@@9@9 00000001800265e8     m_SY2m30lpuXg1s83zafIs8.obj
 0002:000005f0       ?iv21@?1??DigitalDownConverter_filterWithThirdStage@@9@9 00000001800265f0     m_SY2m30lpuXg1s83zafIs8.obj
 0002:000005f8       ?iv22@?1??DigitalDownConverter_filterWithThirdStage@@9@9 00000001800265f8     m_SY2m30lpuXg1s83zafIs8.obj
 0002:00000600       ?iv23@?1??DigitalDownConverter_filterWithThirdStage@@9@9 0000000180026600     m_SY2m30lpuXg1s83zafIs8.obj
 0002:00000608       ?iv24@?1??DigitalDownConverter_filterWithThirdStage@@9@9 0000000180026608     m_SY2m30lpuXg1s83zafIs8.obj
 0002:00000610       ?iv25@?1??cgxe_mdl_start@@9@9 0000000180026610     m_SY2m30lpuXg1s83zafIs8.obj
 0002:00000618       ?iv26@?1??cgxe_mdl_start@@9@9 0000000180026618     m_SY2m30lpuXg1s83zafIs8.obj
 0002:00000620       ?iv27@?1??cgxe_mdl_start@@9@9 0000000180026620     m_SY2m30lpuXg1s83zafIs8.obj
 0002:00000628       ?iv28@?1??cgxe_mdl_start@@9@9 0000000180026628     m_SY2m30lpuXg1s83zafIs8.obj
 0002:00000630       ?iv29@?1??cgxe_mdl_start@@9@9 0000000180026630     m_SY2m30lpuXg1s83zafIs8.obj
 0002:00000638       ?iv30@?1??cgxe_mdl_start@@9@9 0000000180026638     m_SY2m30lpuXg1s83zafIs8.obj
 0002:00000640       ?iv31@?1??cgxe_mdl_start@@9@9 0000000180026640     m_SY2m30lpuXg1s83zafIs8.obj
 0002:00000648       ?iv32@?1??cgxe_mdl_start@@9@9 0000000180026648     m_SY2m30lpuXg1s83zafIs8.obj
 0002:00000650       ?iv33@?1??cgxe_mdl_start@@9@9 0000000180026650     m_SY2m30lpuXg1s83zafIs8.obj
 0002:00000658       ?iv34@?1??cgxe_mdl_start@@9@9 0000000180026658     m_SY2m30lpuXg1s83zafIs8.obj
 0002:00000660       ?iv35@?1??cgxe_mdl_start@@9@9 0000000180026660     m_SY2m30lpuXg1s83zafIs8.obj
 0002:00000668       ?iv36@?1??cgxe_mdl_start@@9@9 0000000180026668     m_SY2m30lpuXg1s83zafIs8.obj
 0002:00000670       ?iv37@?1??cgxe_mdl_start@@9@9 0000000180026670     m_SY2m30lpuXg1s83zafIs8.obj
 0002:00000678       ?iv38@?1??cgxe_mdl_start@@9@9 0000000180026678     m_SY2m30lpuXg1s83zafIs8.obj
 0002:00000680       ?iv39@?1??cgxe_mdl_start@@9@9 0000000180026680     m_SY2m30lpuXg1s83zafIs8.obj
 0002:00000688       ?iv40@?1??cgxe_mdl_start@@9@9 0000000180026688     m_SY2m30lpuXg1s83zafIs8.obj
 0002:00000690       ?iv41@?1??cgxe_mdl_start@@9@9 0000000180026690     m_SY2m30lpuXg1s83zafIs8.obj
 0002:00000698       ?iv42@?1??cgxe_mdl_start@@9@9 0000000180026698     m_SY2m30lpuXg1s83zafIs8.obj
 0002:000006a0       ?iv43@?1??cgxe_mdl_start@@9@9 00000001800266a0     m_SY2m30lpuXg1s83zafIs8.obj
 0002:000006a8       ?iv44@?1??cgxe_mdl_start@@9@9 00000001800266a8     m_SY2m30lpuXg1s83zafIs8.obj
 0002:000006b0       ?iv45@?1??cgxe_mdl_start@@9@9 00000001800266b0     m_SY2m30lpuXg1s83zafIs8.obj
 0002:000006b8       ?iv46@?1??cgxe_mdl_start@@9@9 00000001800266b8     m_SY2m30lpuXg1s83zafIs8.obj
 0002:000006c0       ?iv47@?1??cgxe_mdl_start@@9@9 00000001800266c0     m_SY2m30lpuXg1s83zafIs8.obj
 0002:000006c8       ?iv48@?1??cgxe_mdl_start@@9@9 00000001800266c8     m_SY2m30lpuXg1s83zafIs8.obj
 0002:000006d0       ?iv50@?1??cgxe_mdl_start@@9@9 00000001800266d0     m_SY2m30lpuXg1s83zafIs8.obj
 0002:000006d8       ?iv131@?1??cgxe_mdl_terminate@@9@9 00000001800266d8     m_SY2m30lpuXg1s83zafIs8.obj
 0002:000006e0       ?iv51@?1??cgxe_mdl_start@@9@9 00000001800266e0     m_SY2m30lpuXg1s83zafIs8.obj
 0002:000006e8       ?iv132@?1??cgxe_mdl_terminate@@9@9 00000001800266e8     m_SY2m30lpuXg1s83zafIs8.obj
 0002:000006f0       ?iv52@?1??cgxe_mdl_start@@9@9 00000001800266f0     m_SY2m30lpuXg1s83zafIs8.obj
 0002:000006f8       ?iv133@?1??cgxe_mdl_terminate@@9@9 00000001800266f8     m_SY2m30lpuXg1s83zafIs8.obj
 0002:00000700       ?iv53@?1??cgxe_mdl_start@@9@9 0000000180026700     m_SY2m30lpuXg1s83zafIs8.obj
 0002:00000708       ?iv134@?1??cgxe_mdl_terminate@@9@9 0000000180026708     m_SY2m30lpuXg1s83zafIs8.obj
 0002:00000710       ?iv54@?1??cgxe_mdl_start@@9@9 0000000180026710     m_SY2m30lpuXg1s83zafIs8.obj
 0002:00000718       ?iv135@?1??cgxe_mdl_terminate@@9@9 0000000180026718     m_SY2m30lpuXg1s83zafIs8.obj
 0002:00000720       ?iv55@?1??cgxe_mdl_start@@9@9 0000000180026720     m_SY2m30lpuXg1s83zafIs8.obj
 0002:00000728       ?iv136@?1??cgxe_mdl_terminate@@9@9 0000000180026728     m_SY2m30lpuXg1s83zafIs8.obj
 0002:00000730       ?iv56@?1??cgxe_mdl_start@@9@9 0000000180026730     m_SY2m30lpuXg1s83zafIs8.obj
 0002:00000738       ?iv137@?1??cgxe_mdl_terminate@@9@9 0000000180026738     m_SY2m30lpuXg1s83zafIs8.obj
 0002:00000740       ?iv138@?1??cgxe_mdl_terminate@@9@9 0000000180026740     m_SY2m30lpuXg1s83zafIs8.obj
 0002:00000748       ?iv139@?1??cgxe_mdl_terminate@@9@9 0000000180026748     m_SY2m30lpuXg1s83zafIs8.obj
 0002:00000750       ?iv140@?1??cgxe_mdl_terminate@@9@9 0000000180026750     m_SY2m30lpuXg1s83zafIs8.obj
 0002:00000758       ?iv141@?1??cgxe_mdl_terminate@@9@9 0000000180026758     m_SY2m30lpuXg1s83zafIs8.obj
 0002:00000760       ?iv142@?1??cgxe_mdl_terminate@@9@9 0000000180026760     m_SY2m30lpuXg1s83zafIs8.obj
 0002:00000768       ?iv143@?1??cgxe_mdl_terminate@@9@9 0000000180026768     m_SY2m30lpuXg1s83zafIs8.obj
 0002:00000770       ?iv144@?1??cgxe_mdl_terminate@@9@9 0000000180026770     m_SY2m30lpuXg1s83zafIs8.obj
 0002:00000778       ?iv145@?1??cgxe_mdl_terminate@@9@9 0000000180026778     m_SY2m30lpuXg1s83zafIs8.obj
 0002:00000780       ?iv146@?1??cgxe_mdl_terminate@@9@9 0000000180026780     m_SY2m30lpuXg1s83zafIs8.obj
 0002:00000788       ?iv147@?1??cgxe_mdl_terminate@@9@9 0000000180026788     m_SY2m30lpuXg1s83zafIs8.obj
 0002:00000790       ?iv148@?1??cgxe_mdl_terminate@@9@9 0000000180026790     m_SY2m30lpuXg1s83zafIs8.obj
 0002:00000798       ?iv149@?1??cgxe_mdl_terminate@@9@9 0000000180026798     m_SY2m30lpuXg1s83zafIs8.obj
 0002:000007a0       ?iv150@?1??cgxe_mdl_terminate@@9@9 00000001800267a0     m_SY2m30lpuXg1s83zafIs8.obj
 0002:000007a8       ?iv57@?1??cgxe_mdl_initialize@@9@9 00000001800267a8     m_SY2m30lpuXg1s83zafIs8.obj
 0002:000007b0       ?iv58@?1??cgxe_mdl_initialize@@9@9 00000001800267b0     m_SY2m30lpuXg1s83zafIs8.obj
 0002:000007b8       ?iv59@?1??cgxe_mdl_initialize@@9@9 00000001800267b8     m_SY2m30lpuXg1s83zafIs8.obj
 0002:000007c0       ?iv60@?1??cgxe_mdl_initialize@@9@9 00000001800267c0     m_SY2m30lpuXg1s83zafIs8.obj
 0002:000007c8       ?iv61@?1??cgxe_mdl_initialize@@9@9 00000001800267c8     m_SY2m30lpuXg1s83zafIs8.obj
 0002:000007d0       ?iv62@?1??cgxe_mdl_initialize@@9@9 00000001800267d0     m_SY2m30lpuXg1s83zafIs8.obj
 0002:000007d8       ?iv63@?1??cgxe_mdl_initialize@@9@9 00000001800267d8     m_SY2m30lpuXg1s83zafIs8.obj
 0002:000007e0       ?iv64@?1??cgxe_mdl_initialize@@9@9 00000001800267e0     m_SY2m30lpuXg1s83zafIs8.obj
 0002:000007e8       ?iv65@?1??cgxe_mdl_initialize@@9@9 00000001800267e8     m_SY2m30lpuXg1s83zafIs8.obj
 0002:000007f0       ?iv66@?1??cgxe_mdl_initialize@@9@9 00000001800267f0     m_SY2m30lpuXg1s83zafIs8.obj
 0002:000007f8       ?iv67@?1??cgxe_mdl_initialize@@9@9 00000001800267f8     m_SY2m30lpuXg1s83zafIs8.obj
 0002:00000800       ?iv68@?1??cgxe_mdl_initialize@@9@9 0000000180026800     m_SY2m30lpuXg1s83zafIs8.obj
 0002:00000808       ?iv69@?1??cgxe_mdl_initialize@@9@9 0000000180026808     m_SY2m30lpuXg1s83zafIs8.obj
 0002:00000810       ?iv70@?1??cgxe_mdl_initialize@@9@9 0000000180026810     m_SY2m30lpuXg1s83zafIs8.obj
 0002:00000818       ?iv71@?1??cgxe_mdl_initialize@@9@9 0000000180026818     m_SY2m30lpuXg1s83zafIs8.obj
 0002:00000820       ?iv72@?1??cgxe_mdl_initialize@@9@9 0000000180026820     m_SY2m30lpuXg1s83zafIs8.obj
 0002:00000828       ?iv73@?1??cgxe_mdl_initialize@@9@9 0000000180026828     m_SY2m30lpuXg1s83zafIs8.obj
 0002:00000830       ?iv74@?1??cgxe_mdl_initialize@@9@9 0000000180026830     m_SY2m30lpuXg1s83zafIs8.obj
 0002:00000838       ?iv75@?1??cgxe_mdl_initialize@@9@9 0000000180026838     m_SY2m30lpuXg1s83zafIs8.obj
 0002:00000840       ?iv76@?1??cgxe_mdl_initialize@@9@9 0000000180026840     m_SY2m30lpuXg1s83zafIs8.obj
 0002:00000848       ?iv77@?1??cgxe_mdl_initialize@@9@9 0000000180026848     m_SY2m30lpuXg1s83zafIs8.obj
 0002:00000850       ?iv78@?1??cgxe_mdl_initialize@@9@9 0000000180026850     m_SY2m30lpuXg1s83zafIs8.obj
 0002:00000858       ?iv79@?1??cgxe_mdl_initialize@@9@9 0000000180026858     m_SY2m30lpuXg1s83zafIs8.obj
 0002:00000860       ?iv80@?1??cgxe_mdl_initialize@@9@9 0000000180026860     m_SY2m30lpuXg1s83zafIs8.obj
 0002:00000868       ?iv81@?1??cgxe_mdl_initialize@@9@9 0000000180026868     m_SY2m30lpuXg1s83zafIs8.obj
 0002:00000870       ?iv82@?1??cgxe_mdl_initialize@@9@9 0000000180026870     m_SY2m30lpuXg1s83zafIs8.obj
 0002:00000878       ?iv83@?1??cgxe_mdl_initialize@@9@9 0000000180026878     m_SY2m30lpuXg1s83zafIs8.obj
 0002:00000880       ?iv84@?1??cgxe_mdl_initialize@@9@9 0000000180026880     m_SY2m30lpuXg1s83zafIs8.obj
 0002:00000888       ?iv85@?1??cgxe_mdl_initialize@@9@9 0000000180026888     m_SY2m30lpuXg1s83zafIs8.obj
 0002:000008e0       ?iv0@?1??SystemCore_release@@9@9 00000001800268e0     m_FztNqarQ80TA694cfZ23r.obj
 0002:000008e8       ?iv1@?1??SystemCore_release@@9@9 00000001800268e8     m_FztNqarQ80TA694cfZ23r.obj
 0002:000008f0       ?iv2@?1??SystemCore_release@@9@9 00000001800268f0     m_FztNqarQ80TA694cfZ23r.obj
 0002:000008f8       ?iv3@?1??SystemCore_release@@9@9 00000001800268f8     m_FztNqarQ80TA694cfZ23r.obj
 0002:00000900       ?iv4@?1??SystemCore_release@@9@9 0000000180026900     m_FztNqarQ80TA694cfZ23r.obj
 0002:00000908       ?iv5@?1??SystemCore_release@@9@9 0000000180026908     m_FztNqarQ80TA694cfZ23r.obj
 0002:00000910       ?iv6@?1??SystemCore_release@@9@9 0000000180026910     m_FztNqarQ80TA694cfZ23r.obj
 0002:00000918       ?iv7@?1??SystemCore_release@@9@9 0000000180026918     m_FztNqarQ80TA694cfZ23r.obj
 0002:00000920       ?iv84@?1??cgxe_mdl_outputs@@9@9 0000000180026920     m_FztNqarQ80TA694cfZ23r.obj
 0002:00000928       ?iv85@?1??cgxe_mdl_outputs@@9@9 0000000180026928     m_FztNqarQ80TA694cfZ23r.obj
 0002:00000930       ?iv86@?1??cgxe_mdl_outputs@@9@9 0000000180026930     m_FztNqarQ80TA694cfZ23r.obj
 0002:00000938       ?iv87@?1??cgxe_mdl_outputs@@9@9 0000000180026938     m_FztNqarQ80TA694cfZ23r.obj
 0002:00000940       ?iv88@?1??cgxe_mdl_outputs@@9@9 0000000180026940     m_FztNqarQ80TA694cfZ23r.obj
 0002:00000948       ?iv89@?1??cgxe_mdl_outputs@@9@9 0000000180026948     m_FztNqarQ80TA694cfZ23r.obj
 0002:00000950       ?iv90@?1??cgxe_mdl_outputs@@9@9 0000000180026950     m_FztNqarQ80TA694cfZ23r.obj
 0002:00000958       ?iv91@?1??cgxe_mdl_outputs@@9@9 0000000180026958     m_FztNqarQ80TA694cfZ23r.obj
 0002:00000960       ?iv8@?1??DigitalUpConverter_filterWithFirstStage@@9@9 0000000180026960     m_FztNqarQ80TA694cfZ23r.obj
 0002:00000968       ?iv92@?1??cgxe_mdl_outputs@@9@9 0000000180026968     m_FztNqarQ80TA694cfZ23r.obj
 0002:00000970       ?iv93@?1??cgxe_mdl_outputs@@9@9 0000000180026970     m_FztNqarQ80TA694cfZ23r.obj
 0002:00000978       ?iv9@?1??DigitalUpConverter_filterWithFirstStage@@9@9 0000000180026978     m_FztNqarQ80TA694cfZ23r.obj
 0002:00000980       ?iv94@?1??cgxe_mdl_outputs@@9@9 0000000180026980     m_FztNqarQ80TA694cfZ23r.obj
 0002:00000988       ?iv10@?1??DigitalUpConverter_filterWithFirstStage@@9@9 0000000180026988     m_FztNqarQ80TA694cfZ23r.obj
 0002:00000990       ?iv95@?1??cgxe_mdl_outputs@@9@9 0000000180026990     m_FztNqarQ80TA694cfZ23r.obj
 0002:00000998       ?iv96@?1??cgxe_mdl_outputs@@9@9 0000000180026998     m_FztNqarQ80TA694cfZ23r.obj
 0002:000009a0       ?iv11@?1??DigitalUpConverter_filterWithFirstStage@@9@9 00000001800269a0     m_FztNqarQ80TA694cfZ23r.obj
 0002:000009a8       ?iv97@?1??cgxe_mdl_outputs@@9@9 00000001800269a8     m_FztNqarQ80TA694cfZ23r.obj
 0002:000009b0       ?iv98@?1??cgxe_mdl_outputs@@9@9 00000001800269b0     m_FztNqarQ80TA694cfZ23r.obj
 0002:000009b8       ?iv99@?1??cgxe_mdl_outputs@@9@9 00000001800269b8     m_FztNqarQ80TA694cfZ23r.obj
 0002:000009c0       ?iv100@?1??cgxe_mdl_outputs@@9@9 00000001800269c0     m_FztNqarQ80TA694cfZ23r.obj
 0002:000009c8       ?iv101@?1??cgxe_mdl_outputs@@9@9 00000001800269c8     m_FztNqarQ80TA694cfZ23r.obj
 0002:000009d0       ?iv102@?1??cgxe_mdl_outputs@@9@9 00000001800269d0     m_FztNqarQ80TA694cfZ23r.obj
 0002:000009d8       ?iv103@?1??cgxe_mdl_outputs@@9@9 00000001800269d8     m_FztNqarQ80TA694cfZ23r.obj
 0002:000009e0       ?iv104@?1??cgxe_mdl_outputs@@9@9 00000001800269e0     m_FztNqarQ80TA694cfZ23r.obj
 0002:000009e8       ?iv105@?1??cgxe_mdl_outputs@@9@9 00000001800269e8     m_FztNqarQ80TA694cfZ23r.obj
 0002:000009f0       ?iv106@?1??cgxe_mdl_outputs@@9@9 00000001800269f0     m_FztNqarQ80TA694cfZ23r.obj
 0002:000009f8       ?iv107@?1??cgxe_mdl_outputs@@9@9 00000001800269f8     m_FztNqarQ80TA694cfZ23r.obj
 0002:00000a00       ?iv108@?1??cgxe_mdl_outputs@@9@9 0000000180026a00     m_FztNqarQ80TA694cfZ23r.obj
 0002:00000a08       ?iv12@?1??SystemCore_step@@9@9 0000000180026a08     m_FztNqarQ80TA694cfZ23r.obj
 0002:00000a10       ?iv109@?1??cgxe_mdl_outputs@@9@9 0000000180026a10     m_FztNqarQ80TA694cfZ23r.obj
 0002:00000a18       ?iv110@?1??cgxe_mdl_outputs@@9@9 0000000180026a18     m_FztNqarQ80TA694cfZ23r.obj
 0002:00000a20       ?iv13@?1??SystemCore_step@@9@9 0000000180026a20     m_FztNqarQ80TA694cfZ23r.obj
 0002:00000a28       ?iv111@?1??cgxe_mdl_outputs@@9@9 0000000180026a28     m_FztNqarQ80TA694cfZ23r.obj
 0002:00000a30       ?iv14@?1??SystemCore_step@@9@9 0000000180026a30     m_FztNqarQ80TA694cfZ23r.obj
 0002:00000a38       ?iv15@?1??SystemCore_step@@9@9 0000000180026a38     m_FztNqarQ80TA694cfZ23r.obj
 0002:00000a40       ?iv113@?1??cgxe_mdl_outputs@@9@9 0000000180026a40     m_FztNqarQ80TA694cfZ23r.obj
 0002:00000a48       ?iv114@?1??cgxe_mdl_outputs@@9@9 0000000180026a48     m_FztNqarQ80TA694cfZ23r.obj
 0002:00000a50       ?iv115@?1??cgxe_mdl_outputs@@9@9 0000000180026a50     m_FztNqarQ80TA694cfZ23r.obj
 0002:00000a58       ?iv116@?1??cgxe_mdl_outputs@@9@9 0000000180026a58     m_FztNqarQ80TA694cfZ23r.obj
 0002:00000a60       ?iv117@?1??cgxe_mdl_outputs@@9@9 0000000180026a60     m_FztNqarQ80TA694cfZ23r.obj
 0002:00000a68       ?iv118@?1??cgxe_mdl_outputs@@9@9 0000000180026a68     m_FztNqarQ80TA694cfZ23r.obj
 0002:00000a70       ?iv119@?1??cgxe_mdl_outputs@@9@9 0000000180026a70     m_FztNqarQ80TA694cfZ23r.obj
 0002:00000a78       ?iv120@?1??cgxe_mdl_outputs@@9@9 0000000180026a78     m_FztNqarQ80TA694cfZ23r.obj
 0002:00000a80       ?iv121@?1??cgxe_mdl_outputs@@9@9 0000000180026a80     m_FztNqarQ80TA694cfZ23r.obj
 0002:00000a88       ?iv122@?1??cgxe_mdl_outputs@@9@9 0000000180026a88     m_FztNqarQ80TA694cfZ23r.obj
 0002:00000a90       ?iv123@?1??cgxe_mdl_outputs@@9@9 0000000180026a90     m_FztNqarQ80TA694cfZ23r.obj
 0002:00000a98       ?iv124@?1??cgxe_mdl_outputs@@9@9 0000000180026a98     m_FztNqarQ80TA694cfZ23r.obj
 0002:00000aa0       ?iv125@?1??cgxe_mdl_outputs@@9@9 0000000180026aa0     m_FztNqarQ80TA694cfZ23r.obj
 0002:00000aa8       ?iv126@?1??cgxe_mdl_outputs@@9@9 0000000180026aa8     m_FztNqarQ80TA694cfZ23r.obj
 0002:00000ab0       ?iv127@?1??cgxe_mdl_outputs@@9@9 0000000180026ab0     m_FztNqarQ80TA694cfZ23r.obj
 0002:00000ab8       ?iv16@?1??b_SystemCore_step@@9@9 0000000180026ab8     m_FztNqarQ80TA694cfZ23r.obj
 0002:00000ac0       ?iv17@?1??b_SystemCore_step@@9@9 0000000180026ac0     m_FztNqarQ80TA694cfZ23r.obj
 0002:00000ac8       ?iv18@?1??b_SystemCore_step@@9@9 0000000180026ac8     m_FztNqarQ80TA694cfZ23r.obj
 0002:00000ad0       ?iv19@?1??b_SystemCore_step@@9@9 0000000180026ad0     m_FztNqarQ80TA694cfZ23r.obj
 0002:00000ad8       ?iv20@?1??c_SystemCore_step@@9@9 0000000180026ad8     m_FztNqarQ80TA694cfZ23r.obj
 0002:00000ae0       ?iv21@?1??c_SystemCore_step@@9@9 0000000180026ae0     m_FztNqarQ80TA694cfZ23r.obj
 0002:00000ae8       ?iv22@?1??c_SystemCore_step@@9@9 0000000180026ae8     m_FztNqarQ80TA694cfZ23r.obj
[...]
 0004:00000060       $pdata$message             000000018002f060     m_5ndm3t6eGrpAcmOsRijoGB.obj
 0004:0000006c       $pdata$error               000000018002f06c     m_5ndm3t6eGrpAcmOsRijoGB.obj
 0004:00000078       $pdata$b_message           000000018002f078     m_5ndm3t6eGrpAcmOsRijoGB.obj
 0004:00000084       $pdata$init_simulink_io_address 000000018002f084     m_5ndm3t6eGrpAcmOsRijoGB.obj
 0004:00000090       $pdata$mdlOutputs_5ndm3t6eGrpAcmOsRijoGB 000000018002f090     m_5ndm3t6eGrpAcmOsRijoGB.obj
 0004:0000009c       $pdata$mdlInitialize_5ndm3t6eGrpAcmOsRijoGB 000000018002f09c     m_5ndm3t6eGrpAcmOsRijoGB.obj
 0004:000000a8       $pdata$mdlUpdate_5ndm3t6eGrpAcmOsRijoGB 000000018002f0a8     m_5ndm3t6eGrpAcmOsRijoGB.obj
 0004:000000b4       $pdata$mdlTerminate_5ndm3t6eGrpAcmOsRijoGB 000000018002f0b4     m_5ndm3t6eGrpAcmOsRijoGB.obj
 0004:000000c0       $pdata$mdlStart_5ndm3t6eGrpAcmOsRijoGB 000000018002f0c0     m_5ndm3t6eGrpAcmOsRijoGB.obj
 0004:000000cc       $pdata$cgxe_5ndm3t6eGrpAcmOsRijoGB_BuildInfoUpdate 000000018002f0cc     m_5ndm3t6eGrpAcmOsRijoGB.obj
 0004:000000d8       $pdata$method_dispatcher_SY2m30lpuXg1s83zafIs8 000000018002f0d8     m_SY2m30lpuXg1s83zafIs8.obj
 0004:000000e4       $pdata$SystemCore_release  000000018002f0e4     m_SY2m30lpuXg1s83zafIs8.obj
 0004:000000f0       $pdata$SystemCore_validateProperties 000000018002f0f0     m_SY2m30lpuXg1s83zafIs8.obj
 0004:000000fc       $pdata$DigitalDownConverter_stepImpl 000000018002f0fc     m_SY2m30lpuXg1s83zafIs8.obj
 0004:00000108       $pdata$DigitalDownConverter_getOscillatorSignalFromObject 000000018002f108     m_SY2m30lpuXg1s83zafIs8.obj
 0004:00000114       $pdata$DigitalDownConverter_mixer 000000018002f114     m_SY2m30lpuXg1s83zafIs8.obj
 0004:00000120       $pdata$SystemCore_step     000000018002f120     m_SY2m30lpuXg1s83zafIs8.obj
 0004:0000012c       $pdata$b_SystemCore_step   000000018002f12c     m_SY2m30lpuXg1s83zafIs8.obj
 0004:00000138       $pdata$DigitalDownConverter_filterWithThirdStage 000000018002f138     m_SY2m30lpuXg1s83zafIs8.obj
 0004:00000144       $pdata$cgxe_mdl_start      000000018002f144     m_SY2m30lpuXg1s83zafIs8.obj
 0004:00000150       $pdata$cgxe_mdl_initialize 000000018002f150     m_SY2m30lpuXg1s83zafIs8.obj
 0004:0000015c       $pdata$cgxe_mdl_outputs    000000018002f15c     m_SY2m30lpuXg1s83zafIs8.obj
 0004:00000168       $pdata$cgxe_mdl_terminate  000000018002f168     m_SY2m30lpuXg1s83zafIs8.obj
 0004:00000174       $pdata$message             000000018002f174     m_SY2m30lpuXg1s83zafIs8.obj
 0004:00000180       $pdata$error               000000018002f180     m_SY2m30lpuXg1s83zafIs8.obj
 0004:0000018c       $pdata$b_message           000000018002f18c     m_SY2m30lpuXg1s83zafIs8.obj
 0004:00000198       $pdata$c_message           000000018002f198     m_SY2m30lpuXg1s83zafIs8.obj
 0004:000001a4       $pdata$init_simulink_io_address 000000018002f1a4     m_SY2m30lpuXg1s83zafIs8.obj
 0004:000001b0       $pdata$mdlOutputs_SY2m30lpuXg1s83zafIs8 000000018002f1b0     m_SY2m30lpuXg1s83zafIs8.obj
 0004:000001bc       $pdata$mdlInitialize_SY2m30lpuXg1s83zafIs8 000000018002f1bc     m_SY2m30lpuXg1s83zafIs8.obj
 0004:000001c8       $pdata$mdlUpdate_SY2m30lpuXg1s83zafIs8 000000018002f1c8     m_SY2m30lpuXg1s83zafIs8.obj
 0004:000001d4       $pdata$mdlTerminate_SY2m30lpuXg1s83zafIs8 000000018002f1d4     m_SY2m30lpuXg1s83zafIs8.obj
 0004:000001e0       $pdata$mdlStart_SY2m30lpuXg1s83zafIs8 000000018002f1e0     m_SY2m30lpuXg1s83zafIs8.obj
 0004:000001ec       $pdata$cgxe_SY2m30lpuXg1s83zafIs8_BuildInfoUpdate 000000018002f1ec     m_SY2m30lpuXg1s83zafIs8.obj
 0004:000001f8       $pdata$method_dispatcher_FztNqarQ80TA694cfZ23r 000000018002f1f8     m_FztNqarQ80TA694cfZ23r.obj
 0004:00000204       $pdata$SystemCore_release  000000018002f204     m_FztNqarQ80TA694cfZ23r.obj
 0004:00000210       $pdata$DigitalUpConverter_stepImpl 000000018002f210     m_FztNqarQ80TA694cfZ23r.obj
 0004:0000021c       $pdata$DigitalUpConverter_filterWithFirstStage 000000018002f21c     m_FztNqarQ80TA694cfZ23r.obj
 0004:00000228       $pdata$SystemCore_step     000000018002f228     m_FztNqarQ80TA694cfZ23r.obj
 0004:00000234       $pdata$b_SystemCore_step   000000018002f234     m_FztNqarQ80TA694cfZ23r.obj
 0004:00000240       $pdata$c_SystemCore_step   000000018002f240     m_FztNqarQ80TA694cfZ23r.obj
 0004:0000024c       $pdata$cgxe_mdl_start      000000018002f24c     m_FztNqarQ80TA694cfZ23r.obj
 0004:00000258       $pdata$cgxe_mdl_initialize 000000018002f258     m_FztNqarQ80TA694cfZ23r.obj
 0004:00000264       $pdata$cgxe_mdl_outputs    000000018002f264     m_FztNqarQ80TA694cfZ23r.obj
 0004:00000270       $pdata$cgxe_mdl_terminate  000000018002f270     m_FztNqarQ80TA694cfZ23r.obj
 0004:0000027c       $pdata$message             000000018002f27c     m_FztNqarQ80TA694cfZ23r.obj
 0004:00000288       $pdata$error               000000018002f288     m_FztNqarQ80TA694cfZ23r.obj
 0004:00000294       $pdata$b_message           000000018002f294     m_FztNqarQ80TA694cfZ23r.obj
 0004:000002a0       $pdata$c_message           000000018002f2a0     m_FztNqarQ80TA694cfZ23r.obj
 0004:000002ac       $pdata$init_simulink_io_address 000000018002f2ac     m_FztNqarQ80TA694cfZ23r.obj
 0004:000002b8       $pdata$mdlOutputs_FztNqarQ80TA694cfZ23r 000000018002f2b8     m_FztNqarQ80TA694cfZ23r.obj
 0004:000002c4       $pdata$mdlInitialize_FztNqarQ80TA694cfZ23r 000000018002f2c4     m_FztNqarQ80TA694cfZ23r.obj
 0004:000002d0       $pdata$mdlUpdate_FztNqarQ80TA694cfZ23r 000000018002f2d0     m_FztNqarQ80TA694cfZ23r.obj
 0004:000002dc       $pdata$mdlTerminate_FztNqarQ80TA694cfZ23r 000000018002f2dc     m_FztNqarQ80TA694cfZ23r.obj
 0004:000002e8       $pdata$mdlStart_FztNqarQ80TA694cfZ23r 000000018002f2e8     m_FztNqarQ80TA694cfZ23r.obj
 0004:000002f4       $pdata$cgxe_FztNqarQ80TA694cfZ23r_BuildInfoUpdate 000000018002f2f4     m_FztNqarQ80TA694cfZ23r.obj
 0004:00000300       $pdata$method_dispatcher_y5kHx03bfD5aWnMIivTskD 000000018002f300     m_y5kHx03bfD5aWnMIivTskD.obj
 0004:0000030c       $pdata$SampleRateConverter_stepImpl 000000018002f30c     m_y5kHx03bfD5aWnMIivTskD.obj
 0004:00000318       $pdata$SystemCore_step     000000018002f318     m_y5kHx03bfD5aWnMIivTskD.obj
 0004:00000324       $pdata$cgxe_mdl_start      000000018002f324     m_y5kHx03bfD5aWnMIivTskD.obj
 0004:00000330       $pdata$cgxe_mdl_initialize 000000018002f330     m_y5kHx03bfD5aWnMIivTskD.obj
 0004:0000033c       $pdata$cgxe_mdl_outputs    000000018002f33c     m_y5kHx03bfD5aWnMIivTskD.obj
 0004:00000348       $pdata$cgxe_mdl_terminate  000000018002f348     m_y5kHx03bfD5aWnMIivTskD.obj
 0004:00000354       $pdata$message             000000018002f354     m_y5kHx03bfD5aWnMIivTskD.obj
 0004:00000360       $pdata$error               000000018002f360     m_y5kHx03bfD5aWnMIivTskD.obj
 0004:0000036c       $pdata$b_message           000000018002f36c     m_y5kHx03bfD5aWnMIivTskD.obj
 0004:00000378       $pdata$init_simulink_io_address 000000018002f378     m_y5kHx03bfD5aWnMIivTskD.obj
 0004:00000384       $pdata$mdlOutputs_y5kHx03bfD5aWnMIivTskD 000000018002f384     m_y5kHx03bfD5aWnMIivTskD.obj
 0004:00000390       $pdata$mdlInitialize_y5kHx03bfD5aWnMIivTskD 000000018002f390     m_y5kHx03bfD5aWnMIivTskD.obj
 0004:0000039c       $pdata$mdlUpdate_y5kHx03bfD5aWnMIivTskD 000000018002f39c     m_y5kHx03bfD5aWnMIivTskD.obj
 0004:000003a8       $pdata$mdlTerminate_y5kHx03bfD5aWnMIivTskD 000000018002f3a8     m_y5kHx03bfD5aWnMIivTskD.obj
 0004:000003b4       $pdata$mdlStart_y5kHx03bfD5aWnMIivTskD 000000018002f3b4     m_y5kHx03bfD5aWnMIivTskD.obj
 0004:000003c0       $pdata$cgxe_y5kHx03bfD5aWnMIivTskD_BuildInfoUpdate 000000018002f3c0     m_y5kHx03bfD5aWnMIivTskD.obj
 0004:000003cc       $pdata$mexFunction         000000018002f3cc     familyRadioServiceExample_cgxe_registry.obj
 0004:000003d8       $pdata$_ssSetInputPortDirectFeedThroughFcn 000000018002f3d8     familyRadioServiceExample_cgxe_registry.obj
 0004:000003e4       $pdata$_ssGetInputPortSignalPtrsFcn 000000018002f3e4     familyRadioServiceExample_cgxe_registry.obj
 0004:000003f0       $pdata$_ssGetInputPortSignalFcn 000000018002f3f0     familyRadioServiceExample_cgxe_registry.obj
 0004:000003fc       $pdata$_ssSetInputPortReusableFcn 000000018002f3fc     familyRadioServiceExample_cgxe_registry.obj
 0004:00000408       $pdata$_ssSetOutputPortReusableFcn 000000018002f408     familyRadioServiceExample_cgxe_registry.obj
 0004:00000414       $pdata$_ssSetSymbolicDimsSupport 000000018002f414     familyRadioServiceExample_cgxe_registry.obj
 0004:00000420       $pdata$_ssRegisterSymbolicDimsExpr 000000018002f420     familyRadioServiceExample_cgxe_registry.obj
 0004:0000042c       $pdata$_ssRegisterSymbolicDims 000000018002f42c     familyRadioServiceExample_cgxe_registry.obj
 0004:00000438       $pdata$_ssRegisterSymbolicDimsString 000000018002f438     familyRadioServiceExample_cgxe_registry.obj
 0004:00000444       $pdata$_ssRegisterSymbolicDimsIntValue 000000018002f444     familyRadioServiceExample_cgxe_registry.obj
 0004:00000450       $pdata$_ssRegisterSymbolicDimsPlus 000000018002f450     familyRadioServiceExample_cgxe_registry.obj
 0004:0000045c       $pdata$_ssRegisterSymbolicDimsMinus 000000018002f45c     familyRadioServiceExample_cgxe_registry.obj
 0004:00000468       $pdata$_ssRegisterSymbolicDimsMultiply 000000018002f468     familyRadioServiceExample_cgxe_registry.obj
 0004:00000474       $pdata$_ssRegisterSymbolicDimsDivide 000000018002f474     familyRadioServiceExample_cgxe_registry.obj
 0004:00000480       $pdata$_ssGetNumSymbolicDims 000000018002f480     familyRadioServiceExample_cgxe_registry.obj
 0004:0000048c       $pdata$_ssGetSymbolicDim   000000018002f48c     familyRadioServiceExample_cgxe_registry.obj
 0004:00000498       $pdata$_ssSetInputPortSymbolicDimsId 000000018002f498     familyRadioServiceExample_cgxe_registry.obj
 0004:000004a4       $pdata$_ssGetCompInputPortSymbolicDimsId 000000018002f4a4     familyRadioServiceExample_cgxe_registry.obj
 0004:000004b0       $pdata$_ssSetCompInputPortSymbolicDimsId 000000018002f4b0     familyRadioServiceExample_cgxe_registry.obj
 0004:000004bc       $pdata$_ssSetOutputPortSymbolicDimsId 000000018002f4bc     familyRadioServiceExample_cgxe_registry.obj
 0004:000004c8       $pdata$_ssGetCompOutputPortSymbolicDimsId 000000018002f4c8     familyRadioServiceExample_cgxe_registry.obj
 0004:000004d4       $pdata$_ssSetCompOutputPortSymbolicDimsId 000000018002f4d4     familyRadioServiceExample_cgxe_registry.obj
 0004:000004e0       $pdata$_ssSetCompDWorkSymbolicDimsId 000000018002f4e0     familyRadioServiceExample_cgxe_registry.obj
 0004:000004ec       $pdata$ssGetIsZeroCrossControlDisabled 000000018002f4ec     familyRadioServiceExample_cgxe_registry.obj
 0004:000004f8       $pdata$ssSetIsInputPortUsedForContZcSignal 000000018002f4f8     familyRadioServiceExample_cgxe_registry.obj
 0004:00000504       $pdata$ssSetZcSignalIsZcElementDisc 000000018002f504     familyRadioServiceExample_cgxe_registry.obj
 0004:00000510       $pdata$ssSetZcSignalName   000000018002f510     familyRadioServiceExample_cgxe_registry.obj
 0004:0000051c       $pdata$ssSetZcSignalWidth  000000018002f51c     familyRadioServiceExample_cgxe_registry.obj
 0004:00000528       $pdata$ssSetZcSignalZcEventType 000000018002f528     familyRadioServiceExample_cgxe_registry.obj
 0004:00000534       $pdata$ssSetZcSignalType   000000018002f534     familyRadioServiceExample_cgxe_registry.obj
 0004:00000540       $pdata$ssSetZcSignalZcTol  000000018002f540     familyRadioServiceExample_cgxe_registry.obj
 0004:0000054c       $pdata$ssSetZcSignalNeedsEventNotification 000000018002f54c     familyRadioServiceExample_cgxe_registry.obj
 0004:00000558       $pdata$ssCreateAndAddZcSignalInfo 000000018002f558     familyRadioServiceExample_cgxe_registry.obj
 0004:00000564       $pdata$ssCloneAndAddZcSignalInfo 000000018002f564     familyRadioServiceExample_cgxe_registry.obj
 0004:00000570       $pdata$ssGetNumZcSignals   000000018002f570     familyRadioServiceExample_cgxe_registry.obj
 0004:0000057c       $pdata$ssGetZcSignalVector 000000018002f57c     familyRadioServiceExample_cgxe_registry.obj
 0004:00000588       $pdata$ssGetZcSignalName   000000018002f588     familyRadioServiceExample_cgxe_registry.obj
 0004:00000594       $pdata$ssGetZcSignalWidth  000000018002f594     familyRadioServiceExample_cgxe_registry.obj
 0004:000005a0       $pdata$ssGetZcSignalZcEventType 000000018002f5a0     familyRadioServiceExample_cgxe_registry.obj
 0004:000005ac       $pdata$ssGetZcSignalZcEvents 000000018002f5ac     familyRadioServiceExample_cgxe_registry.obj
 0004:000005b8       $pdata$ssGetZcSignalType   000000018002f5b8     familyRadioServiceExample_cgxe_registry.obj
 0004:000005c4       $pdata$ssGetZcSignalZcTol  000000018002f5c4     familyRadioServiceExample_cgxe_registry.obj
 0004:000005d0       $pdata$ssGetZcSignalNeedsEventNotification 000000018002f5d0     familyRadioServiceExample_cgxe_registry.obj
 0004:000005dc       $pdata$ssGetZcSignalIsZcElementDisc 000000018002f5dc     familyRadioServiceExample_cgxe_registry.obj
 0004:000005e8       $pdata$ssGetIsInputPortElementContinuous 000000018002f5e8     familyRadioServiceExample_cgxe_registry.obj
 0004:000005f4       $pdata$ssGetDTypeIdFromMxArray 000000018002f5f4     familyRadioServiceExample_cgxe_registry.obj
 0004:00000600       $pdata$ssWriteRTWStr       000000018002f600     familyRadioServiceExample_cgxe_registry.obj
 0004:0000060c       $pdata$ssWriteRTWNameValuePair 000000018002f60c     familyRadioServiceExample_cgxe_registry.obj
 0004:00000618       $pdata$ssWriteRTWParamSettings 000000018002f618     familyRadioServiceExample_cgxe_registry.obj
 0004:00000624       $pdata$ssWriteRTWParameters 000000018002f624     familyRadioServiceExample_cgxe_registry.obj
 0004:00000630       $pdata$ssWriteRTWWorkVect  000000018002f630     familyRadioServiceExample_cgxe_registry.obj
 0004:0000063c       $pdata$ssWriteRTWMxVectParam 000000018002f63c     familyRadioServiceExample_cgxe_registry.obj
 0004:00000648       $pdata$ssWriteRTWMx2dMatParam 000000018002f648     familyRadioServiceExample_cgxe_registry.obj
 0004:00000654       $pdata$_ssSetInputPortMatrixDimensions 000000018002f654     familyRadioServiceExample_cgxe_registry.obj
 0004:00000660       $pdata$_ssSetOutputPortMatrixDimensions 000000018002f660     familyRadioServiceExample_cgxe_registry.obj
 0004:0000066c       $pdata$_ssSetInputPortVectorDimension 000000018002f66c     familyRadioServiceExample_cgxe_registry.obj
 0004:00000678       $pdata$_ssSetOutputPortVectorDimension 000000018002f678     familyRadioServiceExample_cgxe_registry.obj
 0004:00000684       $pdata$ssIsRunTimeParamTunable 000000018002f684     familyRadioServiceExample_cgxe_registry.obj
 0004:00000690       $pdata$ssGetSFuncBlockHandle 000000018002f690     familyRadioServiceExample_cgxe_registry.obj
 0004:0000069c       $pdata$_ssGetCurrentInputPortWidth 000000018002f69c     familyRadioServiceExample_cgxe_registry.obj
 0004:000006a8       $pdata$_ssGetCurrentOutputPortWidth 000000018002f6a8     familyRadioServiceExample_cgxe_registry.obj
 0004:000006b4       $pdata$_ssGetCallSystemNumFcnCallDestinations 000000018002f6b4     familyRadioServiceExample_cgxe_registry.obj
 0004:000006c0       $pdata$ssGetParameterTuningCompliance 000000018002f6c0     familyRadioServiceExample_cgxe_registry.obj
 0004:000006cc       $pdata$ssWarning           000000018002f6cc     familyRadioServiceExample_cgxe_registry.obj
 0004:000006d8       $pdata$_ssGetAbsTol        000000018002f6d8     familyRadioServiceExample_cgxe_registry.obj
 0004:000006e4       $pdata$mdlStart            000000018002f6e4     familyRadioServiceExample_cgxe_registry.obj
 0004:000006f0       $pdata$mdlInitializeConditions 000000018002f6f0     familyRadioServiceExample_cgxe_registry.obj
 0004:000006fc       $pdata$mdlUpdate           000000018002f6fc     familyRadioServiceExample_cgxe_registry.obj
 0004:00000708       $pdata$mdlOutputs          000000018002f708     familyRadioServiceExample_cgxe_registry.obj
 0004:00000714       $pdata$mdlTerminate        000000018002f714     familyRadioServiceExample_cgxe_registry.obj
 0004:00000720       $pdata$cgxe_get_supported_modules 000000018002f720     familyRadioServiceExample_cgxe_registry.obj
 0004:0000072c       $pdata$cgxe_process_get_checksums 000000018002f72c     familyRadioServiceExample_cgxe_registry.obj
 0004:00000738       $pdata$cgxe_mex_unlock_call 000000018002f738     familyRadioServiceExample_cgxe_registry.obj
 0004:00000744       $pdata$cgxe_unpack_simstruct 000000018002f744     familyRadioServiceExample_cgxe_registry.obj
 0004:00000750       $pdata$cgxe_get_sim_state  000000018002f750     familyRadioServiceExample_cgxe_registry.obj
 0004:0000075c       $pdata$cgxe_set_sim_state  000000018002f75c     familyRadioServiceExample_cgxe_registry.obj
 0004:00000768       $pdata$cgxe_get_BuildInfoUpdate 000000018002f768     familyRadioServiceExample_cgxe_registry.obj
 0004:00000774       $pdata$ProcessMexSfunctionCmdLineCall 000000018002f774     familyRadioServiceExample_cgxe_registry.obj
 0004:00000780       $pdata$_RegNumInputPortsCB 000000018002f780     familyRadioServiceExample_cgxe_registry.obj
 0004:0000078c       $pdata$_RegNumOutputPortsCB 000000018002f78c     familyRadioServiceExample_cgxe_registry.obj
 0004:00000798       $pdata$_CreateSimStruct    000000018002f798     familyRadioServiceExample_cgxe_registry.obj
 0004:000007a4       $pdata$_ssFatalError       000000018002f7a4     familyRadioServiceExample_cgxe_registry.obj
 0004:000007b0       $pdata$_ProcessMexSfunctionCmdLineCall 000000018002f7b0     familyRadioServiceExample_cgxe_registry.obj
 0004:000007bc       $pdata$__GSHandlerCheck    000000018002f7bc     MSVCRT:gshandler.obj
 0004:000007c8       $pdata$__GSHandlerCheckCommon 000000018002f7c8     MSVCRT:gshandler.obj
 0004:000007ec       $pdata$__raise_securityfailure 000000018002f7ec     MSVCRT:gs_report.obj
 0004:000007f8       $pdata$__report_gsfailure  000000018002f7f8     MSVCRT:gs_report.obj
 0004:00000804       $pdata$__report_rangecheckfailure 000000018002f804     MSVCRT:gs_report.obj
 0004:00000810       $pdata$__report_securityfailure 000000018002f810     MSVCRT:gs_report.obj
 0004:0000081c       $pdata$__report_securityfailureEx 000000018002f81c     MSVCRT:gs_report.obj
 0004:00000828       $pdata$pre_c_init          000000018002f828     MSVCRT:crtdll.obj
 0004:00000834       $pdata$_CRT_INIT           000000018002f834     MSVCRT:crtdll.obj
 0004:00000840       $pdata$_DllMainCRTStartup  000000018002f840     MSVCRT:crtdll.obj
 0004:0000084c       $pdata$__DllMainCRTStartup 000000018002f84c     MSVCRT:crtdll.obj
 0004:00000858       $pdata$_IsNonwritableInCurrentImage 000000018002f858     MSVCRT:pesect.obj
 0004:00000864       $pdata$__atonexitinit      000000018002f864     MSVCRT:atonexit.obj
 0004:00000870       $pdata$_onexit             000000018002f870     MSVCRT:atonexit.obj
 0004:0000087c       $pdata$atexit              000000018002f87c     MSVCRT:atonexit.obj
 0004:00000888       $pdata$__security_init_cookie 000000018002f888     MSVCRT:gs_support.obj
 0004:00000894       $pdata$DllMain             000000018002f894     MSVCRT:dllmain.obj
 0004:000008a0       $pdata$_RTC_Initialize     000000018002f8a0     MSVCRT:initsect.obj
 0004:000008ac       $pdata$_RTC_Terminate      000000018002f8ac     MSVCRT:initsect.obj
 0004:000008b8       $pdata$__DllMainCRTStartup$filt$0 000000018002f8b8     MSVCRT:crtdll.obj
 0004:000008c4       $pdata$__DllMainCRTStartup$fin$1 000000018002f8c4     MSVCRT:crtdll.obj
 0004:000008d0       $pdata$_IsNonwritableInCurrentImage$filt$0 000000018002f8d0     MSVCRT:pesect.obj
 0004:000008dc       $pdata$_onexit$fin$0       000000018002f8dc     MSVCRT:atonexit.obj
